Archive member included to satisfy reference by file (symbol)

c:/st/stm32cubeide_1.7.0/stm32cubeide/plugins/com.st.stm32cube.ide.mcu.externaltools.gnu-tools-for-stm32.9-2020-q2-update.win32_2.0.0.202105311346/tools/bin/../lib/gcc/arm-none-eabi/9.3.1/../../../../arm-none-eabi/lib/thumb/v7-m/nofp\libc_nano.a(lib_a-errno.o)
                              ./Core/Src/syscalls.o (__errno)
c:/st/stm32cubeide_1.7.0/stm32cubeide/plugins/com.st.stm32cube.ide.mcu.externaltools.gnu-tools-for-stm32.9-2020-q2-update.win32_2.0.0.202105311346/tools/bin/../lib/gcc/arm-none-eabi/9.3.1/../../../../arm-none-eabi/lib/thumb/v7-m/nofp\libc_nano.a(lib_a-exit.o)
                              c:/st/stm32cubeide_1.7.0/stm32cubeide/plugins/com.st.stm32cube.ide.mcu.externaltools.gnu-tools-for-stm32.9-2020-q2-update.win32_2.0.0.202105311346/tools/bin/../lib/gcc/arm-none-eabi/9.3.1/../../../../arm-none-eabi/lib/thumb/v7-m/nofp/crt0.o (exit)
c:/st/stm32cubeide_1.7.0/stm32cubeide/plugins/com.st.stm32cube.ide.mcu.externaltools.gnu-tools-for-stm32.9-2020-q2-update.win32_2.0.0.202105311346/tools/bin/../lib/gcc/arm-none-eabi/9.3.1/../../../../arm-none-eabi/lib/thumb/v7-m/nofp\libc_nano.a(lib_a-impure.o)
                              c:/st/stm32cubeide_1.7.0/stm32cubeide/plugins/com.st.stm32cube.ide.mcu.externaltools.gnu-tools-for-stm32.9-2020-q2-update.win32_2.0.0.202105311346/tools/bin/../lib/gcc/arm-none-eabi/9.3.1/../../../../arm-none-eabi/lib/thumb/v7-m/nofp\libc_nano.a(lib_a-exit.o) (_global_impure_ptr)
c:/st/stm32cubeide_1.7.0/stm32cubeide/plugins/com.st.stm32cube.ide.mcu.externaltools.gnu-tools-for-stm32.9-2020-q2-update.win32_2.0.0.202105311346/tools/bin/../lib/gcc/arm-none-eabi/9.3.1/../../../../arm-none-eabi/lib/thumb/v7-m/nofp\libc_nano.a(lib_a-init.o)
                              c:/st/stm32cubeide_1.7.0/stm32cubeide/plugins/com.st.stm32cube.ide.mcu.externaltools.gnu-tools-for-stm32.9-2020-q2-update.win32_2.0.0.202105311346/tools/bin/../lib/gcc/arm-none-eabi/9.3.1/../../../../arm-none-eabi/lib/thumb/v7-m/nofp/crt0.o (__libc_init_array)
c:/st/stm32cubeide_1.7.0/stm32cubeide/plugins/com.st.stm32cube.ide.mcu.externaltools.gnu-tools-for-stm32.9-2020-q2-update.win32_2.0.0.202105311346/tools/bin/../lib/gcc/arm-none-eabi/9.3.1/../../../../arm-none-eabi/lib/thumb/v7-m/nofp\libc_nano.a(lib_a-memcmp.o)
                              ./Core/Src/main.o (memcmp)
c:/st/stm32cubeide_1.7.0/stm32cubeide/plugins/com.st.stm32cube.ide.mcu.externaltools.gnu-tools-for-stm32.9-2020-q2-update.win32_2.0.0.202105311346/tools/bin/../lib/gcc/arm-none-eabi/9.3.1/../../../../arm-none-eabi/lib/thumb/v7-m/nofp\libc_nano.a(lib_a-memset.o)
                              c:/st/stm32cubeide_1.7.0/stm32cubeide/plugins/com.st.stm32cube.ide.mcu.externaltools.gnu-tools-for-stm32.9-2020-q2-update.win32_2.0.0.202105311346/tools/bin/../lib/gcc/arm-none-eabi/9.3.1/../../../../arm-none-eabi/lib/thumb/v7-m/nofp/crt0.o (memset)
c:/st/stm32cubeide_1.7.0/stm32cubeide/plugins/com.st.stm32cube.ide.mcu.externaltools.gnu-tools-for-stm32.9-2020-q2-update.win32_2.0.0.202105311346/tools/bin/../lib/gcc/arm-none-eabi/9.3.1/../../../../arm-none-eabi/lib/thumb/v7-m/nofp\libc_nano.a(lib_a-strlen.o)
                              ./Core/Src/main.o (strlen)

Allocating common symbols
Common symbol       size              file

fre_clust           0x4               ./Core/Src/main.o
USERPath            0x4               ./FATFS/App/fatfs.o
UartBuf             0xa               ./Core/Src/main.o
fs                  0x230             ./Core/Src/main.o
ptr                 0x4               ./Core/Src/main.o
uwTick              0x4               ./Drivers/STM32F1xx_HAL_Driver/Src/stm32f1xx_hal.o
br                  0x4               ./Core/Src/main.o
pFlash              0x20              ./Drivers/STM32F1xx_HAL_Driver/Src/stm32f1xx_hal_flash.o
huart1              0x48              ./Core/Src/main.o
buffer              0x400             ./Core/Src/main.o
retUSER             0x1               ./FATFS/App/fatfs.o
bw                  0x4               ./Core/Src/main.o
fresult             0x1               ./Core/Src/main.o
ret                 0x1               ./Core/Src/main.o
fil                 0x22c             ./Core/Src/main.o
USERFile            0x22c             ./FATFS/App/fatfs.o
USERFatFS           0x230             ./FATFS/App/fatfs.o

Discarded input sections

 .text          0x0000000000000000        0x0 c:/st/stm32cubeide_1.7.0/stm32cubeide/plugins/com.st.stm32cube.ide.mcu.externaltools.gnu-tools-for-stm32.9-2020-q2-update.win32_2.0.0.202105311346/tools/bin/../lib/gcc/arm-none-eabi/9.3.1/thumb/v7-m/nofp/crti.o
 .data          0x0000000000000000        0x0 c:/st/stm32cubeide_1.7.0/stm32cubeide/plugins/com.st.stm32cube.ide.mcu.externaltools.gnu-tools-for-stm32.9-2020-q2-update.win32_2.0.0.202105311346/tools/bin/../lib/gcc/arm-none-eabi/9.3.1/thumb/v7-m/nofp/crti.o
[...]
Memory Configuration

Name             Origin             Length             Attributes
RAM              0x0000000020000000 0x0000000000002800 xrw
FLASH            0x0000000008000000 0x0000000000008000 xr
*default*        0x0000000000000000 0xffffffffffffffff

Linker script and memory map

LOAD c:/st/stm32cubeide_1.7.0/stm32cubeide/plugins/com.st.stm32cube.ide.mcu.externaltools.gnu-tools-for-stm32.9-2020-q2-update.win32_2.0.0.202105311346/tools/bin/../lib/gcc/arm-none-eabi/9.3.1/thumb/v7-m/nofp/crti.o
LOAD c:/st/stm32cubeide_1.7.0/stm32cubeide/plugins/com.st.stm32cube.ide.mcu.externaltools.gnu-tools-for-stm32.9-2020-q2-update.win32_2.0.0.202105311346/tools/bin/../lib/gcc/arm-none-eabi/9.3.1/thumb/v7-m/nofp/crtbegin.o
LOAD c:/st/stm32cubeide_1.7.0/stm32cubeide/plugins/com.st.stm32cube.ide.mcu.externaltools.gnu-tools-for-stm32.9-2020-q2-update.win32_2.0.0.202105311346/tools/bin/../lib/gcc/arm-none-eabi/9.3.1/../../../../arm-none-eabi/lib/thumb/v7-m/nofp/crt0.o
LOAD ./Core/Src/main.o
LOAD ./Core/Src/stm32f1xx_hal_msp.o
LOAD ./Core/Src/stm32f1xx_it.o
LOAD ./Core/Src/syscalls.o
LOAD ./Core/Src/sysmem.o
LOAD ./Core/Src/system_stm32f1xx.o
LOAD ./Core/Startup/startup_stm32f103c6tx.o
LOAD ./Drivers/STM32F1xx_HAL_Driver/Src/stm32f1xx_hal.o
LOAD ./Drivers/STM32F1xx_HAL_Driver/Src/stm32f1xx_hal_cortex.o
LOAD ./Drivers/STM32F1xx_HAL_Driver/Src/stm32f1xx_hal_dma.o
LOAD ./Drivers/STM32F1xx_HAL_Driver/Src/stm32f1xx_hal_exti.o
LOAD ./Drivers/STM32F1xx_HAL_Driver/Src/stm32f1xx_hal_flash.o
LOAD ./Drivers/STM32F1xx_HAL_Driver/Src/stm32f1xx_hal_flash_ex.o
LOAD ./Drivers/STM32F1xx_HAL_Driver/Src/stm32f1xx_hal_gpio.o
LOAD ./Drivers/STM32F1xx_HAL_Driver/Src/stm32f1xx_hal_gpio_ex.o
LOAD ./Drivers/STM32F1xx_HAL_Driver/Src/stm32f1xx_hal_pwr.o
LOAD ./Drivers/STM32F1xx_HAL_Driver/Src/stm32f1xx_hal_rcc.o
LOAD ./Drivers/STM32F1xx_HAL_Driver/Src/stm32f1xx_hal_rcc_ex.o
LOAD ./Drivers/STM32F1xx_HAL_Driver/Src/stm32f1xx_hal_tim.o
LOAD ./Drivers/STM32F1xx_HAL_Driver/Src/stm32f1xx_hal_tim_ex.o
LOAD ./Drivers/STM32F1xx_HAL_Driver/Src/stm32f1xx_hal_uart.o
LOAD ./FATFS/App/fatfs.o
LOAD ./FATFS/Target/user_diskio.o
LOAD ./Middlewares/Third_Party/FatFs/src/diskio.o
LOAD ./Middlewares/Third_Party/FatFs/src/ff.o
LOAD ./Middlewares/Third_Party/FatFs/src/ff_gen_drv.o
LOAD ./Middlewares/Third_Party/FatFs/src/option/ccsbcs.o
LOAD ./Middlewares/Third_Party/FatFs/src/option/syscall.o
START GROUP
LOAD c:/st/stm32cubeide_1.7.0/stm32cubeide/plugins/com.st.stm32cube.ide.mcu.externaltools.gnu-tools-for-stm32.9-2020-q2-update.win32_2.0.0.202105311346/tools/bin/../lib/gcc/arm-none-eabi/9.3.1/../../../../arm-none-eabi/lib/thumb/v7-m/nofp\libc_nano.a
LOAD c:/st/stm32cubeide_1.7.0/stm32cubeide/plugins/com.st.stm32cube.ide.mcu.externaltools.gnu-tools-for-stm32.9-2020-q2-update.win32_2.0.0.202105311346/tools/bin/../lib/gcc/arm-none-eabi/9.3.1/../../../../arm-none-eabi/lib/thumb/v7-m/nofp\libm.a
END GROUP
START GROUP
LOAD c:/st/stm32cubeide_1.7.0/stm32cubeide/plugins/com.st.stm32cube.ide.mcu.externaltools.gnu-tools-for-stm32.9-2020-q2-update.win32_2.0.0.202105311346/tools/bin/../lib/gcc/arm-none-eabi/9.3.1/thumb/v7-m/nofp\libgcc.a
LOAD c:/st/stm32cubeide_1.7.0/stm32cubeide/plugins/com.st.stm32cube.ide.mcu.externaltools.gnu-tools-for-stm32.9-2020-q2-update.win32_2.0.0.202105311346/tools/bin/../lib/gcc/arm-none-eabi/9.3.1/../../../../arm-none-eabi/lib/thumb/v7-m/nofp\libc_nano.a
END GROUP
START GROUP
LOAD c:/st/stm32cubeide_1.7.0/stm32cubeide/plugins/com.st.stm32cube.ide.mcu.externaltools.gnu-tools-for-stm32.9-2020-q2-update.win32_2.0.0.202105311346/tools/bin/../lib/gcc/arm-none-eabi/9.3.1/thumb/v7-m/nofp\libgcc.a
LOAD c:/st/stm32cubeide_1.7.0/stm32cubeide/plugins/com.st.stm32cube.ide.mcu.externaltools.gnu-tools-for-stm32.9-2020-q2-update.win32_2.0.0.202105311346/tools/bin/../lib/gcc/arm-none-eabi/9.3.1/../../../../arm-none-eabi/lib/thumb/v7-m/nofp\libc_nano.a
LOAD c:/st/stm32cubeide_1.7.0/stm32cubeide/plugins/com.st.stm32cube.ide.mcu.externaltools.gnu-tools-for-stm32.9-2020-q2-update.win32_2.0.0.202105311346/tools/bin/../lib/gcc/arm-none-eabi/9.3.1/../../../../arm-none-eabi/lib/thumb/v7-m/nofp\libnosys.a
END GROUP
START GROUP
LOAD c:/st/stm32cubeide_1.7.0/stm32cubeide/plugins/com.st.stm32cube.ide.mcu.externaltools.gnu-tools-for-stm32.9-2020-q2-update.win32_2.0.0.202105311346/tools/bin/../lib/gcc/arm-none-eabi/9.3.1/thumb/v7-m/nofp\libgcc.a
LOAD c:/st/stm32cubeide_1.7.0/stm32cubeide/plugins/com.st.stm32cube.ide.mcu.externaltools.gnu-tools-for-stm32.9-2020-q2-update.win32_2.0.0.202105311346/tools/bin/../lib/gcc/arm-none-eabi/9.3.1/../../../../arm-none-eabi/lib/thumb/v7-m/nofp\libc_nano.a
LOAD c:/st/stm32cubeide_1.7.0/stm32cubeide/plugins/com.st.stm32cube.ide.mcu.externaltools.gnu-tools-for-stm32.9-2020-q2-update.win32_2.0.0.202105311346/tools/bin/../lib/gcc/arm-none-eabi/9.3.1/../../../../arm-none-eabi/lib/thumb/v7-m/nofp\libnosys.a
END GROUP
LOAD c:/st/stm32cubeide_1.7.0/stm32cubeide/plugins/com.st.stm32cube.ide.mcu.externaltools.gnu-tools-for-stm32.9-2020-q2-update.win32_2.0.0.202105311346/tools/bin/../lib/gcc/arm-none-eabi/9.3.1/thumb/v7-m/nofp/crtend.o
LOAD c:/st/stm32cubeide_1.7.0/stm32cubeide/plugins/com.st.stm32cube.ide.mcu.externaltools.gnu-tools-for-stm32.9-2020-q2-update.win32_2.0.0.202105311346/tools/bin/../lib/gcc/arm-none-eabi/9.3.1/thumb/v7-m/nofp/crtn.o
                0x0000000020002800                _estack = (ORIGIN (RAM) + LENGTH (RAM))
                0x0000000000000200                _Min_Heap_Size = 0x200
                0x0000000000000400                _Min_Stack_Size = 0x400

.isr_vector     0x0000000008000000      0x10c
                0x0000000008000000                . = ALIGN (0x4)
 *(.isr_vector)
 .isr_vector    0x0000000008000000      0x10c ./Core/Startup/startup_stm32f103c6tx.o
                0x0000000008000000                g_pfnVectors
                0x000000000800010c                . = ALIGN (0x4)

.text           0x000000000800010c     0x5684
                0x000000000800010c                . = ALIGN (0x4)
 *(.text)
 .text          0x000000000800010c       0x40 c:/st/stm32cubeide_1.7.0/stm32cubeide/plugins/com.st.stm32cube.ide.mcu.externaltools.gnu-tools-for-stm32.9-2020-q2-update.win32_2.0.0.202105311346/tools/bin/../lib/gcc/arm-none-eabi/9.3.1/thumb/v7-m/nofp/crtbegin.o
 .text          0x000000000800014c       0x10 c:/st/stm32cubeide_1.7.0/stm32cubeide/plugins/com.st.stm32cube.ide.mcu.externaltools.gnu-tools-for-stm32.9-2020-q2-update.win32_2.0.0.202105311346/tools/bin/../lib/gcc/arm-none-eabi/9.3.1/../../../../arm-none-eabi/lib/thumb/v7-m/nofp\libc_nano.a(lib_a-strlen.o)
                0x000000000800014c                strlen
 *(.text*)
 .text.send_uart
                0x000000000800015c       0x30 ./Core/Src/main.o
                0x000000000800015c                send_uart
 .text.bufclear
                0x000000000800018c       0x34 ./Core/Src/main.o
                0x000000000800018c                bufclear
 .text.main     0x00000000080001c0       0xe4 ./Core/Src/main.o
                0x00000000080001c0                main
 .text.SystemClock_Config
                0x00000000080002a4       0x8a ./Core/Src/main.o
                0x00000000080002a4                SystemClock_Config
 *fill*         0x000000000800032e        0x2 
 .text.MX_USART1_UART_Init
                0x0000000008000330       0x54 ./Core/Src/main.o
 .text.MX_GPIO_Init
                0x0000000008000384       0x98 ./Core/Src/main.o
 .text.Error_Handler
                0x000000000800041c        0xa ./Core/Src/main.o
                0x000000000800041c                Error_Handler
 *fill*         0x0000000008000426        0x2 
 .text.HAL_MspInit
                0x0000000008000428       0x64 ./Core/Src/stm32f1xx_hal_msp.o
                0x0000000008000428                HAL_MspInit
 .text.HAL_UART_MspInit
                0x000000000800048c       0xa8 ./Core/Src/stm32f1xx_hal_msp.o
                0x000000000800048c                HAL_UART_MspInit
 .text.NMI_Handler
                0x0000000008000534        0x6 ./Core/Src/stm32f1xx_it.o
                0x0000000008000534                NMI_Handler
 .text.HardFault_Handler
                0x000000000800053a        0x6 ./Core/Src/stm32f1xx_it.o
                0x000000000800053a                HardFault_Handler
 .text.MemManage_Handler
                0x0000000008000540        0x6 ./Core/Src/stm32f1xx_it.o
                0x0000000008000540                MemManage_Handler
 .text.BusFault_Handler
                0x0000000008000546        0x6 ./Core/Src/stm32f1xx_it.o
                0x0000000008000546                BusFault_Handler
 .text.UsageFault_Handler
                0x000000000800054c        0x6 ./Core/Src/stm32f1xx_it.o
                0x000000000800054c                UsageFault_Handler
 .text.SVC_Handler
                0x0000000008000552        0xc ./Core/Src/stm32f1xx_it.o
                0x0000000008000552                SVC_Handler
 .text.DebugMon_Handler
                0x000000000800055e        0xc ./Core/Src/stm32f1xx_it.o
                0x000000000800055e                DebugMon_Handler
 .text.PendSV_Handler
                0x000000000800056a        0xc ./Core/Src/stm32f1xx_it.o
                0x000000000800056a                PendSV_Handler
 .text.SysTick_Handler
                0x0000000008000576        0xc ./Core/Src/stm32f1xx_it.o
                0x0000000008000576                SysTick_Handler
 *fill*         0x0000000008000582        0x2 
 .text.USART1_IRQHandler
                0x0000000008000584       0x14 ./Core/Src/stm32f1xx_it.o
                0x0000000008000584                USART1_IRQHandler
 .text.SystemInit
                0x0000000008000598        0xc ./Core/Src/system_stm32f1xx.o
                0x0000000008000598                SystemInit
 .text.Reset_Handler
                0x00000000080005a4       0x48 ./Core/Startup/startup_stm32f103c6tx.o
                0x00000000080005a4                Reset_Handler
 .text.Default_Handler
                0x00000000080005ec        0x2 ./Core/Startup/startup_stm32f103c6tx.o
                0x00000000080005ec                RTC_Alarm_IRQHandler
                0x00000000080005ec                EXTI2_IRQHandler
                0x00000000080005ec                TIM1_CC_IRQHandler
                0x00000000080005ec                PVD_IRQHandler
                0x00000000080005ec                EXTI3_IRQHandler
                0x00000000080005ec                EXTI0_IRQHandler
                0x00000000080005ec                ADC1_2_IRQHandler
                0x00000000080005ec                SPI1_IRQHandler
                0x00000000080005ec                TAMPER_IRQHandler
                0x00000000080005ec                DMA1_Channel4_IRQHandler
                0x00000000080005ec                RTC_IRQHandler
                0x00000000080005ec                DMA1_Channel7_IRQHandler
                0x00000000080005ec                CAN1_RX1_IRQHandler
                0x00000000080005ec                I2C1_EV_IRQHandler
                0x00000000080005ec                DMA1_Channel6_IRQHandler
                0x00000000080005ec                TIM3_IRQHandler
                0x00000000080005ec                RCC_IRQHandler
                0x00000000080005ec                TIM1_TRG_COM_IRQHandler
                0x00000000080005ec                DMA1_Channel1_IRQHandler
                0x00000000080005ec                Default_Handler
                0x00000000080005ec                EXTI15_10_IRQHandler
                0x00000000080005ec                EXTI9_5_IRQHandler
                0x00000000080005ec                DMA1_Channel5_IRQHandler
                0x00000000080005ec                EXTI4_IRQHandler
                0x00000000080005ec                USB_LP_CAN1_RX0_IRQHandler
                0x00000000080005ec                USB_HP_CAN1_TX_IRQHandler
                0x00000000080005ec                DMA1_Channel3_IRQHandler
                0x00000000080005ec                TIM1_UP_IRQHandler
                0x00000000080005ec                WWDG_IRQHandler
                0x00000000080005ec                TIM2_IRQHandler
                0x00000000080005ec                TIM1_BRK_IRQHandler
                0x00000000080005ec                EXTI1_IRQHandler
                0x00000000080005ec                USART2_IRQHandler
                0x00000000080005ec                DMA1_Channel2_IRQHandler
                0x00000000080005ec                CAN1_SCE_IRQHandler
                0x00000000080005ec                FLASH_IRQHandler
                0x00000000080005ec                I2C1_ER_IRQHandler
                0x00000000080005ec                USBWakeUp_IRQHandler
 *fill*         0x00000000080005ee        0x2 
 .text.HAL_Init
                0x00000000080005f0       0x2c ./Drivers/STM32F1xx_HAL_Driver/Src/stm32f1xx_hal.o
                0x00000000080005f0                HAL_Init
 .text.HAL_InitTick
                0x000000000800061c       0x60 ./Drivers/STM32F1xx_HAL_Driver/Src/stm32f1xx_hal.o
                0x000000000800061c                HAL_InitTick
 .text.HAL_IncTick
                0x000000000800067c       0x24 ./Drivers/STM32F1xx_HAL_Driver/Src/stm32f1xx_hal.o
                0x000000000800067c                HAL_IncTick
 .text.HAL_GetTick
                0x00000000080006a0       0x14 ./Drivers/STM32F1xx_HAL_Driver/Src/stm32f1xx_hal.o
                0x00000000080006a0                HAL_GetTick
 .text.__NVIC_SetPriorityGrouping
                0x00000000080006b4       0x48 ./Drivers/STM32F1xx_HAL_Driver/Src/stm32f1xx_hal_cortex.o
 .text.__NVIC_GetPriorityGrouping
                0x00000000080006fc       0x1c ./Drivers/STM32F1xx_HAL_Driver/Src/stm32f1xx_hal_cortex.o
 .text.__NVIC_EnableIRQ
                0x0000000008000718       0x38 ./Drivers/STM32F1xx_HAL_Driver/Src/stm32f1xx_hal_cortex.o
 .text.__NVIC_SetPriority
                0x0000000008000750       0x54 ./Drivers/STM32F1xx_HAL_Driver/Src/stm32f1xx_hal_cortex.o
 .text.NVIC_EncodePriority
                0x00000000080007a4       0x64 ./Drivers/STM32F1xx_HAL_Driver/Src/stm32f1xx_hal_cortex.o
 .text.SysTick_Config
                0x0000000008000808       0x44 ./Drivers/STM32F1xx_HAL_Driver/Src/stm32f1xx_hal_cortex.o
 .text.HAL_NVIC_SetPriorityGrouping
                0x000000000800084c       0x16 ./Drivers/STM32F1xx_HAL_Driver/Src/stm32f1xx_hal_cortex.o
                0x000000000800084c                HAL_NVIC_SetPriorityGrouping
 .text.HAL_NVIC_SetPriority
                0x0000000008000862       0x38 ./Drivers/STM32F1xx_HAL_Driver/Src/stm32f1xx_hal_cortex.o
                0x0000000008000862                HAL_NVIC_SetPriority
 .text.HAL_NVIC_EnableIRQ
                0x000000000800089a       0x1c ./Drivers/STM32F1xx_HAL_Driver/Src/stm32f1xx_hal_cortex.o
                0x000000000800089a                HAL_NVIC_EnableIRQ
 .text.HAL_SYSTICK_Config
                0x00000000080008b6       0x18 ./Drivers/STM32F1xx_HAL_Driver/Src/stm32f1xx_hal_cortex.o
                0x00000000080008b6                HAL_SYSTICK_Config
 .text.HAL_DMA_Abort
                0x00000000080008ce       0x76 ./Drivers/STM32F1xx_HAL_Driver/Src/stm32f1xx_hal_dma.o
                0x00000000080008ce                HAL_DMA_Abort
 .text.HAL_DMA_Abort_IT
                0x0000000008000944       0xf0 ./Drivers/STM32F1xx_HAL_Driver/Src/stm32f1xx_hal_dma.o
                0x0000000008000944                HAL_DMA_Abort_IT
 .text.HAL_GPIO_Init
                0x0000000008000a34      0x2f4 ./Drivers/STM32F1xx_HAL_Driver/Src/stm32f1xx_hal_gpio.o
                0x0000000008000a34                HAL_GPIO_Init
 .text.HAL_GPIO_WritePin
                0x0000000008000d28       0x30 ./Drivers/STM32F1xx_HAL_Driver/Src/stm32f1xx_hal_gpio.o
                0x0000000008000d28                HAL_GPIO_WritePin
 .text.HAL_RCC_OscConfig
                0x0000000008000d58      0x500 ./Drivers/STM32F1xx_HAL_Driver/Src/stm32f1xx_hal_rcc.o
                0x0000000008000d58                HAL_RCC_OscConfig
 .text.HAL_RCC_ClockConfig
                0x0000000008001258      0x1d4 ./Drivers/STM32F1xx_HAL_Driver/Src/stm32f1xx_hal_rcc.o
                0x0000000008001258                HAL_RCC_ClockConfig
 .text.HAL_RCC_GetSysClockFreq
                0x000000000800142c       0xa8 ./Drivers/STM32F1xx_HAL_Driver/Src/stm32f1xx_hal_rcc.o
                0x000000000800142c                HAL_RCC_GetSysClockFreq
 .text.HAL_RCC_GetHCLKFreq
                0x00000000080014d4       0x14 ./Drivers/STM32F1xx_HAL_Driver/Src/stm32f1xx_hal_rcc.o
                0x00000000080014d4                HAL_RCC_GetHCLKFreq
 .text.HAL_RCC_GetPCLK1Freq
                0x00000000080014e8       0x28 ./Drivers/STM32F1xx_HAL_Driver/Src/stm32f1xx_hal_rcc.o
                0x00000000080014e8                HAL_RCC_GetPCLK1Freq
 .text.HAL_RCC_GetPCLK2Freq
                0x0000000008001510       0x28 ./Drivers/STM32F1xx_HAL_Driver/Src/stm32f1xx_hal_rcc.o
                0x0000000008001510                HAL_RCC_GetPCLK2Freq
 .text.RCC_Delay
                0x0000000008001538       0x3c ./Drivers/STM32F1xx_HAL_Driver/Src/stm32f1xx_hal_rcc.o
 .text.HAL_UART_Init
                0x0000000008001574       0xa0 ./Drivers/STM32F1xx_HAL_Driver/Src/stm32f1xx_hal_uart.o
                0x0000000008001574                HAL_UART_Init
 .text.HAL_UART_Transmit
                0x0000000008001614      0x106 ./Drivers/STM32F1xx_HAL_Driver/Src/stm32f1xx_hal_uart.o
                0x0000000008001614                HAL_UART_Transmit
 .text.HAL_UART_Receive_IT
                0x000000000800171a       0x4a ./Drivers/STM32F1xx_HAL_Driver/Src/stm32f1xx_hal_uart.o
                0x000000000800171a                HAL_UART_Receive_IT
 .text.HAL_UART_IRQHandler
                0x0000000008001764      0x524 ./Drivers/STM32F1xx_HAL_Driver/Src/stm32f1xx_hal_uart.o
                0x0000000008001764                HAL_UART_IRQHandler
 .text.HAL_UART_TxCpltCallback
                0x0000000008001c88       0x12 ./Drivers/STM32F1xx_HAL_Driver/Src/stm32f1xx_hal_uart.o
                0x0000000008001c88                HAL_UART_TxCpltCallback
 .text.HAL_UART_RxCpltCallback
                0x0000000008001c9a       0x12 ./Drivers/STM32F1xx_HAL_Driver/Src/stm32f1xx_hal_uart.o
                0x0000000008001c9a                HAL_UART_RxCpltCallback
 .text.HAL_UART_ErrorCallback
                0x0000000008001cac       0x12 ./Drivers/STM32F1xx_HAL_Driver/Src/stm32f1xx_hal_uart.o
                0x0000000008001cac                HAL_UART_ErrorCallback
 .text.HAL_UARTEx_RxEventCallback
                0x0000000008001cbe       0x16 ./Drivers/STM32F1xx_HAL_Driver/Src/stm32f1xx_hal_uart.o
                0x0000000008001cbe                HAL_UARTEx_RxEventCallback
 .text.UART_WaitOnFlagUntilTimeout
                0x0000000008001cd4       0xdc ./Drivers/STM32F1xx_HAL_Driver/Src/stm32f1xx_hal_uart.o
 .text.UART_Start_Receive_IT
                0x0000000008001db0       0x72 ./Drivers/STM32F1xx_HAL_Driver/Src/stm32f1xx_hal_uart.o
                0x0000000008001db0                UART_Start_Receive_IT
 .text.UART_EndRxTransfer
                0x0000000008001e22       0xc4 ./Drivers/STM32F1xx_HAL_Driver/Src/stm32f1xx_hal_uart.o
 .text.UART_DMAAbortOnError
                0x0000000008001ee6       0x28 ./Drivers/STM32F1xx_HAL_Driver/Src/stm32f1xx_hal_uart.o
 .text.UART_Transmit_IT
                0x0000000008001f0e       0x9e ./Drivers/STM32F1xx_HAL_Driver/Src/stm32f1xx_hal_uart.o
 .text.UART_EndTransmit_IT
                0x0000000008001fac       0x30 ./Drivers/STM32F1xx_HAL_Driver/Src/stm32f1xx_hal_uart.o
 .text.UART_Receive_IT
                0x0000000008001fdc      0x17c ./Drivers/STM32F1xx_HAL_Driver/Src/stm32f1xx_hal_uart.o
 .text.UART_SetConfig
                0x0000000008002158      0x11c ./Drivers/STM32F1xx_HAL_Driver/Src/stm32f1xx_hal_uart.o
 .text.MX_FATFS_Init
                0x0000000008002274       0x24 ./FATFS/App/fatfs.o
                0x0000000008002274                MX_FATFS_Init
 .text.get_fattime
                0x0000000008002298        0xe ./FATFS/App/fatfs.o
                0x0000000008002298                get_fattime
 *fill*         0x00000000080022a6        0x2 
 .text.USER_initialize
                0x00000000080022a8       0x24 ./FATFS/Target/user_diskio.o
                0x00000000080022a8                USER_initialize
 .text.USER_status
                0x00000000080022cc       0x24 ./FATFS/Target/user_diskio.o
                0x00000000080022cc                USER_status
 .text.USER_read
                0x00000000080022f0       0x1c ./FATFS/Target/user_diskio.o
                0x00000000080022f0                USER_read
 .text.USER_write
                0x000000000800230c       0x1c ./FATFS/Target/user_diskio.o
                0x000000000800230c                USER_write
 .text.USER_ioctl
                0x0000000008002328       0x20 ./FATFS/Target/user_diskio.o
                0x0000000008002328                USER_ioctl
 .text.disk_status
                0x0000000008002348       0x34 ./Middlewares/Third_Party/FatFs/src/diskio.o
                0x0000000008002348                disk_status
 .text.disk_initialize
                0x000000000800237c       0x4c ./Middlewares/Third_Party/FatFs/src/diskio.o
                0x000000000800237c                disk_initialize
 .text.disk_read
                0x00000000080023c8       0x40 ./Middlewares/Third_Party/FatFs/src/diskio.o
                0x00000000080023c8                disk_read
 .text.disk_write
                0x0000000008002408       0x40 ./Middlewares/Third_Party/FatFs/src/diskio.o
                0x0000000008002408                disk_write
 .text.disk_ioctl
                0x0000000008002448       0x3c ./Middlewares/Third_Party/FatFs/src/diskio.o
                0x0000000008002448                disk_ioctl
 .text.mem_cpy  0x0000000008002484       0x3c ./Middlewares/Third_Party/FatFs/src/ff.o
 .text.mem_set  0x00000000080024c0       0x34 ./Middlewares/Third_Party/FatFs/src/ff.o
 .text.mem_cmp  0x00000000080024f4       0x4c ./Middlewares/Third_Party/FatFs/src/ff.o
 .text.chk_chr  0x0000000008002540       0x34 ./Middlewares/Third_Party/FatFs/src/ff.o
 .text.chk_lock
                0x0000000008002574       0xd8 ./Middlewares/Third_Party/FatFs/src/ff.o
 .text.enq_lock
                0x000000000800264c       0x48 ./Middlewares/Third_Party/FatFs/src/ff.o
 .text.inc_lock
                0x0000000008002694      0x16c ./Middlewares/Third_Party/FatFs/src/ff.o
 .text.dec_lock
                0x0000000008002800       0x88 ./Middlewares/Third_Party/FatFs/src/ff.o
 .text.clear_lock
                0x0000000008002888       0x54 ./Middlewares/Third_Party/FatFs/src/ff.o
 .text.sync_window
                0x00000000080028dc       0x92 ./Middlewares/Third_Party/FatFs/src/ff.o
 .text.move_window
                0x000000000800296e       0x5c ./Middlewares/Third_Party/FatFs/src/ff.o
 .text.sync_fs  0x00000000080029ca      0x15a ./Middlewares/Third_Party/FatFs/src/ff.o
 .text.clust2sect
                0x0000000008002b24       0x42 ./Middlewares/Third_Party/FatFs/src/ff.o
                0x0000000008002b24                clust2sect
 .text.get_fat  0x0000000008002b66      0x174 ./Middlewares/Third_Party/FatFs/src/ff.o
                0x0000000008002b66                get_fat
 .text.put_fat  0x0000000008002cda      0x21c ./Middlewares/Third_Party/FatFs/src/ff.o
                0x0000000008002cda                put_fat
 .text.remove_chain
                0x0000000008002ef6       0xb4 ./Middlewares/Third_Party/FatFs/src/ff.o
 .text.create_chain
                0x0000000008002faa      0x13a ./Middlewares/Third_Party/FatFs/src/ff.o
 .text.clmt_clust
                0x00000000080030e4       0x68 ./Middlewares/Third_Party/FatFs/src/ff.o
 .text.dir_sdi  0x000000000800314c      0x128 ./Middlewares/Third_Party/FatFs/src/ff.o
 .text.dir_next
                0x0000000008003274      0x1ee ./Middlewares/Third_Party/FatFs/src/ff.o
 .text.dir_alloc
                0x0000000008003462       0x94 ./Middlewares/Third_Party/FatFs/src/ff.o
 .text.ld_clust
                0x00000000080034f6       0x5a ./Middlewares/Third_Party/FatFs/src/ff.o
 .text.st_clust
                0x0000000008003550       0x4c ./Middlewares/Third_Party/FatFs/src/ff.o
 .text.cmp_lfn  0x000000000800359c       0xdc ./Middlewares/Third_Party/FatFs/src/ff.o
 .text.fit_lfn  0x0000000008003678       0xe8 ./Middlewares/Third_Party/FatFs/src/ff.o
 .text.gen_numname
                0x0000000008003760      0x120 ./Middlewares/Third_Party/FatFs/src/ff.o
 .text.sum_sfn  0x0000000008003880       0x40 ./Middlewares/Third_Party/FatFs/src/ff.o
 .text.dir_find
                0x00000000080038c0      0x180 ./Middlewares/Third_Party/FatFs/src/ff.o
 .text.dir_register
                0x0000000008003a40      0x21c ./Middlewares/Third_Party/FatFs/src/ff.o
 .text.create_name
                0x0000000008003c5c      0x370 ./Middlewares/Third_Party/FatFs/src/ff.o
 .text.follow_path
                0x0000000008003fcc       0xdc ./Middlewares/Third_Party/FatFs/src/ff.o
 .text.get_ldnumber
                0x00000000080040a8       0x86 ./Middlewares/Third_Party/FatFs/src/ff.o
 *fill*         0x000000000800412e        0x2 
 .text.check_fs
                0x0000000008004130       0xd4 ./Middlewares/Third_Party/FatFs/src/ff.o
 .text.find_volume
                0x0000000008004204      0x594 ./Middlewares/Third_Party/FatFs/src/ff.o
 .text.validate
                0x0000000008004798       0x66 ./Middlewares/Third_Party/FatFs/src/ff.o
 *fill*         0x00000000080047fe        0x2 
 .text.f_open   0x0000000008004800      0x424 ./Middlewares/Third_Party/FatFs/src/ff.o
                0x0000000008004800                f_open
 .text.f_read   0x0000000008004c24      0x2d6 ./Middlewares/Third_Party/FatFs/src/ff.o
                0x0000000008004c24                f_read
 .text.f_write  0x0000000008004efa      0x35a ./Middlewares/Third_Party/FatFs/src/ff.o
                0x0000000008004efa                f_write
 .text.f_sync   0x0000000008005254      0x174 ./Middlewares/Third_Party/FatFs/src/ff.o
                0x0000000008005254                f_sync
 .text.f_close  0x00000000080053c8       0x50 ./Middlewares/Third_Party/FatFs/src/ff.o
                0x00000000080053c8                f_close
 .text.f_gets   0x0000000008005418       0x7a ./Middlewares/Third_Party/FatFs/src/ff.o
                0x0000000008005418                f_gets
 .text.putc_bfd
                0x0000000008005492       0x7a ./Middlewares/Third_Party/FatFs/src/ff.o
 .text.f_puts   0x000000000800550c       0x72 ./Middlewares/Third_Party/FatFs/src/ff.o
                0x000000000800550c                f_puts
 *fill*         0x000000000800557e        0x2 
 .text.FATFS_LinkDriverEx
                0x0000000008005580       0x94 ./Middlewares/Third_Party/FatFs/src/ff_gen_drv.o
                0x0000000008005580                FATFS_LinkDriverEx
 .text.FATFS_LinkDriver
                0x0000000008005614       0x1e ./Middlewares/Third_Party/FatFs/src/ff_gen_drv.o
                0x0000000008005614                FATFS_LinkDriver
 *fill*         0x0000000008005632        0x2 
 .text.ff_convert
                0x0000000008005634       0x74 ./Middlewares/Third_Party/FatFs/src/option/ccsbcs.o
                0x0000000008005634                ff_convert
 .text.ff_wtoupper
                0x00000000080056a8       0x5c ./Middlewares/Third_Party/FatFs/src/option/ccsbcs.o
                0x00000000080056a8                ff_wtoupper
 .text.__libc_init_array
                0x0000000008005704       0x48 c:/st/stm32cubeide_1.7.0/stm32cubeide/plugins/com.st.stm32cube.ide.mcu.externaltools.gnu-tools-for-stm32.9-2020-q2-update.win32_2.0.0.202105311346/tools/bin/../lib/gcc/arm-none-eabi/9.3.1/../../../../arm-none-eabi/lib/thumb/v7-m/nofp\libc_nano.a(lib_a-init.o)
                0x0000000008005704                __libc_init_array
 .text.memcmp   0x000000000800574c       0x1c c:/st/stm32cubeide_1.7.0/stm32cubeide/plugins/com.st.stm32cube.ide.mcu.externaltools.gnu-tools-for-stm32.9-2020-q2-update.win32_2.0.0.202105311346/tools/bin/../lib/gcc/arm-none-eabi/9.3.1/../../../../arm-none-eabi/lib/thumb/v7-m/nofp\libc_nano.a(lib_a-memcmp.o)
                0x000000000800574c                memcmp
 .text.memset   0x0000000008005768       0x10 c:/st/stm32cubeide_1.7.0/stm32cubeide/plugins/com.st.stm32cube.ide.mcu.externaltools.gnu-tools-for-stm32.9-2020-q2-update.win32_2.0.0.202105311346/tools/bin/../lib/gcc/arm-none-eabi/9.3.1/../../../../arm-none-eabi/lib/thumb/v7-m/nofp\libc_nano.a(lib_a-memset.o)
                0x0000000008005768                memset
 *(.glue_7)
 .glue_7        0x0000000008005778        0x0 linker stubs
 *(.glue_7t)
 .glue_7t       0x0000000008005778        0x0 linker stubs
 *(.eh_frame)
 .eh_frame      0x0000000008005778        0x0 c:/st/stm32cubeide_1.7.0/stm32cubeide/plugins/com.st.stm32cube.ide.mcu.externaltools.gnu-tools-for-stm32.9-2020-q2-update.win32_2.0.0.202105311346/tools/bin/../lib/gcc/arm-none-eabi/9.3.1/thumb/v7-m/nofp/crtbegin.o
 *(.init)
 .init          0x0000000008005778        0x4 c:/st/stm32cubeide_1.7.0/stm32cubeide/plugins/com.st.stm32cube.ide.mcu.externaltools.gnu-tools-for-stm32.9-2020-q2-update.win32_2.0.0.202105311346/tools/bin/../lib/gcc/arm-none-eabi/9.3.1/thumb/v7-m/nofp/crti.o
                0x0000000008005778                _init
 .init          0x000000000800577c        0x8 c:/st/stm32cubeide_1.7.0/stm32cubeide/plugins/com.st.stm32cube.ide.mcu.externaltools.gnu-tools-for-stm32.9-2020-q2-update.win32_2.0.0.202105311346/tools/bin/../lib/gcc/arm-none-eabi/9.3.1/thumb/v7-m/nofp/crtn.o
 *(.fini)
 .fini          0x0000000008005784        0x4 c:/st/stm32cubeide_1.7.0/stm32cubeide/plugins/com.st.stm32cube.ide.mcu.externaltools.gnu-tools-for-stm32.9-2020-q2-update.win32_2.0.0.202105311346/tools/bin/../lib/gcc/arm-none-eabi/9.3.1/thumb/v7-m/nofp/crti.o
                0x0000000008005784                _fini
 .fini          0x0000000008005788        0x8 c:/st/stm32cubeide_1.7.0/stm32cubeide/plugins/com.st.stm32cube.ide.mcu.externaltools.gnu-tools-for-stm32.9-2020-q2-update.win32_2.0.0.202105311346/tools/bin/../lib/gcc/arm-none-eabi/9.3.1/thumb/v7-m/nofp/crtn.o
                0x0000000008005790                . = ALIGN (0x4)
                0x0000000008005790                _etext = .

.vfp11_veneer   0x0000000008005790        0x0
 .vfp11_veneer  0x0000000008005790        0x0 linker stubs

.v4_bx          0x0000000008005790        0x0
 .v4_bx         0x0000000008005790        0x0 linker stubs

.iplt           0x0000000008005790        0x0
 .iplt          0x0000000008005790        0x0 c:/st/stm32cubeide_1.7.0/stm32cubeide/plugins/com.st.stm32cube.ide.mcu.externaltools.gnu-tools-for-stm32.9-2020-q2-update.win32_2.0.0.202105311346/tools/bin/../lib/gcc/arm-none-eabi/9.3.1/thumb/v7-m/nofp/crtbegin.o

.rodata         0x0000000008005790      0x5f0
                0x0000000008005790                . = ALIGN (0x4)
 *(.rodata)
 .rodata        0x0000000008005790       0x2b ./Core/Src/main.o
 *fill*         0x00000000080057bb        0x1 
 .rodata        0x00000000080057bc       0x48 ./Middlewares/Third_Party/FatFs/src/ff.o
 *(.rodata*)
 .rodata.AHBPrescTable
                0x0000000008005804       0x10 ./Core/Src/system_stm32f1xx.o
                0x0000000008005804                AHBPrescTable
 .rodata.APBPrescTable
                0x0000000008005814        0x8 ./Core/Src/system_stm32f1xx.o
                0x0000000008005814                APBPrescTable
 .rodata.aPLLMULFactorTable.5663
                0x000000000800581c       0x10 ./Drivers/STM32F1xx_HAL_Driver/Src/stm32f1xx_hal_rcc.o
 .rodata.aPredivFactorTable.5664
                0x000000000800582c        0x2 ./Drivers/STM32F1xx_HAL_Driver/Src/stm32f1xx_hal_rcc.o
 *fill*         0x000000000800582e        0x2 
 .rodata.ExCvt  0x0000000008005830       0x80 ./Middlewares/Third_Party/FatFs/src/ff.o
 .rodata.LfnOfs
                0x00000000080058b0        0xd ./Middlewares/Third_Party/FatFs/src/ff.o
 *fill*         0x00000000080058bd        0x3 
 .rodata.Tbl    0x00000000080058c0      0x100 ./Middlewares/Third_Party/FatFs/src/option/ccsbcs.o
 .rodata.tbl_lower.5803
                0x00000000080059c0      0x1e0 ./Middlewares/Third_Party/FatFs/src/option/ccsbcs.o
 .rodata.tbl_upper.5804
                0x0000000008005ba0      0x1e0 ./Middlewares/Third_Party/FatFs/src/option/ccsbcs.o
                0x0000000008005d80                . = ALIGN (0x4)

.rel.dyn        0x0000000008005d80        0x0
 .rel.iplt      0x0000000008005d80        0x0 c:/st/stm32cubeide_1.7.0/stm32cubeide/plugins/com.st.stm32cube.ide.mcu.externaltools.gnu-tools-for-stm32.9-2020-q2-update.win32_2.0.0.202105311346/tools/bin/../lib/gcc/arm-none-eabi/9.3.1/thumb/v7-m/nofp/crtbegin.o

.ARM.extab      0x0000000008005d80        0x0
                0x0000000008005d80                . = ALIGN (0x4)
 *(.ARM.extab* .gnu.linkonce.armextab.*)
                0x0000000008005d80                . = ALIGN (0x4)

.ARM            0x0000000008005d80        0x0
                0x0000000008005d80                . = ALIGN (0x4)
                0x0000000008005d80                __exidx_start = .
 *(.ARM.exidx*)
                0x0000000008005d80                __exidx_end = .
                0x0000000008005d80                . = ALIGN (0x4)

.preinit_array  0x0000000008005d80        0x0
                0x0000000008005d80                . = ALIGN (0x4)
                0x0000000008005d80                PROVIDE (__preinit_array_start = .)
 *(.preinit_array*)
                0x0000000008005d80                PROVIDE (__preinit_array_end = .)
                0x0000000008005d80                . = ALIGN (0x4)

.init_array     0x0000000008005d80        0x4
                0x0000000008005d80                . = ALIGN (0x4)
                0x0000000008005d80                PROVIDE (__init_array_start = .)
 *(SORT_BY_NAME(.init_array.*))
 *(.init_array*)
 .init_array    0x0000000008005d80        0x4 c:/st/stm32cubeide_1.7.0/stm32cubeide/plugins/com.st.stm32cube.ide.mcu.externaltools.gnu-tools-for-stm32.9-2020-q2-update.win32_2.0.0.202105311346/tools/bin/../lib/gcc/arm-none-eabi/9.3.1/thumb/v7-m/nofp/crtbegin.o
                0x0000000008005d84                PROVIDE (__init_array_end = .)
                0x0000000008005d84                . = ALIGN (0x4)

.fini_array     0x0000000008005d84        0x4
                0x0000000008005d84                . = ALIGN (0x4)
                [!provide]                        PROVIDE (__fini_array_start = .)
 *(SORT_BY_NAME(.fini_array.*))
 *(.fini_array*)
 .fini_array    0x0000000008005d84        0x4 c:/st/stm32cubeide_1.7.0/stm32cubeide/plugins/com.st.stm32cube.ide.mcu.externaltools.gnu-tools-for-stm32.9-2020-q2-update.win32_2.0.0.202105311346/tools/bin/../lib/gcc/arm-none-eabi/9.3.1/thumb/v7-m/nofp/crtbegin.o
                [!provide]                        PROVIDE (__fini_array_end = .)
                0x0000000008005d88                . = ALIGN (0x4)
                0x0000000008005d88                _sidata = LOADADDR (.data)

.data           0x0000000020000000       0x20 load address 0x0000000008005d88
                0x0000000020000000                . = ALIGN (0x4)
                0x0000000020000000                _sdata = .
 *(.data)
 *(.data*)
 .data.SystemCoreClock
                0x0000000020000000        0x4 ./Core/Src/system_stm32f1xx.o
                0x0000000020000000                SystemCoreClock
 .data.uwTickPrio
                0x0000000020000004        0x4 ./Drivers/STM32F1xx_HAL_Driver/Src/stm32f1xx_hal.o
                0x0000000020000004                uwTickPrio
 .data.uwTickFreq
                0x0000000020000008        0x1 ./Drivers/STM32F1xx_HAL_Driver/Src/stm32f1xx_hal.o
                0x0000000020000008                uwTickFreq
 .data.Stat     0x0000000020000009        0x1 ./FATFS/Target/user_diskio.o
 *fill*         0x000000002000000a        0x2 
 .data.USER_Driver
                0x000000002000000c       0x14 ./FATFS/Target/user_diskio.o
                0x000000002000000c                USER_Driver
 *(.RamFunc)
 *(.RamFunc*)
                0x0000000020000020                . = ALIGN (0x4)
                0x0000000020000020                _edata = .

.igot.plt       0x0000000020000020        0x0 load address 0x0000000008005da8
 .igot.plt      0x0000000020000020        0x0 c:/st/stm32cubeide_1.7.0/stm32cubeide/plugins/com.st.stm32cube.ide.mcu.externaltools.gnu-tools-for-stm32.9-2020-q2-update.win32_2.0.0.202105311346/tools/bin/../lib/gcc/arm-none-eabi/9.3.1/thumb/v7-m/nofp/crtbegin.o
                0x0000000020000020                . = ALIGN (0x4)

.bss            0x0000000020000020      0xf74 load address 0x0000000008005da8
                0x0000000020000020                _sbss = .
                0x0000000020000020                __bss_start__ = _sbss
 *(.bss)
 .bss           0x0000000020000020       0x1c c:/st/stm32cubeide_1.7.0/stm32cubeide/plugins/com.st.stm32cube.ide.mcu.externaltools.gnu-tools-for-stm32.9-2020-q2-update.win32_2.0.0.202105311346/tools/bin/../lib/gcc/arm-none-eabi/9.3.1/thumb/v7-m/nofp/crtbegin.o
 *(.bss*)
 .bss.FatFs     0x000000002000003c        0x4 ./Middlewares/Third_Party/FatFs/src/ff.o
 .bss.Fsid      0x0000000020000040        0x2 ./Middlewares/Third_Party/FatFs/src/ff.o
 *fill*         0x0000000020000042        0x2 
 .bss.Files     0x0000000020000044       0x18 ./Middlewares/Third_Party/FatFs/src/ff.o
 .bss.LfnBuf    0x000000002000005c      0x200 ./Middlewares/Third_Party/FatFs/src/ff.o
 .bss.disk      0x000000002000025c        0xc ./Middlewares/Third_Party/FatFs/src/ff_gen_drv.o
                0x000000002000025c                disk
 *(COMMON)
 COMMON         0x0000000020000268      0x8c4 ./Core/Src/main.o
                0x0000000020000268                fre_clust
                0x000000002000026c                UartBuf
                0x0000000020000278                fs
                0x00000000200004a8                ptr
                0x00000000200004ac                br
                0x00000000200004b0                huart1
                0x00000000200004f8                buffer
                0x00000000200008f8                bw
                0x00000000200008fc                fresult
                0x00000000200008fd                ret
                0x0000000020000900                fil
 COMMON         0x0000000020000b2c        0x4 ./Drivers/STM32F1xx_HAL_Driver/Src/stm32f1xx_hal.o
                0x0000000020000b2c                uwTick
 COMMON         0x0000000020000b30      0x464 ./FATFS/App/fatfs.o
                0x0000000020000b30                USERPath
                0x0000000020000b34                retUSER
                0x0000000020000b38                USERFile
                0x0000000020000d64                USERFatFS
                0x0000000020000f94                . = ALIGN (0x4)
                0x0000000020000f94                _ebss = .
                0x0000000020000f94                __bss_end__ = _ebss

._user_heap_stack
                0x0000000020000f94      0x604 load address 0x0000000008005da8
                0x0000000020000f98                . = ALIGN (0x8)
 *fill*         0x0000000020000f94        0x4 
                [!provide]                        PROVIDE (end = .)
                0x0000000020000f98                PROVIDE (_end = .)
                0x0000000020001198                . = (. + _Min_Heap_Size)
 *fill*         0x0000000020000f98      0x200 
                0x0000000020001598                . = (. + _Min_Stack_Size)
 *fill*         0x0000000020001198      0x400 
                0x0000000020001598                . = ALIGN (0x8)

/DISCARD/
 libc.a(*)
 libm.a(*)
 libgcc.a(*)

.ARM.attributes
                0x0000000000000000       0x29
 *(.ARM.attributes)
 .ARM.attributes
                0x0000000000000000       0x1d c:/st/stm32cubeide_1.7.0/stm32cubeide/plugins/com.st.stm32cube.ide.mcu.externaltools.gnu-tools-for-stm32.9-2020-q2-update.win32_2.0.0.202105311346/tools/bin/../lib/gcc/arm-none-eabi/9.3.1/thumb/v7-m/nofp/crti.o
 .ARM.attributes
                0x000000000000001d       0x2d c:/st/stm32cubeide_1.7.0/stm32cubeide/plugins/com.st.stm32cube.ide.mcu.externaltools.gnu-tools-for-stm32.9-2020-q2-update.win32_2.0.0.202105311346/tools/bin/../lib/gcc/arm-none-eabi/9.3.1/thumb/v7-m/nofp/crtbegin.o
 .ARM.attributes
                0x000000000000004a       0x2d ./Core/Src/main.o
 .ARM.attributes
                0x0000000000000077       0x2d ./Core/Src/stm32f1xx_hal_msp.o
 .ARM.attributes
                0x00000000000000a4       0x2d ./Core/Src/stm32f1xx_it.o
 .ARM.attributes
                0x00000000000000d1       0x2d ./Core/Src/system_stm32f1xx.o
 .ARM.attributes
                0x00000000000000fe       0x21 ./Core/Startup/startup_stm32f103c6tx.o
 .ARM.attributes
                0x000000000000011f       0x2d ./Drivers/STM32F1xx_HAL_Driver/Src/stm32f1xx_hal.o
 .ARM.attributes
                0x000000000000014c       0x2d ./Drivers/STM32F1xx_HAL_Driver/Src/stm32f1xx_hal_cortex.o
 .ARM.attributes
                0x0000000000000179       0x2d ./Drivers/STM32F1xx_HAL_Driver/Src/stm32f1xx_hal_dma.o
 .ARM.attributes
                0x00000000000001a6       0x2d ./Drivers/STM32F1xx_HAL_Driver/Src/stm32f1xx_hal_gpio.o
 .ARM.attributes
                0x00000000000001d3       0x2d ./Drivers/STM32F1xx_HAL_Driver/Src/stm32f1xx_hal_rcc.o
 .ARM.attributes
                0x0000000000000200       0x2d ./Drivers/STM32F1xx_HAL_Driver/Src/stm32f1xx_hal_uart.o
 .ARM.attributes
                0x000000000000022d       0x2d ./FATFS/App/fatfs.o
 .ARM.attributes
                0x000000000000025a       0x2d ./FATFS/Target/user_diskio.o
 .ARM.attributes
                0x0000000000000287       0x2d ./Middlewares/Third_Party/FatFs/src/diskio.o
 .ARM.attributes
                0x00000000000002b4       0x2d ./Middlewares/Third_Party/FatFs/src/ff.o
 .ARM.attributes
                0x00000000000002e1       0x2d ./Middlewares/Third_Party/FatFs/src/ff_gen_drv.o
 .ARM.attributes
                0x000000000000030e       0x2d ./Middlewares/Third_Party/FatFs/src/option/ccsbcs.o
 .ARM.attributes
                0x000000000000033b       0x2d c:/st/stm32cubeide_1.7.0/stm32cubeide/plugins/com.st.stm32cube.ide.mcu.externaltools.gnu-tools-for-stm32.9-2020-q2-update.win32_2.0.0.202105311346/tools/bin/../lib/gcc/arm-none-eabi/9.3.1/../../../../arm-none-eabi/lib/thumb/v7-m/nofp\libc_nano.a(lib_a-init.o)
 .ARM.attributes
                0x0000000000000368       0x2d c:/st/stm32cubeide_1.7.0/stm32cubeide/plugins/com.st.stm32cube.ide.mcu.externaltools.gnu-tools-for-stm32.9-2020-q2-update.win32_2.0.0.202105311346/tools/bin/../lib/gcc/arm-none-eabi/9.3.1/../../../../arm-none-eabi/lib/thumb/v7-m/nofp\libc_nano.a(lib_a-memcmp.o)
 .ARM.attributes
                0x0000000000000395       0x2d c:/st/stm32cubeide_1.7.0/stm32cubeide/plugins/com.st.stm32cube.ide.mcu.externaltools.gnu-tools-for-stm32.9-2020-q2-update.win32_2.0.0.202105311346/tools/bin/../lib/gcc/arm-none-eabi/9.3.1/../../../../arm-none-eabi/lib/thumb/v7-m/nofp\libc_nano.a(lib_a-memset.o)
 .ARM.attributes
                0x00000000000003c2       0x17 c:/st/stm32cubeide_1.7.0/stm32cubeide/plugins/com.st.stm32cube.ide.mcu.externaltools.gnu-tools-for-stm32.9-2020-q2-update.win32_2.0.0.202105311346/tools/bin/../lib/gcc/arm-none-eabi/9.3.1/../../../../arm-none-eabi/lib/thumb/v7-m/nofp\libc_nano.a(lib_a-strlen.o)
 .ARM.attributes
                0x00000000000003d9       0x1d c:/st/stm32cubeide_1.7.0/stm32cubeide/plugins/com.st.stm32cube.ide.mcu.externaltools.gnu-tools-for-stm32.9-2020-q2-update.win32_2.0.0.202105311346/tools/bin/../lib/gcc/arm-none-eabi/9.3.1/thumb/v7-m/nofp/crtn.o
OUTPUT(UartTxRx.elf elf32-littlearm)
LOAD linker stubs
LOAD c:/st/stm32cubeide_1.7.0/stm32cubeide/plugins/com.st.stm32cube.ide.mcu.externaltools.gnu-tools-for-stm32.9-2020-q2-update.win32_2.0.0.202105311346/tools/bin/../lib/gcc/arm-none-eabi/9.3.1/../../../../arm-none-eabi/lib/thumb/v7-m/nofp\libc.a
LOAD c:/st/stm32cubeide_1.7.0/stm32cubeide/plugins/com.st.stm32cube.ide.mcu.externaltools.gnu-tools-for-stm32.9-2020-q2-update.win32_2.0.0.202105311346/tools/bin/../lib/gcc/arm-none-eabi/9.3.1/../../../../arm-none-eabi/lib/thumb/v7-m/nofp\libm.a
LOAD c:/st/stm32cubeide_1.7.0/stm32cubeide/plugins/com.st.stm32cube.ide.mcu.externaltools.gnu-tools-for-stm32.9-2020-q2-update.win32_2.0.0.202105311346/tools/bin/../lib/gcc/arm-none-eabi/9.3.1/thumb/v7-m/nofp\libgcc.a

.debug_info     0x0000000000000000     0xcf62
 .debug_info    0x0000000000000000     0x18a0 ./Core/Src/main.o
 .debug_info    0x00000000000018a0      0xa29 ./Core/Src/stm32f1xx_hal_msp.o
 .debug_info    0x00000000000022c9      0x6e9 ./Core/Src/stm32f1xx_it.o
 .debug_info    0x00000000000029b2      0x2be ./Core/Src/system_stm32f1xx.o
 .debug_info    0x0000000000002c70       0x22 ./Core/Startup/startup_stm32f103c6tx.o
 .debug_info    0x0000000000002c92      0x74c ./Drivers/STM32F1xx_HAL_Driver/Src/stm32f1xx_hal.o
 .debug_info    0x00000000000033de      0xbbe ./Drivers/STM32F1xx_HAL_Driver/Src/stm32f1xx_hal_cortex.o
 .debug_info    0x0000000000003f9c      0x823 ./Drivers/STM32F1xx_HAL_Driver/Src/stm32f1xx_hal_dma.o
 .debug_info    0x00000000000047bf      0x701 ./Drivers/STM32F1xx_HAL_Driver/Src/stm32f1xx_hal_gpio.o
 .debug_info    0x0000000000004ec0      0x893 ./Drivers/STM32F1xx_HAL_Driver/Src/stm32f1xx_hal_rcc.o
 .debug_info    0x0000000000005753     0x31ef ./Drivers/STM32F1xx_HAL_Driver/Src/stm32f1xx_hal_uart.o
 .debug_info    0x0000000000008942      0x5e8 ./FATFS/App/fatfs.o
 .debug_info    0x0000000000008f2a      0xced ./FATFS/Target/user_diskio.o
 .debug_info    0x0000000000009c17      0x4fe ./Middlewares/Third_Party/FatFs/src/diskio.o
 .debug_info    0x000000000000a115     0x2732 ./Middlewares/Third_Party/FatFs/src/ff.o
 .debug_info    0x000000000000c847      0x495 ./Middlewares/Third_Party/FatFs/src/ff_gen_drv.o
 .debug_info    0x000000000000ccdc      0x286 ./Middlewares/Third_Party/FatFs/src/option/ccsbcs.o

.debug_abbrev   0x0000000000000000     0x2126
 .debug_abbrev  0x0000000000000000      0x362 ./Core/Src/main.o
 .debug_abbrev  0x0000000000000362      0x1b5 ./Core/Src/stm32f1xx_hal_msp.o
 .debug_abbrev  0x0000000000000517      0x163 ./Core/Src/stm32f1xx_it.o
 .debug_abbrev  0x000000000000067a      0x14e ./Core/Src/system_stm32f1xx.o
 .debug_abbrev  0x00000000000007c8       0x12 ./Core/Startup/startup_stm32f103c6tx.o
 .debug_abbrev  0x00000000000007da      0x1ed ./Drivers/STM32F1xx_HAL_Driver/Src/stm32f1xx_hal.o
 .debug_abbrev  0x00000000000009c7      0x313 ./Drivers/STM32F1xx_HAL_Driver/Src/stm32f1xx_hal_cortex.o
 .debug_abbrev  0x0000000000000cda      0x228 ./Drivers/STM32F1xx_HAL_Driver/Src/stm32f1xx_hal_dma.o
 .debug_abbrev  0x0000000000000f02      0x1e8 ./Drivers/STM32F1xx_HAL_Driver/Src/stm32f1xx_hal_gpio.o
 .debug_abbrev  0x00000000000010ea      0x273 ./Drivers/STM32F1xx_HAL_Driver/Src/stm32f1xx_hal_rcc.o
 .debug_abbrev  0x000000000000135d      0x2eb ./Drivers/STM32F1xx_HAL_Driver/Src/stm32f1xx_hal_uart.o
 .debug_abbrev  0x0000000000001648      0x19d ./FATFS/App/fatfs.o
 .debug_abbrev  0x00000000000017e5      0x22e ./FATFS/Target/user_diskio.o
 .debug_abbrev  0x0000000000001a13      0x18b ./Middlewares/Third_Party/FatFs/src/diskio.o
 .debug_abbrev  0x0000000000001b9e      0x2b0 ./Middlewares/Third_Party/FatFs/src/ff.o
 .debug_abbrev  0x0000000000001e4e      0x1bc ./Middlewares/Third_Party/FatFs/src/ff_gen_drv.o
 .debug_abbrev  0x000000000000200a      0x11c ./Middlewares/Third_Party/FatFs/src/option/ccsbcs.o

.debug_aranges  0x0000000000000000      0x9b8
 .debug_aranges
                0x0000000000000000       0x58 ./Core/Src/main.o
 .debug_aranges
                0x0000000000000058       0x30 ./Core/Src/stm32f1xx_hal_msp.o
 .debug_aranges
                0x0000000000000088       0x68 ./Core/Src/stm32f1xx_it.o
 .debug_aranges
                0x00000000000000f0       0x28 ./Core/Src/system_stm32f1xx.o
 .debug_aranges
                0x0000000000000118       0x28 ./Core/Startup/startup_stm32f103c6tx.o
 .debug_aranges
                0x0000000000000140       0xe0 ./Drivers/STM32F1xx_HAL_Driver/Src/stm32f1xx_hal.o
 .debug_aranges
                0x0000000000000220      0x100 ./Drivers/STM32F1xx_HAL_Driver/Src/stm32f1xx_hal_cortex.o
 .debug_aranges
                0x0000000000000320       0x80 ./Drivers/STM32F1xx_HAL_Driver/Src/stm32f1xx_hal_dma.o
 .debug_aranges
                0x00000000000003a0       0x58 ./Drivers/STM32F1xx_HAL_Driver/Src/stm32f1xx_hal_gpio.o
 .debug_aranges
                0x00000000000003f8       0x90 ./Drivers/STM32F1xx_HAL_Driver/Src/stm32f1xx_hal_rcc.o
 .debug_aranges
                0x0000000000000488      0x208 ./Drivers/STM32F1xx_HAL_Driver/Src/stm32f1xx_hal_uart.o
 .debug_aranges
                0x0000000000000690       0x28 ./FATFS/App/fatfs.o
 .debug_aranges
                0x00000000000006b8       0x40 ./FATFS/Target/user_diskio.o
 .debug_aranges
                0x00000000000006f8       0x48 ./Middlewares/Third_Party/FatFs/src/diskio.o
 .debug_aranges
                0x0000000000000740      0x210 ./Middlewares/Third_Party/FatFs/src/ff.o
 .debug_aranges
                0x0000000000000950       0x40 ./Middlewares/Third_Party/FatFs/src/ff_gen_drv.o
 .debug_aranges
                0x0000000000000990       0x28 ./Middlewares/Third_Party/FatFs/src/option/ccsbcs.o

.debug_ranges   0x0000000000000000      0x8e0
 .debug_ranges  0x0000000000000000       0x48 ./Core/Src/main.o
 .debug_ranges  0x0000000000000048       0x20 ./Core/Src/stm32f1xx_hal_msp.o
 .debug_ranges  0x0000000000000068       0x58 ./Core/Src/stm32f1xx_it.o
 .debug_ranges  0x00000000000000c0       0x18 ./Core/Src/system_stm32f1xx.o
 .debug_ranges  0x00000000000000d8       0x20 ./Core/Startup/startup_stm32f103c6tx.o
 .debug_ranges  0x00000000000000f8       0xd0 ./Drivers/STM32F1xx_HAL_Driver/Src/stm32f1xx_hal.o
 .debug_ranges  0x00000000000001c8       0xf0 ./Drivers/STM32F1xx_HAL_Driver/Src/stm32f1xx_hal_cortex.o
 .debug_ranges  0x00000000000002b8       0x70 ./Drivers/STM32F1xx_HAL_Driver/Src/stm32f1xx_hal_dma.o
 .debug_ranges  0x0000000000000328       0x48 ./Drivers/STM32F1xx_HAL_Driver/Src/stm32f1xx_hal_gpio.o
 .debug_ranges  0x0000000000000370       0x80 ./Drivers/STM32F1xx_HAL_Driver/Src/stm32f1xx_hal_rcc.o
 .debug_ranges  0x00000000000003f0      0x228 ./Drivers/STM32F1xx_HAL_Driver/Src/stm32f1xx_hal_uart.o
 .debug_ranges  0x0000000000000618       0x18 ./FATFS/App/fatfs.o
 .debug_ranges  0x0000000000000630       0x30 ./FATFS/Target/user_diskio.o
 .debug_ranges  0x0000000000000660       0x38 ./Middlewares/Third_Party/FatFs/src/diskio.o
 .debug_ranges  0x0000000000000698      0x200 ./Middlewares/Third_Party/FatFs/src/ff.o
 .debug_ranges  0x0000000000000898       0x30 ./Middlewares/Third_Party/FatFs/src/ff_gen_drv.o
 .debug_ranges  0x00000000000008c8       0x18 ./Middlewares/Third_Party/FatFs/src/option/ccsbcs.o

.debug_macro    0x0000000000000000    0x1775a
 .debug_macro   0x0000000000000000      0x2ea ./Core/Src/main.o
 .debug_macro   0x00000000000002ea      0xa9c ./Core/Src/main.o
 .debug_macro   0x0000000000000d86      0x215 ./Core/Src/main.o
 .debug_macro   0x0000000000000f9b       0x2e ./Core/Src/main.o
 .debug_macro   0x0000000000000fc9       0x22 ./Core/Src/main.o
 .debug_macro   0x0000000000000feb       0x22 ./Core/Src/main.o
 .debug_macro   0x000000000000100d       0x8e ./Core/Src/main.o
 .debug_macro   0x000000000000109b       0x51 ./Core/Src/main.o
 .debug_macro   0x00000000000010ec      0x103 ./Core/Src/main.o
 .debug_macro   0x00000000000011ef       0x6a ./Core/Src/main.o
 .debug_macro   0x0000000000001259      0x1df ./Core/Src/main.o
 .debug_macro   0x0000000000001438       0x1c ./Core/Src/main.o
 .debug_macro   0x0000000000001454       0x22 ./Core/Src/main.o
 .debug_macro   0x0000000000001476       0xc3 ./Core/Src/main.o
 .debug_macro   0x0000000000001539      0xd23 ./Core/Src/main.o
 .debug_macro   0x000000000000225c     0xde75 ./Core/Src/main.o
 .debug_macro   0x00000000000100d1       0x6d ./Core/Src/main.o
 .debug_macro   0x000000000001013e     0x348d ./Core/Src/main.o
 .debug_macro   0x00000000000135cb      0x174 ./Core/Src/main.o
 .debug_macro   0x000000000001373f       0x5c ./Core/Src/main.o
 .debug_macro   0x000000000001379b      0x5bc ./Core/Src/main.o
 .debug_macro   0x0000000000013d57      0x1b7 ./Core/Src/main.o
 .debug_macro   0x0000000000013f0e      0x1cb ./Core/Src/main.o
 .debug_macro   0x00000000000140d9      0x114 ./Core/Src/main.o
 .debug_macro   0x00000000000141ed      0x1b2 ./Core/Src/main.o
 .debug_macro   0x000000000001439f       0x27 ./Core/Src/main.o
 .debug_macro   0x00000000000143c6      0x12f ./Core/Src/main.o
 .debug_macro   0x00000000000144f5      0x1bc ./Core/Src/main.o
 .debug_macro   0x00000000000146b1       0x34 ./Core/Src/main.o
 .debug_macro   0x00000000000146e5       0x3c ./Core/Src/main.o
 .debug_macro   0x0000000000014721       0x57 ./Core/Src/main.o
 .debug_macro   0x0000000000014778       0x87 ./Core/Src/main.o
 .debug_macro   0x00000000000147ff      0x183 ./Core/Src/main.o
 .debug_macro   0x0000000000014982      0x140 ./Core/Src/main.o
 .debug_macro   0x0000000000014ac2      0x28e ./Core/Src/main.o
 .debug_macro   0x0000000000014d50       0x69 ./Core/Src/main.o
 .debug_macro   0x0000000000014db9       0x10 ./Core/Src/main.o
 .debug_macro   0x0000000000014dc9       0xde ./Core/Src/main.o
 .debug_macro   0x0000000000014ea7       0xf5 ./Core/Src/main.o
 .debug_macro   0x0000000000014f9c       0x8e ./Core/Src/main.o
 .debug_macro   0x000000000001502a       0x52 ./Core/Src/main.o
 .debug_macro   0x000000000001507c       0x18 ./Core/Src/main.o
 .debug_macro   0x0000000000015094       0x3c ./Core/Src/main.o
 .debug_macro   0x00000000000150d0       0x34 ./Core/Src/main.o
 .debug_macro   0x0000000000015104       0x16 ./Core/Src/main.o
 .debug_macro   0x000000000001511a       0x43 ./Core/Src/main.o
 .debug_macro   0x000000000001515d       0x34 ./Core/Src/main.o
 .debug_macro   0x0000000000015191       0x10 ./Core/Src/main.o
 .debug_macro   0x00000000000151a1       0x58 ./Core/Src/main.o
 .debug_macro   0x00000000000151f9       0x71 ./Core/Src/main.o
 .debug_macro   0x000000000001526a       0x1c ./Core/Src/main.o
 .debug_macro   0x0000000000015286      0x12a ./Core/Src/main.o
 .debug_macro   0x00000000000153b0      0x333 ./Core/Src/main.o
 .debug_macro   0x00000000000156e3       0x10 ./Core/Src/main.o
 .debug_macro   0x00000000000156f3       0x35 ./Core/Src/main.o
 .debug_macro   0x0000000000015728       0x20 ./Core/Src/main.o
 .debug_macro   0x0000000000015748       0x16 ./Core/Src/main.o
 .debug_macro   0x000000000001575e       0x16 ./Core/Src/main.o
 .debug_macro   0x0000000000015774       0x29 ./Core/Src/main.o
 .debug_macro   0x000000000001579d      0x19b ./Core/Src/stm32f1xx_hal_msp.o
 .debug_macro   0x0000000000015938      0x1a5 ./Core/Src/stm32f1xx_it.o
 .debug_macro   0x0000000000015add      0x18c ./Core/Src/system_stm32f1xx.o
 .debug_macro   0x0000000000015c69      0x1b0 ./Drivers/STM32F1xx_HAL_Driver/Src/stm32f1xx_hal.o
 .debug_macro   0x0000000000015e19      0x18c ./Drivers/STM32F1xx_HAL_Driver/Src/stm32f1xx_hal_cortex.o
 .debug_macro   0x0000000000015fa5      0x18c ./Drivers/STM32F1xx_HAL_Driver/Src/stm32f1xx_hal_dma.o
 .debug_macro   0x0000000000016131      0x1f7 ./Drivers/STM32F1xx_HAL_Driver/Src/stm32f1xx_hal_gpio.o
 .debug_macro   0x0000000000016328      0x19e ./Drivers/STM32F1xx_HAL_Driver/Src/stm32f1xx_hal_rcc.o
 .debug_macro   0x00000000000164c6      0x18d ./Drivers/STM32F1xx_HAL_Driver/Src/stm32f1xx_hal_uart.o
 .debug_macro   0x0000000000016653      0x1ee ./FATFS/App/fatfs.o
 .debug_macro   0x0000000000016841       0xd8 ./FATFS/App/fatfs.o
 .debug_macro   0x0000000000016919      0x2a3 ./FATFS/Target/user_diskio.o
 .debug_macro   0x0000000000016bbc       0x16 ./FATFS/Target/user_diskio.o
 .debug_macro   0x0000000000016bd2       0x7c ./FATFS/Target/user_diskio.o
 .debug_macro   0x0000000000016c4e       0xbd ./FATFS/Target/user_diskio.o
 .debug_macro   0x0000000000016d0b       0x56 ./FATFS/Target/user_diskio.o
 .debug_macro   0x0000000000016d61      0x1db ./Middlewares/Third_Party/FatFs/src/diskio.o
 .debug_macro   0x0000000000016f3c      0x422 ./Middlewares/Third_Party/FatFs/src/ff.o
 .debug_macro   0x000000000001735e       0x58 ./Middlewares/Third_Party/FatFs/src/ff.o
 .debug_macro   0x00000000000173b6      0x1db ./Middlewares/Third_Party/FatFs/src/ff_gen_drv.o
 .debug_macro   0x0000000000017591      0x1c9 ./Middlewares/Third_Party/FatFs/src/option/ccsbcs.o

.debug_line     0x0000000000000000     0xd9c0
 .debug_line    0x0000000000000000      0x9fc ./Core/Src/main.o
 .debug_line    0x00000000000009fc      0x6a3 ./Core/Src/stm32f1xx_hal_msp.o
 .debug_line    0x000000000000109f      0x726 ./Core/Src/stm32f1xx_it.o
 .debug_line    0x00000000000017c5      0x6ca ./Core/Src/system_stm32f1xx.o
 .debug_line    0x0000000000001e8f       0x86 ./Core/Startup/startup_stm32f103c6tx.o
 .debug_line    0x0000000000001f15      0x8f7 ./Drivers/STM32F1xx_HAL_Driver/Src/stm32f1xx_hal.o
 .debug_line    0x000000000000280c      0xadf ./Drivers/STM32F1xx_HAL_Driver/Src/stm32f1xx_hal_cortex.o
 .debug_line    0x00000000000032eb      0xd50 ./Drivers/STM32F1xx_HAL_Driver/Src/stm32f1xx_hal_dma.o
 .debug_line    0x000000000000403b      0x97a ./Drivers/STM32F1xx_HAL_Driver/Src/stm32f1xx_hal_gpio.o
 .debug_line    0x00000000000049b5      0xd03 ./Drivers/STM32F1xx_HAL_Driver/Src/stm32f1xx_hal_rcc.o
 .debug_line    0x00000000000056b8     0x2828 ./Drivers/STM32F1xx_HAL_Driver/Src/stm32f1xx_hal_uart.o
 .debug_line    0x0000000000007ee0      0x6e7 ./FATFS/App/fatfs.o
 .debug_line    0x00000000000085c7      0x874 ./FATFS/Target/user_diskio.o
 .debug_line    0x0000000000008e3b      0x758 ./Middlewares/Third_Party/FatFs/src/diskio.o
 .debug_line    0x0000000000009593     0x355f ./Middlewares/Third_Party/FatFs/src/ff.o
 .debug_line    0x000000000000caf2      0x775 ./Middlewares/Third_Party/FatFs/src/ff_gen_drv.o
 .debug_line    0x000000000000d267      0x759 ./Middlewares/Third_Party/FatFs/src/option/ccsbcs.o

.debug_str      0x0000000000000000    0x80b55
 .debug_str     0x0000000000000000    0x7e4b2 ./Core/Src/main.o
                                      0x7e909 (size before relaxing)
 .debug_str     0x000000000007e4b2      0x2ae ./Core/Src/stm32f1xx_hal_msp.o
                                      0x7acf1 (size before relaxing)
 .debug_str     0x000000000007e760       0xcf ./Core/Src/stm32f1xx_it.o
                                      0x7aa1f (size before relaxing)
 .debug_str     0x000000000007e82f       0x52 ./Core/Src/system_stm32f1xx.o
                                      0x7a5c6 (size before relaxing)
 .debug_str     0x000000000007e881       0x36 ./Core/Startup/startup_stm32f103c6tx.o
                                         0x56 (size before relaxing)
 .debug_str     0x000000000007e8b7      0x304 ./Drivers/STM32F1xx_HAL_Driver/Src/stm32f1xx_hal.o
                                      0x7ac1d (size before relaxing)
 .debug_str     0x000000000007ebbb      0x300 ./Drivers/STM32F1xx_HAL_Driver/Src/stm32f1xx_hal_cortex.o
                                      0x7ac25 (size before relaxing)
 .debug_str     0x000000000007eebb      0x23a ./Drivers/STM32F1xx_HAL_Driver/Src/stm32f1xx_hal_dma.o
                                      0x7a9a1 (size before relaxing)
 .debug_str     0x000000000007f0f5      0x31f ./Drivers/STM32F1xx_HAL_Driver/Src/stm32f1xx_hal_gpio.o
                                      0x7a98a (size before relaxing)
 .debug_str     0x000000000007f414      0x24f ./Drivers/STM32F1xx_HAL_Driver/Src/stm32f1xx_hal_rcc.o
                                      0x7a9c3 (size before relaxing)
 .debug_str     0x000000000007f663      0x62a ./Drivers/STM32F1xx_HAL_Driver/Src/stm32f1xx_hal_uart.o
                                      0x7b01b (size before relaxing)
 .debug_str     0x000000000007fc8d       0x2f ./FATFS/App/fatfs.o
                                      0x7aea9 (size before relaxing)
 .debug_str     0x000000000007fcbc       0x7e ./FATFS/Target/user_diskio.o
                                      0x7dff5 (size before relaxing)
 .debug_str     0x000000000007fd3a       0x52 ./Middlewares/Third_Party/FatFs/src/diskio.o
                                      0x7ade6 (size before relaxing)
 .debug_str     0x000000000007fd8c      0xcbd ./Middlewares/Third_Party/FatFs/src/ff.o
                                      0x7bc4b (size before relaxing)
 .debug_str     0x0000000000080a49       0xa2 ./Middlewares/Third_Party/FatFs/src/ff_gen_drv.o
                                      0x7ae37 (size before relaxing)
 .debug_str     0x0000000000080aeb       0x6a ./Middlewares/Third_Party/FatFs/src/option/ccsbcs.o
                                      0x7abd7 (size before relaxing)

.comment        0x0000000000000000       0x53
 .comment       0x0000000000000000       0x53 ./Core/Src/main.o
                                         0x54 (size before relaxing)
 .comment       0x0000000000000053       0x54 ./Core/Src/stm32f1xx_hal_msp.o
 .comment       0x0000000000000053       0x54 ./Core/Src/stm32f1xx_it.o
 .comment       0x0000000000000053       0x54 ./Core/Src/system_stm32f1xx.o
 .comment       0x0000000000000053       0x54 ./Drivers/STM32F1xx_HAL_Driver/Src/stm32f1xx_hal.o
 .comment       0x0000000000000053       0x54 ./Drivers/STM32F1xx_HAL_Driver/Src/stm32f1xx_hal_cortex.o
 .comment       0x0000000000000053       0x54 ./Drivers/STM32F1xx_HAL_Driver/Src/stm32f1xx_hal_dma.o
 .comment       0x0000000000000053       0x54 ./Drivers/STM32F1xx_HAL_Driver/Src/stm32f1xx_hal_gpio.o
 .comment       0x0000000000000053       0x54 ./Drivers/STM32F1xx_HAL_Driver/Src/stm32f1xx_hal_rcc.o
 .comment       0x0000000000000053       0x54 ./Drivers/STM32F1xx_HAL_Driver/Src/stm32f1xx_hal_uart.o
 .comment       0x0000000000000053       0x54 ./FATFS/App/fatfs.o
 .comment       0x0000000000000053       0x54 ./FATFS/Target/user_diskio.o
 .comment       0x0000000000000053       0x54 ./Middlewares/Third_Party/FatFs/src/diskio.o
 .comment       0x0000000000000053       0x54 ./Middlewares/Third_Party/FatFs/src/ff.o
 .comment       0x0000000000000053       0x54 ./Middlewares/Third_Party/FatFs/src/ff_gen_drv.o
 .comment       0x0000000000000053       0x54 ./Middlewares/Third_Party/FatFs/src/option/ccsbcs.o

.debug_frame    0x0000000000000000     0x2664
 .debug_frame   0x0000000000000000      0x11c ./Core/Src/main.o
 .debug_frame   0x000000000000011c       0x80 ./Core/Src/stm32f1xx_hal_msp.o
 .debug_frame   0x000000000000019c      0x120 ./Core/Src/stm32f1xx_it.o
 .debug_frame   0x00000000000002bc       0x58 ./Core/Src/system_stm32f1xx.o
 .debug_frame   0x0000000000000314      0x334 ./Drivers/STM32F1xx_HAL_Driver/Src/stm32f1xx_hal.o
 .debug_frame   0x0000000000000648      0x428 ./Drivers/STM32F1xx_HAL_Driver/Src/stm32f1xx_hal_cortex.o
 .debug_frame   0x0000000000000a70      0x208 ./Drivers/STM32F1xx_HAL_Driver/Src/stm32f1xx_hal_dma.o
 .debug_frame   0x0000000000000c78      0x14c ./Drivers/STM32F1xx_HAL_Driver/Src/stm32f1xx_hal_gpio.o
 .debug_frame   0x0000000000000dc4      0x218 ./Drivers/STM32F1xx_HAL_Driver/Src/stm32f1xx_hal_rcc.o
 .debug_frame   0x0000000000000fdc      0x944 ./Drivers/STM32F1xx_HAL_Driver/Src/stm32f1xx_hal_uart.o
 .debug_frame   0x0000000000001920       0x4c ./FATFS/App/fatfs.o
 .debug_frame   0x000000000000196c       0xd8 ./FATFS/Target/user_diskio.o
 .debug_frame   0x0000000000001a44       0xec ./Middlewares/Third_Party/FatFs/src/diskio.o
 .debug_frame   0x0000000000001b30      0x994 ./Middlewares/Third_Party/FatFs/src/ff.o
 .debug_frame   0x00000000000024c4       0xc8 ./Middlewares/Third_Party/FatFs/src/ff_gen_drv.o
 .debug_frame   0x000000000000258c       0x60 ./Middlewares/Third_Party/FatFs/src/option/ccsbcs.o
 .debug_frame   0x00000000000025ec       0x2c c:/st/stm32cubeide_1.7.0/stm32cubeide/plugins/com.st.stm32cube.ide.mcu.externaltools.gnu-tools-for-stm32.9-2020-q2-update.win32_2.0.0.202105311346/tools/bin/../lib/gcc/arm-none-eabi/9.3.1/../../../../arm-none-eabi/lib/thumb/v7-m/nofp\libc_nano.a(lib_a-init.o)
 .debug_frame   0x0000000000002618       0x2c c:/st/stm32cubeide_1.7.0/stm32cubeide/plugins/com.st.stm32cube.ide.mcu.externaltools.gnu-tools-for-stm32.9-2020-q2-update.win32_2.0.0.202105311346/tools/bin/../lib/gcc/arm-none-eabi/9.3.1/../../../../arm-none-eabi/lib/thumb/v7-m/nofp\libc_nano.a(lib_a-memcmp.o)
 .debug_frame   0x0000000000002644       0x20 c:/st/stm32cubeide_1.7.0/stm32cubeide/plugins/com.st.stm32cube.ide.mcu.externaltools.gnu-tools-for-stm32.9-2020-q2-update.win32_2.0.0.202105311346/tools/bin/../lib/gcc/arm-none-eabi/9.3.1/../../../../arm-none-eabi/lib/thumb/v7-m/nofp\libc_nano.a(lib_a-memset.o)
