../Core/Src/stm32h5xx_it.c:69:6:NMI_Handler	312	static,ignoring_inline_asm
../Core/Src/stm32h5xx_it.c:112:6:HardFault_Handler	8	static
../Core/Src/stm32h5xx_it.c:129:6:MemManage_Handler	4	static
../Core/Src/stm32h5xx_it.c:144:6:BusFault_Handler	4	static
../Core/Src/stm32h5xx_it.c:159:6:UsageFault_Handler	4	static
../Core/Src/stm32h5xx_it.c:174:6:SVC_Handler	4	static
../Core/Src/stm32h5xx_it.c:187:6:DebugMon_Handler	4	static
../Core/Src/stm32h5xx_it.c:200:6:PendSV_Handler	4	static
../Core/Src/stm32h5xx_it.c:213:6:SysTick_Handler	8	static
../Core/Src/stm32h5xx_it.c:234:6:UART5_IRQHandler	8	static
