../Core/Src/SRAM_Operations.c:71:9:SRAM_operation	384	static
../Core/Src/SRAM_Operations.c:147:6:get_NAND_data	8208	static
../Core/Src/SRAM_Operations.c:159:9:get_NAND_address	8	static
../Core/Src/SRAM_Operations.c:175:6:update_NAND_addr	8	static
../Core/Src/SRAM_Operations.c:183:6:update_NAND_CyclicAddr	8	static
../Core/Src/SRAM_Operations.c:191:9:get_NAND_CyclicAddr	8	static
../Core/Src/SRAM_Operations.c:200:6:update_SRAM_Addr	8	static
../Core/Src/SRAM_Operations.c:213:10:get_SRAM_Addr	16	static
../Core/Src/SRAM_Operations.c:236:9:Init_NAND_addr	8	static
../Core/Src/SRAM_Operations.c:249:6:time_setter	16	static
