Archive member included to satisfy reference by file (symbol)

C:/ST/STM32CubeIDE_1.17.0/STM32CubeIDE/plugins/com.st.stm32cube.ide.mcu.externaltools.gnu-tools-for-stm32.12.3.rel1.win32_1.1.0.202410251130/tools/bin/../lib/gcc/arm-none-eabi/12.3.1/../../../../arm-none-eabi/lib/thumb/v8-m.main+fp/hard\libc_nano.a(libc_a-exit.o)
                              C:/ST/STM32CubeIDE_1.17.0/STM32CubeIDE/plugins/com.st.stm32cube.ide.mcu.externaltools.gnu-tools-for-stm32.12.3.rel1.win32_1.1.0.202410251130/tools/bin/../lib/gcc/arm-none-eabi/12.3.1/../../../../arm-none-eabi/lib/thumb/v8-m.main+fp/hard/crt0.o (exit)
C:/ST/STM32CubeIDE_1.17.0/STM32CubeIDE/plugins/com.st.stm32cube.ide.mcu.externaltools.gnu-tools-for-stm32.12.3.rel1.win32_1.1.0.202410251130/tools/bin/../lib/gcc/arm-none-eabi/12.3.1/../../../../arm-none-eabi/lib/thumb/v8-m.main+fp/hard\libc_nano.a(libc_a-nano-vfprintf_float.o)
                              (_printf_float)
C:/ST/STM32CubeIDE_1.17.0/STM32CubeIDE/plugins/com.st.stm32cube.ide.mcu.externaltools.gnu-tools-for-stm32.12.3.rel1.win32_1.1.0.202410251130/tools/bin/../lib/gcc/arm-none-eabi/12.3.1/../../../../arm-none-eabi/lib/thumb/v8-m.main+fp/hard\libc_nano.a(libc_a-nano-vfprintf_i.o)
                              C:/ST/STM32CubeIDE_1.17.0/STM32CubeIDE/plugins/com.st.stm32cube.ide.mcu.externaltools.gnu-tools-for-stm32.12.3.rel1.win32_1.1.0.202410251130/tools/bin/../lib/gcc/arm-none-eabi/12.3.1/../../../../arm-none-eabi/lib/thumb/v8-m.main+fp/hard\libc_nano.a(libc_a-nano-vfprintf_float.o) (_printf_common)
C:/ST/STM32CubeIDE_1.17.0/STM32CubeIDE/plugins/com.st.stm32cube.ide.mcu.externaltools.gnu-tools-for-stm32.12.3.rel1.win32_1.1.0.202410251130/tools/bin/../lib/gcc/arm-none-eabi/12.3.1/../../../../arm-none-eabi/lib/thumb/v8-m.main+fp/hard\libc_nano.a(libc_a-findfp.o)
                              C:/ST/STM32CubeIDE_1.17.0/STM32CubeIDE/plugins/com.st.stm32cube.ide.mcu.externaltools.gnu-tools-for-stm32.12.3.rel1.win32_1.1.0.202410251130/tools/bin/../lib/gcc/arm-none-eabi/12.3.1/../../../../arm-none-eabi/lib/thumb/v8-m.main+fp/hard\libc_nano.a(libc_a-exit.o) (__stdio_exit_handler)
C:/ST/STM32CubeIDE_1.17.0/STM32CubeIDE/plugins/com.st.stm32cube.ide.mcu.externaltools.gnu-tools-for-stm32.12.3.rel1.win32_1.1.0.202410251130/tools/bin/../lib/gcc/arm-none-eabi/12.3.1/../../../../arm-none-eabi/lib/thumb/v8-m.main+fp/hard\libc_nano.a(libc_a-fwalk.o)
                              C:/ST/STM32CubeIDE_1.17.0/STM32CubeIDE/plugins/com.st.stm32cube.ide.mcu.externaltools.gnu-tools-for-stm32.12.3.rel1.win32_1.1.0.202410251130/tools/bin/../lib/gcc/arm-none-eabi/12.3.1/../../../../arm-none-eabi/lib/thumb/v8-m.main+fp/hard\libc_nano.a(libc_a-findfp.o) (_fwalk_sglue)
C:/ST/STM32CubeIDE_1.17.0/STM32CubeIDE/plugins/com.st.stm32cube.ide.mcu.externaltools.gnu-tools-for-stm32.12.3.rel1.win32_1.1.0.202410251130/tools/bin/../lib/gcc/arm-none-eabi/12.3.1/../../../../arm-none-eabi/lib/thumb/v8-m.main+fp/hard\libc_nano.a(libc_a-sprintf.o)
                              ./Core/Src/ATP_Mode.o (sprintf)
C:/ST/STM32CubeIDE_1.17.0/STM32CubeIDE/plugins/com.st.stm32cube.ide.mcu.externaltools.gnu-tools-for-stm32.12.3.rel1.win32_1.1.0.202410251130/tools/bin/../lib/gcc/arm-none-eabi/12.3.1/../../../../arm-none-eabi/lib/thumb/v8-m.main+fp/hard\libc_nano.a(libc_a-stdio.o)
                              C:/ST/STM32CubeIDE_1.17.0/STM32CubeIDE/plugins/com.st.stm32cube.ide.mcu.externaltools.gnu-tools-for-stm32.12.3.rel1.win32_1.1.0.202410251130/tools/bin/../lib/gcc/arm-none-eabi/12.3.1/../../../../arm-none-eabi/lib/thumb/v8-m.main+fp/hard\libc_nano.a(libc_a-findfp.o) (__sread)
C:/ST/STM32CubeIDE_1.17.0/STM32CubeIDE/plugins/com.st.stm32cube.ide.mcu.externaltools.gnu-tools-for-stm32.12.3.rel1.win32_1.1.0.202410251130/tools/bin/../lib/gcc/arm-none-eabi/12.3.1/../../../../arm-none-eabi/lib/thumb/v8-m.main+fp/hard\libc_nano.a(libc_a-memset.o)
                              C:/ST/STM32CubeIDE_1.17.0/STM32CubeIDE/plugins/com.st.stm32cube.ide.mcu.externaltools.gnu-tools-for-stm32.12.3.rel1.win32_1.1.0.202410251130/tools/bin/../lib/gcc/arm-none-eabi/12.3.1/../../../../arm-none-eabi/lib/thumb/v8-m.main+fp/hard/crt0.o (memset)
C:/ST/STM32CubeIDE_1.17.0/STM32CubeIDE/plugins/com.st.stm32cube.ide.mcu.externaltools.gnu-tools-for-stm32.12.3.rel1.win32_1.1.0.202410251130/tools/bin/../lib/gcc/arm-none-eabi/12.3.1/../../../../arm-none-eabi/lib/thumb/v8-m.main+fp/hard\libc_nano.a(libc_a-strncat.o)
                              ./Core/Src/SRAM_Operations.o (strncat)
C:/ST/STM32CubeIDE_1.17.0/STM32CubeIDE/plugins/com.st.stm32cube.ide.mcu.externaltools.gnu-tools-for-stm32.12.3.rel1.win32_1.1.0.202410251130/tools/bin/../lib/gcc/arm-none-eabi/12.3.1/../../../../arm-none-eabi/lib/thumb/v8-m.main+fp/hard\libc_nano.a(libc_a-strstr.o)
                              ./Core/Src/ATP_Mode.o (strstr)
[...]
Memory Configuration

Name             Origin             Length             Attributes
RAM              0x20000000         0x000a0000         xrw
FLASH            0x08000000         0x00200000         xr
*default*        0x00000000         0xffffffff

Linker script and memory map

LOAD C:/ST/STM32CubeIDE_1.17.0/STM32CubeIDE/plugins/com.st.stm32cube.ide.mcu.externaltools.gnu-tools-for-stm32.12.3.rel1.win32_1.1.0.202410251130/tools/bin/../lib/gcc/arm-none-eabi/12.3.1/thumb/v8-m.main+fp/hard/crti.o
LOAD C:/ST/STM32CubeIDE_1.17.0/STM32CubeIDE/plugins/com.st.stm32cube.ide.mcu.externaltools.gnu-tools-for-stm32.12.3.rel1.win32_1.1.0.202410251130/tools/bin/../lib/gcc/arm-none-eabi/12.3.1/thumb/v8-m.main+fp/hard/crtbegin.o
LOAD C:/ST/STM32CubeIDE_1.17.0/STM32CubeIDE/plugins/com.st.stm32cube.ide.mcu.externaltools.gnu-tools-for-stm32.12.3.rel1.win32_1.1.0.202410251130/tools/bin/../lib/gcc/arm-none-eabi/12.3.1/../../../../arm-none-eabi/lib/thumb/v8-m.main+fp/hard/crt0.o
LOAD ./Core/Src/ADC_Operations.o
LOAD ./Core/Src/ATP_Mode.o
LOAD ./Core/Src/NAND_Operations.o
LOAD ./Core/Src/SRAM_Operations.o
LOAD ./Core/Src/main.o
LOAD ./Core/Src/stm32h5xx_hal_msp.o
LOAD ./Core/Src/stm32h5xx_it.o
LOAD ./Core/Src/syscalls.o
LOAD ./Core/Src/sysmem.o
LOAD ./Core/Src/system_stm32h5xx.o
LOAD ./Core/Startup/startup_stm32h573zitxq.o
LOAD ./Drivers/STM32H5xx_HAL_Driver/Src/stm32h5xx_hal.o
LOAD ./Drivers/STM32H5xx_HAL_Driver/Src/stm32h5xx_hal_cortex.o
LOAD ./Drivers/STM32H5xx_HAL_Driver/Src/stm32h5xx_hal_dma.o
LOAD ./Drivers/STM32H5xx_HAL_Driver/Src/stm32h5xx_hal_dma_ex.o
LOAD ./Drivers/STM32H5xx_HAL_Driver/Src/stm32h5xx_hal_exti.o
LOAD ./Drivers/STM32H5xx_HAL_Driver/Src/stm32h5xx_hal_flash.o
LOAD ./Drivers/STM32H5xx_HAL_Driver/Src/stm32h5xx_hal_flash_ex.o
LOAD ./Drivers/STM32H5xx_HAL_Driver/Src/stm32h5xx_hal_gpio.o
LOAD ./Drivers/STM32H5xx_HAL_Driver/Src/stm32h5xx_hal_icache.o
LOAD ./Drivers/STM32H5xx_HAL_Driver/Src/stm32h5xx_hal_nand.o
LOAD ./Drivers/STM32H5xx_HAL_Driver/Src/stm32h5xx_hal_pwr.o
LOAD ./Drivers/STM32H5xx_HAL_Driver/Src/stm32h5xx_hal_pwr_ex.o
LOAD ./Drivers/STM32H5xx_HAL_Driver/Src/stm32h5xx_hal_rcc.o
LOAD ./Drivers/STM32H5xx_HAL_Driver/Src/stm32h5xx_hal_rcc_ex.o
LOAD ./Drivers/STM32H5xx_HAL_Driver/Src/stm32h5xx_hal_spi.o
LOAD ./Drivers/STM32H5xx_HAL_Driver/Src/stm32h5xx_hal_spi_ex.o
LOAD ./Drivers/STM32H5xx_HAL_Driver/Src/stm32h5xx_hal_sram.o
LOAD ./Drivers/STM32H5xx_HAL_Driver/Src/stm32h5xx_hal_tim.o
LOAD ./Drivers/STM32H5xx_HAL_Driver/Src/stm32h5xx_hal_tim_ex.o
LOAD ./Drivers/STM32H5xx_HAL_Driver/Src/stm32h5xx_hal_uart.o
LOAD ./Drivers/STM32H5xx_HAL_Driver/Src/stm32h5xx_hal_uart_ex.o
LOAD ./Drivers/STM32H5xx_HAL_Driver/Src/stm32h5xx_ll_fmc.o
START GROUP
LOAD C:/ST/STM32CubeIDE_1.17.0/STM32CubeIDE/plugins/com.st.stm32cube.ide.mcu.externaltools.gnu-tools-for-stm32.12.3.rel1.win32_1.1.0.202410251130/tools/bin/../lib/gcc/arm-none-eabi/12.3.1/../../../../arm-none-eabi/lib/thumb/v8-m.main+fp/hard\libc_nano.a
LOAD C:/ST/STM32CubeIDE_1.17.0/STM32CubeIDE/plugins/com.st.stm32cube.ide.mcu.externaltools.gnu-tools-for-stm32.12.3.rel1.win32_1.1.0.202410251130/tools/bin/../lib/gcc/arm-none-eabi/12.3.1/../../../../arm-none-eabi/lib/thumb/v8-m.main+fp/hard\libm.a
END GROUP
START GROUP
LOAD C:/ST/STM32CubeIDE_1.17.0/STM32CubeIDE/plugins/com.st.stm32cube.ide.mcu.externaltools.gnu-tools-for-stm32.12.3.rel1.win32_1.1.0.202410251130/tools/bin/../lib/gcc/arm-none-eabi/12.3.1/thumb/v8-m.main+fp/hard\libgcc.a
LOAD C:/ST/STM32CubeIDE_1.17.0/STM32CubeIDE/plugins/com.st.stm32cube.ide.mcu.externaltools.gnu-tools-for-stm32.12.3.rel1.win32_1.1.0.202410251130/tools/bin/../lib/gcc/arm-none-eabi/12.3.1/../../../../arm-none-eabi/lib/thumb/v8-m.main+fp/hard\libc_nano.a
END GROUP
START GROUP
LOAD C:/ST/STM32CubeIDE_1.17.0/STM32CubeIDE/plugins/com.st.stm32cube.ide.mcu.externaltools.gnu-tools-for-stm32.12.3.rel1.win32_1.1.0.202410251130/tools/bin/../lib/gcc/arm-none-eabi/12.3.1/thumb/v8-m.main+fp/hard\libgcc.a
LOAD C:/ST/STM32CubeIDE_1.17.0/STM32CubeIDE/plugins/com.st.stm32cube.ide.mcu.externaltools.gnu-tools-for-stm32.12.3.rel1.win32_1.1.0.202410251130/tools/bin/../lib/gcc/arm-none-eabi/12.3.1/../../../../arm-none-eabi/lib/thumb/v8-m.main+fp/hard\libc_nano.a
LOAD C:/ST/STM32CubeIDE_1.17.0/STM32CubeIDE/plugins/com.st.stm32cube.ide.mcu.externaltools.gnu-tools-for-stm32.12.3.rel1.win32_1.1.0.202410251130/tools/bin/../lib/gcc/arm-none-eabi/12.3.1/../../../../arm-none-eabi/lib/thumb/v8-m.main+fp/hard\libnosys.a
END GROUP
START GROUP
LOAD C:/ST/STM32CubeIDE_1.17.0/STM32CubeIDE/plugins/com.st.stm32cube.ide.mcu.externaltools.gnu-tools-for-stm32.12.3.rel1.win32_1.1.0.202410251130/tools/bin/../lib/gcc/arm-none-eabi/12.3.1/thumb/v8-m.main+fp/hard\libgcc.a
LOAD C:/ST/STM32CubeIDE_1.17.0/STM32CubeIDE/plugins/com.st.stm32cube.ide.mcu.externaltools.gnu-tools-for-stm32.12.3.rel1.win32_1.1.0.202410251130/tools/bin/../lib/gcc/arm-none-eabi/12.3.1/../../../../arm-none-eabi/lib/thumb/v8-m.main+fp/hard\libc_nano.a
LOAD C:/ST/STM32CubeIDE_1.17.0/STM32CubeIDE/plugins/com.st.stm32cube.ide.mcu.externaltools.gnu-tools-for-stm32.12.3.rel1.win32_1.1.0.202410251130/tools/bin/../lib/gcc/arm-none-eabi/12.3.1/../../../../arm-none-eabi/lib/thumb/v8-m.main+fp/hard\libnosys.a
END GROUP
LOAD C:/ST/STM32CubeIDE_1.17.0/STM32CubeIDE/plugins/com.st.stm32cube.ide.mcu.externaltools.gnu-tools-for-stm32.12.3.rel1.win32_1.1.0.202410251130/tools/bin/../lib/gcc/arm-none-eabi/12.3.1/thumb/v8-m.main+fp/hard/crtend.o
LOAD C:/ST/STM32CubeIDE_1.17.0/STM32CubeIDE/plugins/com.st.stm32cube.ide.mcu.externaltools.gnu-tools-for-stm32.12.3.rel1.win32_1.1.0.202410251130/tools/bin/../lib/gcc/arm-none-eabi/12.3.1/thumb/v8-m.main+fp/hard/crtn.o
                0x200a0000                        _estack = (ORIGIN (RAM) + LENGTH (RAM))
                0x00000200                        _Min_Heap_Size = 0x200
                0x00000400                        _Min_Stack_Size = 0x400

.isr_vector     0x08000000      0x24c
                0x08000000                        . = ALIGN (0x4)
 *(.isr_vector)
 .isr_vector    0x08000000      0x24c ./Core/Startup/startup_stm32h573zitxq.o
                0x08000000                g_pfnVectors
                0x0800024c                        . = ALIGN (0x4)

.text           0x08000250    0x1211c
                0x08000250                        . = ALIGN (0x4)
 *(.text)
 .text          0x08000250       0x40 C:/ST/STM32CubeIDE_1.17.0/STM32CubeIDE/plugins/com.st.stm32cube.ide.mcu.externaltools.gnu-tools-for-stm32.12.3.rel1.win32_1.1.0.202410251130/tools/bin/../lib/gcc/arm-none-eabi/12.3.1/thumb/v8-m.main+fp/hard/crtbegin.o
 .text          0x08000290       0x10 C:/ST/STM32CubeIDE_1.17.0/STM32CubeIDE/plugins/com.st.stm32cube.ide.mcu.externaltools.gnu-tools-for-stm32.12.3.rel1.win32_1.1.0.202410251130/tools/bin/../lib/gcc/arm-none-eabi/12.3.1/../../../../arm-none-eabi/lib/thumb/v8-m.main+fp/hard\libc_nano.a(libc_a-strlen.o)
                0x08000290                strlen
 .text          0x080002a0      0x378 C:/ST/STM32CubeIDE_1.17.0/STM32CubeIDE/plugins/com.st.stm32cube.ide.mcu.externaltools.gnu-tools-for-stm32.12.3.rel1.win32_1.1.0.202410251130/tools/bin/../lib/gcc/arm-none-eabi/12.3.1/thumb/v8-m.main+fp/hard\libgcc.a(_arm_addsubdf3.o)
                0x080002a0                __aeabi_drsub
                0x080002a8                __aeabi_dsub
                0x080002a8                __subdf3
                0x080002ac                __aeabi_dadd
                0x080002ac                __adddf3
                0x08000524                __floatunsidf
                0x08000524                __aeabi_ui2d
                0x08000544                __floatsidf
                0x08000544                __aeabi_i2d
                0x08000568                __aeabi_f2d
                0x08000568                __extendsfdf2
                0x080005ac                __floatundidf
                0x080005ac                __aeabi_ul2d
                0x080005bc                __floatdidf
                0x080005bc                __aeabi_l2d
 .text          0x08000618      0x424 C:/ST/STM32CubeIDE_1.17.0/STM32CubeIDE/plugins/com.st.stm32cube.ide.mcu.externaltools.gnu-tools-for-stm32.12.3.rel1.win32_1.1.0.202410251130/tools/bin/../lib/gcc/arm-none-eabi/12.3.1/thumb/v8-m.main+fp/hard\libgcc.a(_arm_muldivdf3.o)
                0x08000618                __aeabi_dmul
                0x08000618                __muldf3
                0x0800086c                __divdf3
                0x0800086c                __aeabi_ddiv
 .text          0x08000a3c      0x110 C:/ST/STM32CubeIDE_1.17.0/STM32CubeIDE/plugins/com.st.stm32cube.ide.mcu.externaltools.gnu-tools-for-stm32.12.3.rel1.win32_1.1.0.202410251130/tools/bin/../lib/gcc/arm-none-eabi/12.3.1/thumb/v8-m.main+fp/hard\libgcc.a(_arm_cmpdf2.o)
                0x08000a3c                __gtdf2
                0x08000a3c                __gedf2
                0x08000a44                __ltdf2
                0x08000a44                __ledf2
                0x08000a4c                __nedf2
                0x08000a4c                __eqdf2
                0x08000a4c                __cmpdf2
                0x08000ac8                __aeabi_cdrcmple
                0x08000ad8                __aeabi_cdcmpeq
                0x08000ad8                __aeabi_cdcmple
                0x08000ae8                __aeabi_dcmpeq
                0x08000afc                __aeabi_dcmplt
                0x08000b10                __aeabi_dcmple
                0x08000b24                __aeabi_dcmpge
                0x08000b38                __aeabi_dcmpgt
 .text          0x08000b4c       0x2c C:/ST/STM32CubeIDE_1.17.0/STM32CubeIDE/plugins/com.st.stm32cube.ide.mcu.externaltools.gnu-tools-for-stm32.12.3.rel1.win32_1.1.0.202410251130/tools/bin/../lib/gcc/arm-none-eabi/12.3.1/thumb/v8-m.main+fp/hard\libgcc.a(_arm_unorddf2.o)
                0x08000b4c                __unorddf2
                0x08000b4c                __aeabi_dcmpun
 .text          0x08000b78       0x50 C:/ST/STM32CubeIDE_1.17.0/STM32CubeIDE/plugins/com.st.stm32cube.ide.mcu.externaltools.gnu-tools-for-stm32.12.3.rel1.win32_1.1.0.202410251130/tools/bin/../lib/gcc/arm-none-eabi/12.3.1/thumb/v8-m.main+fp/hard\libgcc.a(_arm_fixdfsi.o)
                0x08000b78                __aeabi_d2iz
                0x08000b78                __fixdfsi
 .text          0x08000bc8       0xa0 C:/ST/STM32CubeIDE_1.17.0/STM32CubeIDE/plugins/com.st.stm32cube.ide.mcu.externaltools.gnu-tools-for-stm32.12.3.rel1.win32_1.1.0.202410251130/tools/bin/../lib/gcc/arm-none-eabi/12.3.1/thumb/v8-m.main+fp/hard\libgcc.a(_arm_truncdfsf2.o)
                0x08000bc8                __truncdfsf2
                0x08000bc8                __aeabi_d2f
 .text          0x08000c68       0x30 C:/ST/STM32CubeIDE_1.17.0/STM32CubeIDE/plugins/com.st.stm32cube.ide.mcu.externaltools.gnu-tools-for-stm32.12.3.rel1.win32_1.1.0.202410251130/tools/bin/../lib/gcc/arm-none-eabi/12.3.1/thumb/v8-m.main+fp/hard\libgcc.a(_aeabi_uldivmod.o)
                0x08000c68                __aeabi_uldivmod
 .text          0x08000c98      0x2e4 C:/ST/STM32CubeIDE_1.17.0/STM32CubeIDE/plugins/com.st.stm32cube.ide.mcu.externaltools.gnu-tools-for-stm32.12.3.rel1.win32_1.1.0.202410251130/tools/bin/../lib/gcc/arm-none-eabi/12.3.1/thumb/v8-m.main+fp/hard\libgcc.a(_udivmoddi4.o)
                0x08000c98                __udivmoddi4
 .text          0x08000f7c        0x4 C:/ST/STM32CubeIDE_1.17.0/STM32CubeIDE/plugins/com.st.stm32cube.ide.mcu.externaltools.gnu-tools-for-stm32.12.3.rel1.win32_1.1.0.202410251130/tools/bin/../lib/gcc/arm-none-eabi/12.3.1/thumb/v8-m.main+fp/hard\libgcc.a(_dvmd_tls.o)
                0x08000f7c                __aeabi_idiv0
                0x08000f7c                __aeabi_ldiv0
 *(.text*)
 .text.ADC_operation
                0x08000f80       0x58 ./Core/Src/ADC_Operations.o
                0x08000f80                ADC_operation
 .text.ADC_READ
                0x08000fd8      0xd98 ./Core/Src/ADC_Operations.o
                0x08000fd8                ADC_READ
 .text.check_sensor_validity
                0x08001d70       0x30 ./Core/Src/ADC_Operations.o
                0x08001d70                check_sensor_validity
 .text.wire_break
                0x08001da0       0x80 ./Core/Src/ADC_Operations.o
                0x08001da0                wire_break
 .text.NAND_operation
                0x08001e20      0x1d4 ./Core/Src/NAND_Operations.o
                0x08001e20                NAND_operation
 .text.get_NAND_block_status
                0x08001ff4       0x5c ./Core/Src/NAND_Operations.o
                0x08001ff4                get_NAND_block_status
 .text.set_NAND_block_status
                0x08002050       0x74 ./Core/Src/NAND_Operations.o
                0x08002050                set_NAND_block_status
 .text.count_set_bits
                0x080020c4       0x36 ./Core/Src/NAND_Operations.o
                0x080020c4                count_set_bits
 .text.calculate_hamming_distance
                0x080020fa       0x50 ./Core/Src/NAND_Operations.o
                0x080020fa                calculate_hamming_distance
 *fill*         0x0800214a        0x2 
 .text.handle_bad_block
                0x0800214c       0xb8 ./Core/Src/NAND_Operations.o
                0x0800214c                handle_bad_block
 .text.get_Good_NAND_block
                0x08002204       0x7c ./Core/Src/NAND_Operations.o
                0x08002204                get_Good_NAND_block
 .text.SRAM_operation
                0x08002280      0x3d0 ./Core/Src/SRAM_Operations.o
                0x08002280                SRAM_operation
 .text.get_NAND_data
                0x08002650       0xf4 ./Core/Src/SRAM_Operations.o
                0x08002650                get_NAND_data
 .text.get_NAND_address
                0x08002744       0x54 ./Core/Src/SRAM_Operations.o
                0x08002744                get_NAND_address
 .text.update_NAND_addr
                0x08002798       0x24 ./Core/Src/SRAM_Operations.o
                0x08002798                update_NAND_addr
 .text.update_NAND_CyclicAddr
                0x080027bc       0x24 ./Core/Src/SRAM_Operations.o
                0x080027bc                update_NAND_CyclicAddr
 .text.get_NAND_CyclicAddr
                0x080027e0       0x28 ./Core/Src/SRAM_Operations.o
                0x080027e0                get_NAND_CyclicAddr
 .text.update_SRAM_Addr
                0x08002808       0x3c ./Core/Src/SRAM_Operations.o
                0x08002808                update_SRAM_Addr
 .text.get_SRAM_Addr
                0x08002844       0x6c ./Core/Src/SRAM_Operations.o
                0x08002844                get_SRAM_Addr
 .text.time_setter
                0x080028b0      0x228 ./Core/Src/SRAM_Operations.o
                0x080028b0                time_setter
 .text.main     0x08002ad8       0xa8 ./Core/Src/main.o
                0x08002ad8                main
 .text.SystemClock_Config
                0x08002b80       0xe0 ./Core/Src/main.o
                0x08002b80                SystemClock_Config
 .text.MX_ICACHE_Init
                0x08002c60       0x26 ./Core/Src/main.o
 *fill*         0x08002c86        0x2 
 .text.MX_SPI2_Init
                0x08002c88       0xac ./Core/Src/main.o
 .text.MX_SPI3_Init
                0x08002d34       0xac ./Core/Src/main.o
 .text.MX_SPI5_Init
                0x08002de0       0xac ./Core/Src/main.o
 .text.MX_UART4_Init
                0x08002e8c       0x98 ./Core/Src/main.o
 .text.MX_UART5_Init
                0x08002f24       0x98 ./Core/Src/main.o
 .text.MX_UART8_Init
                0x08002fbc       0x9c ./Core/Src/main.o
 .text.MX_USART10_UART_Init
                0x08003058       0x98 ./Core/Src/main.o
 .text.MX_FMC_Init
                0x080030f0      0x198 ./Core/Src/main.o
 .text.MX_GPIO_Init
                0x08003288      0x360 ./Core/Src/main.o
 .text.UART_InitAllHandlers
                0x080035e8       0x50 ./Core/Src/main.o
                0x080035e8                UART_InitAllHandlers
 .text.HAL_UART_RxCpltCallback
                0x08003638      0x480 ./Core/Src/main.o
                0x08003638                HAL_UART_RxCpltCallback
 .text.HAL_GPIO_EXTI_Falling_Callback
                0x08003ab8       0x16 ./Core/Src/main.o
                0x08003ab8                HAL_GPIO_EXTI_Falling_Callback
 .text.Error_Handler
                0x08003ace        0xc ./Core/Src/main.o
                0x08003ace                Error_Handler
 .text.HAL_MspInit
                0x08003ada        0xe ./Core/Src/stm32h5xx_hal_msp.o
                0x08003ada                HAL_MspInit
 .text.HAL_SPI_MspInit
                0x08003ae8      0x2d0 ./Core/Src/stm32h5xx_hal_msp.o
                0x08003ae8                HAL_SPI_MspInit
 .text.HAL_UART_MspInit
                0x08003db8      0x3e0 ./Core/Src/stm32h5xx_hal_msp.o
                0x08003db8                HAL_UART_MspInit
 .text.HAL_FMC_MspInit
                0x08004198      0x144 ./Core/Src/stm32h5xx_hal_msp.o
 .text.HAL_SRAM_MspInit
                0x080042dc       0x14 ./Core/Src/stm32h5xx_hal_msp.o
                0x080042dc                HAL_SRAM_MspInit
 .text.HAL_NAND_MspInit
                0x080042f0       0x14 ./Core/Src/stm32h5xx_hal_msp.o
                0x080042f0                HAL_NAND_MspInit
 .text.NMI_Handler
                0x08004304        0x8 ./Core/Src/stm32h5xx_it.o
                0x08004304                NMI_Handler
 .text.HardFault_Handler
                0x0800430c        0x8 ./Core/Src/stm32h5xx_it.o
                0x0800430c                HardFault_Handler
 .text.MemManage_Handler
                0x08004314        0x8 ./Core/Src/stm32h5xx_it.o
                0x08004314                MemManage_Handler
 .text.BusFault_Handler
                0x0800431c        0x8 ./Core/Src/stm32h5xx_it.o
                0x0800431c                BusFault_Handler
 .text.UsageFault_Handler
                0x08004324        0x8 ./Core/Src/stm32h5xx_it.o
                0x08004324                UsageFault_Handler
 .text.SVC_Handler
                0x0800432c        0xe ./Core/Src/stm32h5xx_it.o
                0x0800432c                SVC_Handler
 .text.DebugMon_Handler
                0x0800433a        0xe ./Core/Src/stm32h5xx_it.o
                0x0800433a                DebugMon_Handler
 .text.PendSV_Handler
                0x08004348        0xe ./Core/Src/stm32h5xx_it.o
                0x08004348                PendSV_Handler
 .text.SysTick_Handler
                0x08004356        0xc ./Core/Src/stm32h5xx_it.o
                0x08004356                SysTick_Handler
 .text.EXTI1_IRQHandler
                0x08004362        0xe ./Core/Src/stm32h5xx_it.o
                0x08004362                EXTI1_IRQHandler
 .text.EXTI7_IRQHandler
                0x08004370        0xe ./Core/Src/stm32h5xx_it.o
                0x08004370                EXTI7_IRQHandler
 .text.EXTI11_IRQHandler
                0x0800437e       0x10 ./Core/Src/stm32h5xx_it.o
                0x0800437e                EXTI11_IRQHandler
 *fill*         0x0800438e        0x2 
 .text.UART4_IRQHandler
                0x08004390       0x14 ./Core/Src/stm32h5xx_it.o
                0x08004390                UART4_IRQHandler
 .text.UART5_IRQHandler
                0x080043a4       0x14 ./Core/Src/stm32h5xx_it.o
                0x080043a4                UART5_IRQHandler
 .text.UART8_IRQHandler
                0x080043b8       0x14 ./Core/Src/stm32h5xx_it.o
                0x080043b8                UART8_IRQHandler
 .text.USART10_IRQHandler
                0x080043cc       0x14 ./Core/Src/stm32h5xx_it.o
                0x080043cc                USART10_IRQHandler
 .text._getpid  0x080043e0       0x10 ./Core/Src/syscalls.o
                0x080043e0                _getpid
 .text._kill    0x080043f0       0x20 ./Core/Src/syscalls.o
                0x080043f0                _kill
 .text._exit    0x08004410       0x16 ./Core/Src/syscalls.o
                0x08004410                _exit
 .text._read    0x08004426       0x3a ./Core/Src/syscalls.o
                0x08004426                _read
 .text._write   0x08004460       0x38 ./Core/Src/syscalls.o
                0x08004460                _write
 .text._close   0x08004498       0x18 ./Core/Src/syscalls.o
                0x08004498                _close
 .text._fstat   0x080044b0       0x20 ./Core/Src/syscalls.o
                0x080044b0                _fstat
 .text._isatty  0x080044d0       0x16 ./Core/Src/syscalls.o
                0x080044d0                _isatty
 .text._lseek   0x080044e6       0x1a ./Core/Src/syscalls.o
                0x080044e6                _lseek
 .text._sbrk    0x08004500       0x6c ./Core/Src/sysmem.o
                0x08004500                _sbrk
 .text.SystemInit
                0x0800456c       0xf8 ./Core/Src/system_stm32h5xx.o
                0x0800456c                SystemInit
 .text.Reset_Handler
                0x08004664       0x50 ./Core/Startup/startup_stm32h573zitxq.o
                0x08004664                Reset_Handler
 .text.Default_Handler
                0x080046b4        0x2 ./Core/Startup/startup_stm32h573zitxq.o
                0x080046b4                EXTI2_IRQHandler
                0x080046b4                TIM8_TRG_COM_IRQHandler
                0x080046b4                TIM8_CC_IRQHandler
                0x080046b4                EXTI5_IRQHandler
                0x080046b4                I3C1_ER_IRQHandler
                0x080046b4                SPI4_IRQHandler
                0x080046b4                GPDMA2_Channel1_IRQHandler
                0x080046b4                FLASH_S_IRQHandler
                0x080046b4                EXTI13_IRQHandler
                0x080046b4                TIM1_CC_IRQHandler
                0x080046b4                GPDMA2_Channel3_IRQHandler
                0x080046b4                TAMP_IRQHandler
                0x080046b4                TIM6_IRQHandler
                0x080046b4                EXTI12_IRQHandler
                0x080046b4                CORDIC_IRQHandler
                0x080046b4                USB_DRD_FS_IRQHandler
                0x080046b4                EXTI3_IRQHandler
                0x080046b4                LPTIM4_IRQHandler
                0x080046b4                GPDMA1_Channel5_IRQHandler
                0x080046b4                EXTI8_IRQHandler
                0x080046b4                GPDMA2_Channel5_IRQHandler
                0x080046b4                LPTIM2_IRQHandler
                0x080046b4                I2C3_ER_IRQHandler
                0x080046b4                GPDMA2_Channel2_IRQHandler
                0x080046b4                LPTIM3_IRQHandler
                0x080046b4                EXTI0_IRQHandler
                0x080046b4                I2C2_EV_IRQHandler
                0x080046b4                FPU_IRQHandler
                0x080046b4                GPDMA1_Channel3_IRQHandler
                0x080046b4                GPDMA1_Channel7_IRQHandler
                0x080046b4                FDCAN1_IT1_IRQHandler
                0x080046b4                RAMCFG_IRQHandler
                0x080046b4                DCACHE1_IRQHandler
                0x080046b4                SPI1_IRQHandler
                0x080046b4                OCTOSPI1_IRQHandler
                0x080046b4                GPDMA1_Channel2_IRQHandler
                0x080046b4                TIM8_UP_IRQHandler
                0x080046b4                RCC_S_IRQHandler
                0x080046b4                SAI2_IRQHandler
                0x080046b4                ADC1_IRQHandler
                0x080046b4                PKA_IRQHandler
                0x080046b4                USART6_IRQHandler
                0x080046b4                EXTI15_IRQHandler
                0x080046b4                TIM17_IRQHandler
                0x080046b4                USART3_IRQHandler
                0x080046b4                RTC_IRQHandler
                0x080046b4                EXTI9_IRQHandler
                0x080046b4                LPTIM5_IRQHandler
                0x080046b4                TIM4_IRQHandler
                0x080046b4                I2C1_EV_IRQHandler
                0x080046b4                GPDMA1_Channel1_IRQHandler
                0x080046b4                TIM16_IRQHandler
                0x080046b4                SecureFault_Handler
                0x080046b4                TIM3_IRQHandler
                0x080046b4                RCC_IRQHandler
                0x080046b4                UART9_IRQHandler
                0x080046b4                TIM1_TRG_COM_IRQHandler
                0x080046b4                Default_Handler
                0x080046b4                FMAC_IRQHandler
                0x080046b4                CEC_IRQHandler
                0x080046b4                USART11_IRQHandler
                0x080046b4                TIM14_IRQHandler
                0x080046b4                TIM13_IRQHandler
                0x080046b4                OTFDEC1_IRQHandler
                0x080046b4                GPDMA2_Channel4_IRQHandler
                0x080046b4                SPI5_IRQHandler
                0x080046b4                TIM12_IRQHandler
                0x080046b4                TIM7_IRQHandler
                0x080046b4                SDMMC1_IRQHandler
                0x080046b4                SAES_IRQHandler
                0x080046b4                TIM5_IRQHandler
                0x080046b4                UCPD1_IRQHandler
                0x080046b4                GPDMA1_Channel0_IRQHandler
                0x080046b4                I3C1_EV_IRQHandler
                0x080046b4                TIM15_IRQHandler
                0x080046b4                PVD_AVD_IRQHandler
                0x080046b4                I2C3_EV_IRQHandler
                0x080046b4                ETH_WKUP_IRQHandler
                0x080046b4                ADC2_IRQHandler
                0x080046b4                SPI2_IRQHandler
                0x080046b4                EXTI14_IRQHandler
                0x080046b4                CRS_IRQHandler
                0x080046b4                EXTI4_IRQHandler
                0x080046b4                GPDMA2_Channel0_IRQHandler
                0x080046b4                RTC_S_IRQHandler
                0x080046b4                RNG_IRQHandler
                0x080046b4                FDCAN2_IT1_IRQHandler
                0x080046b4                ETH_IRQHandler
                0x080046b4                GPDMA2_Channel6_IRQHandler
                0x080046b4                TIM1_UP_IRQHandler
                0x080046b4                UART12_IRQHandler
                0x080046b4                WWDG_IRQHandler
                0x080046b4                SPI6_IRQHandler
                0x080046b4                I2C4_EV_IRQHandler
                0x080046b4                FDCAN2_IT0_IRQHandler
                0x080046b4                IWDG_IRQHandler
                0x080046b4                LPUART1_IRQHandler
                0x080046b4                FDCAN1_IT0_IRQHandler
                0x080046b4                TIM2_IRQHandler
                0x080046b4                GPDMA1_Channel4_IRQHandler
                0x080046b4                TIM1_BRK_IRQHandler
                0x080046b4                SDMMC2_IRQHandler
                0x080046b4                AES_IRQHandler
                0x080046b4                LPTIM6_IRQHandler
                0x080046b4                DAC1_IRQHandler
                0x080046b4                DTS_IRQHandler
                0x080046b4                UART7_IRQHandler
                0x080046b4                GTZC_IRQHandler
                0x080046b4                USART2_IRQHandler
                0x080046b4                GPDMA1_Channel6_IRQHandler
                0x080046b4                GPDMA2_Channel7_IRQHandler
                0x080046b4                I2C2_ER_IRQHandler
                0x080046b4                TIM8_BRK_IRQHandler
                0x080046b4                FLASH_IRQHandler
                0x080046b4                USART1_IRQHandler
                0x080046b4                EXTI10_IRQHandler
                0x080046b4                SPI3_IRQHandler
                0x080046b4                I2C1_ER_IRQHandler
                0x080046b4                FMC_IRQHandler
                0x080046b4                EXTI6_IRQHandler
                0x080046b4                LPTIM1_IRQHandler
                0x080046b4                DCMI_PSSI_IRQHandler
                0x080046b4                I2C4_ER_IRQHandler
                0x080046b4                ICACHE_IRQHandler
                0x080046b4                SAI1_IRQHandler
                0x080046b4                HASH_IRQHandler
 *fill*         0x080046b6        0x2 
 .text.HAL_Init
                0x080046b8       0x50 ./Drivers/STM32H5xx_HAL_Driver/Src/stm32h5xx_hal.o
                0x080046b8                HAL_Init
 .text.HAL_InitTick
                0x08004708       0xec ./Drivers/STM32H5xx_HAL_Driver/Src/stm32h5xx_hal.o
                0x08004708                HAL_InitTick
 .text.HAL_IncTick
                0x080047f4       0x28 ./Drivers/STM32H5xx_HAL_Driver/Src/stm32h5xx_hal.o
                0x080047f4                HAL_IncTick
 .text.HAL_GetTick
                0x0800481c       0x18 ./Drivers/STM32H5xx_HAL_Driver/Src/stm32h5xx_hal.o
                0x0800481c                HAL_GetTick
 .text.HAL_Delay
                0x08004834       0x48 ./Drivers/STM32H5xx_HAL_Driver/Src/stm32h5xx_hal.o
                0x08004834                HAL_Delay
 .text.__NVIC_SetPriorityGrouping
                0x0800487c       0x48 ./Drivers/STM32H5xx_HAL_Driver/Src/stm32h5xx_hal_cortex.o
 .text.__NVIC_GetPriorityGrouping
                0x080048c4       0x1c ./Drivers/STM32H5xx_HAL_Driver/Src/stm32h5xx_hal_cortex.o
 .text.__NVIC_EnableIRQ
                0x080048e0       0x3c ./Drivers/STM32H5xx_HAL_Driver/Src/stm32h5xx_hal_cortex.o
 .text.__NVIC_SetPriority
                0x0800491c       0x54 ./Drivers/STM32H5xx_HAL_Driver/Src/stm32h5xx_hal_cortex.o
 .text.NVIC_EncodePriority
                0x08004970       0x66 ./Drivers/STM32H5xx_HAL_Driver/Src/stm32h5xx_hal_cortex.o
 .text.HAL_NVIC_SetPriorityGrouping
                0x080049d6       0x16 ./Drivers/STM32H5xx_HAL_Driver/Src/stm32h5xx_hal_cortex.o
                0x080049d6                HAL_NVIC_SetPriorityGrouping
 .text.HAL_NVIC_SetPriority
                0x080049ec       0x34 ./Drivers/STM32H5xx_HAL_Driver/Src/stm32h5xx_hal_cortex.o
                0x080049ec                HAL_NVIC_SetPriority
 .text.HAL_NVIC_EnableIRQ
                0x08004a20       0x1c ./Drivers/STM32H5xx_HAL_Driver/Src/stm32h5xx_hal_cortex.o
                0x08004a20                HAL_NVIC_EnableIRQ
 .text.HAL_SYSTICK_Config
                0x08004a3c       0x44 ./Drivers/STM32H5xx_HAL_Driver/Src/stm32h5xx_hal_cortex.o
                0x08004a3c                HAL_SYSTICK_Config
 .text.HAL_SYSTICK_CLKSourceConfig
                0x08004a80       0xb0 ./Drivers/STM32H5xx_HAL_Driver/Src/stm32h5xx_hal_cortex.o
                0x08004a80                HAL_SYSTICK_CLKSourceConfig
 .text.HAL_SYSTICK_GetCLKSourceConfig
                0x08004b30       0x6c ./Drivers/STM32H5xx_HAL_Driver/Src/stm32h5xx_hal_cortex.o
                0x08004b30                HAL_SYSTICK_GetCLKSourceConfig
 .text.HAL_DMA_Abort
                0x08004b9c       0xf8 ./Drivers/STM32H5xx_HAL_Driver/Src/stm32h5xx_hal_dma.o
                0x08004b9c                HAL_DMA_Abort
 .text.HAL_DMA_Abort_IT
                0x08004c94       0x52 ./Drivers/STM32H5xx_HAL_Driver/Src/stm32h5xx_hal_dma.o
                0x08004c94                HAL_DMA_Abort_IT
 *fill*         0x08004ce6        0x2 
 .text.HAL_GPIO_Init
                0x08004ce8      0x2a4 ./Drivers/STM32H5xx_HAL_Driver/Src/stm32h5xx_hal_gpio.o
                0x08004ce8                HAL_GPIO_Init
 .text.HAL_GPIO_WritePin
                0x08004f8c       0x30 ./Drivers/STM32H5xx_HAL_Driver/Src/stm32h5xx_hal_gpio.o
                0x08004f8c                HAL_GPIO_WritePin
 .text.HAL_GPIO_TogglePin
                0x08004fbc       0x34 ./Drivers/STM32H5xx_HAL_Driver/Src/stm32h5xx_hal_gpio.o
                0x08004fbc                HAL_GPIO_TogglePin
 .text.HAL_GPIO_EXTI_IRQHandler
                0x08004ff0       0x4c ./Drivers/STM32H5xx_HAL_Driver/Src/stm32h5xx_hal_gpio.o
                0x08004ff0                HAL_GPIO_EXTI_IRQHandler
 .text.HAL_GPIO_EXTI_Rising_Callback
                0x0800503c       0x16 ./Drivers/STM32H5xx_HAL_Driver/Src/stm32h5xx_hal_gpio.o
                0x0800503c                HAL_GPIO_EXTI_Rising_Callback
 *fill*         0x08005052        0x2 
 .text.HAL_ICACHE_ConfigAssociativityMode
                0x08005054       0x40 ./Drivers/STM32H5xx_HAL_Driver/Src/stm32h5xx_hal_icache.o
                0x08005054                HAL_ICACHE_ConfigAssociativityMode
 .text.HAL_ICACHE_Enable
                0x08005094       0x20 ./Drivers/STM32H5xx_HAL_Driver/Src/stm32h5xx_hal_icache.o
                0x08005094                HAL_ICACHE_Enable
 .text.HAL_NAND_Init
                0x080050b4       0x94 ./Drivers/STM32H5xx_HAL_Driver/Src/stm32h5xx_hal_nand.o
                0x080050b4                HAL_NAND_Init
 .text.HAL_NAND_Reset
                0x08005148       0x74 ./Drivers/STM32H5xx_HAL_Driver/Src/stm32h5xx_hal_nand.o
                0x08005148                HAL_NAND_Reset
 .text.HAL_NAND_Read_Page_8b
                0x080051bc      0x2b4 ./Drivers/STM32H5xx_HAL_Driver/Src/stm32h5xx_hal_nand.o
                0x080051bc                HAL_NAND_Read_Page_8b
 .text.HAL_NAND_Write_Page_8b
                0x08005470      0x2b0 ./Drivers/STM32H5xx_HAL_Driver/Src/stm32h5xx_hal_nand.o
                0x08005470                HAL_NAND_Write_Page_8b
 .text.HAL_NAND_Read_SpareArea_8b
                0x08005720      0x2d6 ./Drivers/STM32H5xx_HAL_Driver/Src/stm32h5xx_hal_nand.o
                0x08005720                HAL_NAND_Read_SpareArea_8b
 .text.HAL_NAND_Write_SpareArea_8b
                0x080059f6      0x2e2 ./Drivers/STM32H5xx_HAL_Driver/Src/stm32h5xx_hal_nand.o
                0x080059f6                HAL_NAND_Write_SpareArea_8b
 .text.HAL_NAND_Erase_Block
                0x08005cd8      0x13a ./Drivers/STM32H5xx_HAL_Driver/Src/stm32h5xx_hal_nand.o
                0x08005cd8                HAL_NAND_Erase_Block
 .text.HAL_NAND_Read_Status
                0x08005e12       0x4a ./Drivers/STM32H5xx_HAL_Driver/Src/stm32h5xx_hal_nand.o
                0x08005e12                HAL_NAND_Read_Status
 .text.HAL_RCC_OscConfig
                0x08005e5c      0x870 ./Drivers/STM32H5xx_HAL_Driver/Src/stm32h5xx_hal_rcc.o
                0x08005e5c                HAL_RCC_OscConfig
 .text.HAL_RCC_ClockConfig
                0x080066cc      0x370 ./Drivers/STM32H5xx_HAL_Driver/Src/stm32h5xx_hal_rcc.o
                0x080066cc                HAL_RCC_ClockConfig
 .text.HAL_RCC_GetSysClockFreq
                0x08006a3c      0x258 ./Drivers/STM32H5xx_HAL_Driver/Src/stm32h5xx_hal_rcc.o
                0x08006a3c                HAL_RCC_GetSysClockFreq
 .text.HAL_RCC_GetHCLKFreq
                0x08006c94       0x38 ./Drivers/STM32H5xx_HAL_Driver/Src/stm32h5xx_hal_rcc.o
                0x08006c94                HAL_RCC_GetHCLKFreq
 .text.HAL_RCC_GetPCLK1Freq
                0x08006ccc       0x2c ./Drivers/STM32H5xx_HAL_Driver/Src/stm32h5xx_hal_rcc.o
                0x08006ccc                HAL_RCC_GetPCLK1Freq
 .text.HAL_RCC_GetPCLK2Freq
                0x08006cf8       0x2c ./Drivers/STM32H5xx_HAL_Driver/Src/stm32h5xx_hal_rcc.o
                0x08006cf8                HAL_RCC_GetPCLK2Freq
 .text.HAL_RCC_GetPCLK3Freq
                0x08006d24       0x2c ./Drivers/STM32H5xx_HAL_Driver/Src/stm32h5xx_hal_rcc.o
                0x08006d24                HAL_RCC_GetPCLK3Freq
 .text.HAL_RCCEx_PeriphCLKConfig
                0x08006d50     0x1f14 ./Drivers/STM32H5xx_HAL_Driver/Src/stm32h5xx_hal_rcc_ex.o
                0x08006d50                HAL_RCCEx_PeriphCLKConfig
 .text.HAL_RCCEx_GetPLL1ClockFreq
                0x08008c64      0x2d4 ./Drivers/STM32H5xx_HAL_Driver/Src/stm32h5xx_hal_rcc_ex.o
                0x08008c64                HAL_RCCEx_GetPLL1ClockFreq
 .text.HAL_RCCEx_GetPLL2ClockFreq
                0x08008f38      0x2d4 ./Drivers/STM32H5xx_HAL_Driver/Src/stm32h5xx_hal_rcc_ex.o
                0x08008f38                HAL_RCCEx_GetPLL2ClockFreq
 .text.HAL_RCCEx_GetPLL3ClockFreq
                0x0800920c      0x2d4 ./Drivers/STM32H5xx_HAL_Driver/Src/stm32h5xx_hal_rcc_ex.o
                0x0800920c                HAL_RCCEx_GetPLL3ClockFreq
 .text.HAL_RCCEx_GetPeriphCLKFreq
                0x080094e0     0x26b4 ./Drivers/STM32H5xx_HAL_Driver/Src/stm32h5xx_hal_rcc_ex.o
                0x080094e0                HAL_RCCEx_GetPeriphCLKFreq
 .text.RCCEx_PLL2_Config
                0x0800bb94      0x130 ./Drivers/STM32H5xx_HAL_Driver/Src/stm32h5xx_hal_rcc_ex.o
 .text.RCCEx_PLL3_Config
                0x0800bcc4      0x130 ./Drivers/STM32H5xx_HAL_Driver/Src/stm32h5xx_hal_rcc_ex.o
 .text.HAL_SPI_Init
                0x0800bdf4      0x2e0 ./Drivers/STM32H5xx_HAL_Driver/Src/stm32h5xx_hal_spi.o
                0x0800bdf4                HAL_SPI_Init
 .text.HAL_SPI_Transmit
                0x0800c0d4      0x42c ./Drivers/STM32H5xx_HAL_Driver/Src/stm32h5xx_hal_spi.o
                0x0800c0d4                HAL_SPI_Transmit
 .text.HAL_SPI_Receive
                0x0800c500      0x354 ./Drivers/STM32H5xx_HAL_Driver/Src/stm32h5xx_hal_spi.o
                0x0800c500                HAL_SPI_Receive
 .text.SPI_CloseTransfer
                0x0800c854      0x140 ./Drivers/STM32H5xx_HAL_Driver/Src/stm32h5xx_hal_spi.o
 .text.SPI_WaitOnFlagUntilTimeout
                0x0800c994       0x5c ./Drivers/STM32H5xx_HAL_Driver/Src/stm32h5xx_hal_spi.o
 .text.SPI_GetPacketSize
                0x0800c9f0       0x36 ./Drivers/STM32H5xx_HAL_Driver/Src/stm32h5xx_hal_spi.o
 *fill*         0x0800ca26        0x2 
 .text.HAL_SRAM_Init
                0x0800ca28       0xa0 ./Drivers/STM32H5xx_HAL_Driver/Src/stm32h5xx_hal_sram.o
                0x0800ca28                HAL_SRAM_Init
 .text.HAL_SRAM_Read_8b
                0x0800cac8       0xb4 ./Drivers/STM32H5xx_HAL_Driver/Src/stm32h5xx_hal_sram.o
                0x0800cac8                HAL_SRAM_Read_8b
 .text.HAL_SRAM_Write_8b
                0x0800cb7c       0x88 ./Drivers/STM32H5xx_HAL_Driver/Src/stm32h5xx_hal_sram.o
                0x0800cb7c                HAL_SRAM_Write_8b
 .text.HAL_UART_Init
                0x0800cc04       0xa0 ./Drivers/STM32H5xx_HAL_Driver/Src/stm32h5xx_hal_uart.o
                0x0800cc04                HAL_UART_Init
 .text.HAL_UART_Transmit
                0x0800cca4      0x13c ./Drivers/STM32H5xx_HAL_Driver/Src/stm32h5xx_hal_uart.o
                0x0800cca4                HAL_UART_Transmit
 .text.HAL_UART_Transmit_IT
                0x0800cde0      0x148 ./Drivers/STM32H5xx_HAL_Driver/Src/stm32h5xx_hal_uart.o
                0x0800cde0                HAL_UART_Transmit_IT
 .text.HAL_UART_Receive_IT
                0x0800cf28       0xc4 ./Drivers/STM32H5xx_HAL_Driver/Src/stm32h5xx_hal_uart.o
                0x0800cf28                HAL_UART_Receive_IT
 .text.HAL_UART_IRQHandler
                0x0800cfec      0x5dc ./Drivers/STM32H5xx_HAL_Driver/Src/stm32h5xx_hal_uart.o
                0x0800cfec                HAL_UART_IRQHandler
 .text.HAL_UART_TxCpltCallback
                0x0800d5c8       0x14 ./Drivers/STM32H5xx_HAL_Driver/Src/stm32h5xx_hal_uart.o
                0x0800d5c8                HAL_UART_TxCpltCallback
 .text.HAL_UART_ErrorCallback
                0x0800d5dc       0x14 ./Drivers/STM32H5xx_HAL_Driver/Src/stm32h5xx_hal_uart.o
                0x0800d5dc                HAL_UART_ErrorCallback
 .text.HAL_UARTEx_RxEventCallback
                0x0800d5f0       0x18 ./Drivers/STM32H5xx_HAL_Driver/Src/stm32h5xx_hal_uart.o
                0x0800d5f0                HAL_UARTEx_RxEventCallback
 .text.UART_SetConfig
                0x0800d608      0x3dc ./Drivers/STM32H5xx_HAL_Driver/Src/stm32h5xx_hal_uart.o
                0x0800d608                UART_SetConfig
 .text.UART_AdvFeatureConfig
                0x0800d9e4      0x144 ./Drivers/STM32H5xx_HAL_Driver/Src/stm32h5xx_hal_uart.o
                0x0800d9e4                UART_AdvFeatureConfig
 .text.UART_CheckIdleState
                0x0800db28      0x154 ./Drivers/STM32H5xx_HAL_Driver/Src/stm32h5xx_hal_uart.o
                0x0800db28                UART_CheckIdleState
 .text.UART_WaitOnFlagUntilTimeout
                0x0800dc7c       0xda ./Drivers/STM32H5xx_HAL_Driver/Src/stm32h5xx_hal_uart.o
                0x0800dc7c                UART_WaitOnFlagUntilTimeout
 *fill*         0x0800dd56        0x2 
 .text.UART_Start_Receive_IT
                0x0800dd58      0x244 ./Drivers/STM32H5xx_HAL_Driver/Src/stm32h5xx_hal_uart.o
                0x0800dd58                UART_Start_Receive_IT
 .text.UART_EndRxTransfer
                0x0800df9c       0xcc ./Drivers/STM32H5xx_HAL_Driver/Src/stm32h5xx_hal_uart.o
 .text.UART_DMAAbortOnError
                0x0800e068       0x2c ./Drivers/STM32H5xx_HAL_Driver/Src/stm32h5xx_hal_uart.o
 .text.UART_TxISR_8BIT
                0x0800e094       0xb8 ./Drivers/STM32H5xx_HAL_Driver/Src/stm32h5xx_hal_uart.o
 .text.UART_TxISR_16BIT
                0x0800e14c       0xc2 ./Drivers/STM32H5xx_HAL_Driver/Src/stm32h5xx_hal_uart.o
 .text.UART_TxISR_8BIT_FIFOEN
                0x0800e20e       0xe0 ./Drivers/STM32H5xx_HAL_Driver/Src/stm32h5xx_hal_uart.o
 .text.UART_TxISR_16BIT_FIFOEN
                0x0800e2ee       0xea ./Drivers/STM32H5xx_HAL_Driver/Src/stm32h5xx_hal_uart.o
 .text.UART_EndTransmit_IT
                0x0800e3d8       0x56 ./Drivers/STM32H5xx_HAL_Driver/Src/stm32h5xx_hal_uart.o
 *fill*         0x0800e42e        0x2 
 .text.UART_RxISR_8BIT
                0x0800e430      0x1c4 ./Drivers/STM32H5xx_HAL_Driver/Src/stm32h5xx_hal_uart.o
 .text.UART_RxISR_16BIT
                0x0800e5f4      0x1c4 ./Drivers/STM32H5xx_HAL_Driver/Src/stm32h5xx_hal_uart.o
 .text.UART_RxISR_8BIT_FIFOEN
                0x0800e7b8      0x370 ./Drivers/STM32H5xx_HAL_Driver/Src/stm32h5xx_hal_uart.o
 .text.UART_RxISR_16BIT_FIFOEN
                0x0800eb28      0x378 ./Drivers/STM32H5xx_HAL_Driver/Src/stm32h5xx_hal_uart.o
 .text.HAL_UARTEx_WakeupCallback
                0x0800eea0       0x14 ./Drivers/STM32H5xx_HAL_Driver/Src/stm32h5xx_hal_uart_ex.o
                0x0800eea0                HAL_UARTEx_WakeupCallback
 .text.HAL_UARTEx_RxFifoFullCallback
                0x0800eeb4       0x14 ./Drivers/STM32H5xx_HAL_Driver/Src/stm32h5xx_hal_uart_ex.o
                0x0800eeb4                HAL_UARTEx_RxFifoFullCallback
 .text.HAL_UARTEx_TxFifoEmptyCallback
                0x0800eec8       0x14 ./Drivers/STM32H5xx_HAL_Driver/Src/stm32h5xx_hal_uart_ex.o
                0x0800eec8                HAL_UARTEx_TxFifoEmptyCallback
 .text.HAL_UARTEx_DisableFifoMode
                0x0800eedc       0x72 ./Drivers/STM32H5xx_HAL_Driver/Src/stm32h5xx_hal_uart_ex.o
                0x0800eedc                HAL_UARTEx_DisableFifoMode
 .text.HAL_UARTEx_SetTxFifoThreshold
                0x0800ef4e       0x7c ./Drivers/STM32H5xx_HAL_Driver/Src/stm32h5xx_hal_uart_ex.o
                0x0800ef4e                HAL_UARTEx_SetTxFifoThreshold
 .text.HAL_UARTEx_SetRxFifoThreshold
                0x0800efca       0x7c ./Drivers/STM32H5xx_HAL_Driver/Src/stm32h5xx_hal_uart_ex.o
                0x0800efca                HAL_UARTEx_SetRxFifoThreshold
 *fill*         0x0800f046        0x2 
 .text.UARTEx_SetNbDataToProcess
                0x0800f048       0x9c ./Drivers/STM32H5xx_HAL_Driver/Src/stm32h5xx_hal_uart_ex.o
 .text.FMC_NORSRAM_Init
                0x0800f0e4      0x19c ./Drivers/STM32H5xx_HAL_Driver/Src/stm32h5xx_ll_fmc.o
                0x0800f0e4                FMC_NORSRAM_Init
 .text.FMC_NORSRAM_Timing_Init
                0x0800f280       0x9a ./Drivers/STM32H5xx_HAL_Driver/Src/stm32h5xx_ll_fmc.o
                0x0800f280                FMC_NORSRAM_Timing_Init
 .text.FMC_NORSRAM_Extended_Timing_Init
                0x0800f31a       0x74 ./Drivers/STM32H5xx_HAL_Driver/Src/stm32h5xx_ll_fmc.o
                0x0800f31a                FMC_NORSRAM_Extended_Timing_Init
 *fill*         0x0800f38e        0x2 
 .text.FMC_NAND_Init
                0x0800f390       0x54 ./Drivers/STM32H5xx_HAL_Driver/Src/stm32h5xx_ll_fmc.o
                0x0800f390                FMC_NAND_Init
 .text.FMC_NAND_CommonSpace_Timing_Init
                0x0800f3e4       0x3a ./Drivers/STM32H5xx_HAL_Driver/Src/stm32h5xx_ll_fmc.o
                0x0800f3e4                FMC_NAND_CommonSpace_Timing_Init
 .text.FMC_NAND_AttributeSpace_Timing_Init
                0x0800f41e       0x3a ./Drivers/STM32H5xx_HAL_Driver/Src/stm32h5xx_ll_fmc.o
                0x0800f41e                FMC_NAND_AttributeSpace_Timing_Init
 .text.__cvt    0x0800f458       0xca C:/ST/STM32CubeIDE_1.17.0/STM32CubeIDE/plugins/com.st.stm32cube.ide.mcu.externaltools.gnu-tools-for-stm32.12.3.rel1.win32_1.1.0.202410251130/tools/bin/../lib/gcc/arm-none-eabi/12.3.1/../../../../arm-none-eabi/lib/thumb/v8-m.main+fp/hard\libc_nano.a(libc_a-nano-vfprintf_float.o)
                0x0800f458                __cvt
 .text.__exponent
                0x0800f522       0x72 C:/ST/STM32CubeIDE_1.17.0/STM32CubeIDE/plugins/com.st.stm32cube.ide.mcu.externaltools.gnu-tools-for-stm32.12.3.rel1.win32_1.1.0.202410251130/tools/bin/../lib/gcc/arm-none-eabi/12.3.1/../../../../arm-none-eabi/lib/thumb/v8-m.main+fp/hard\libc_nano.a(libc_a-nano-vfprintf_float.o)
                0x0800f522                __exponent
 .text._printf_float
                0x0800f594      0x454 C:/ST/STM32CubeIDE_1.17.0/STM32CubeIDE/plugins/com.st.stm32cube.ide.mcu.externaltools.gnu-tools-for-stm32.12.3.rel1.win32_1.1.0.202410251130/tools/bin/../lib/gcc/arm-none-eabi/12.3.1/../../../../arm-none-eabi/lib/thumb/v8-m.main+fp/hard\libc_nano.a(libc_a-nano-vfprintf_float.o)
                0x0800f594                _printf_float
 .text._printf_common
                0x0800f9e8       0xe4 C:/ST/STM32CubeIDE_1.17.0/STM32CubeIDE/plugins/com.st.stm32cube.ide.mcu.externaltools.gnu-tools-for-stm32.12.3.rel1.win32_1.1.0.202410251130/tools/bin/../lib/gcc/arm-none-eabi/12.3.1/../../../../arm-none-eabi/lib/thumb/v8-m.main+fp/hard\libc_nano.a(libc_a-nano-vfprintf_i.o)
                0x0800f9e8                _printf_common
 .text._printf_i
                0x0800facc      0x240 C:/ST/STM32CubeIDE_1.17.0/STM32CubeIDE/plugins/com.st.stm32cube.ide.mcu.externaltools.gnu-tools-for-stm32.12.3.rel1.win32_1.1.0.202410251130/tools/bin/../lib/gcc/arm-none-eabi/12.3.1/../../../../arm-none-eabi/lib/thumb/v8-m.main+fp/hard\libc_nano.a(libc_a-nano-vfprintf_i.o)
                0x0800facc                _printf_i
 .text.std      0x0800fd0c       0x6c C:/ST/STM32CubeIDE_1.17.0/STM32CubeIDE/plugins/com.st.stm32cube.ide.mcu.externaltools.gnu-tools-for-stm32.12.3.rel1.win32_1.1.0.202410251130/tools/bin/../lib/gcc/arm-none-eabi/12.3.1/../../../../arm-none-eabi/lib/thumb/v8-m.main+fp/hard\libc_nano.a(libc_a-findfp.o)
 .text.stdio_exit_handler
                0x0800fd78       0x18 C:/ST/STM32CubeIDE_1.17.0/STM32CubeIDE/plugins/com.st.stm32cube.ide.mcu.externaltools.gnu-tools-for-stm32.12.3.rel1.win32_1.1.0.202410251130/tools/bin/../lib/gcc/arm-none-eabi/12.3.1/../../../../arm-none-eabi/lib/thumb/v8-m.main+fp/hard\libc_nano.a(libc_a-findfp.o)
 .text.cleanup_stdio
                0x0800fd90       0x40 C:/ST/STM32CubeIDE_1.17.0/STM32CubeIDE/plugins/com.st.stm32cube.ide.mcu.externaltools.gnu-tools-for-stm32.12.3.rel1.win32_1.1.0.202410251130/tools/bin/../lib/gcc/arm-none-eabi/12.3.1/../../../../arm-none-eabi/lib/thumb/v8-m.main+fp/hard\libc_nano.a(libc_a-findfp.o)
 .text.global_stdio_init.part.0
                0x0800fdd0       0x3c C:/ST/STM32CubeIDE_1.17.0/STM32CubeIDE/plugins/com.st.stm32cube.ide.mcu.externaltools.gnu-tools-for-stm32.12.3.rel1.win32_1.1.0.202410251130/tools/bin/../lib/gcc/arm-none-eabi/12.3.1/../../../../arm-none-eabi/lib/thumb/v8-m.main+fp/hard\libc_nano.a(libc_a-findfp.o)
 .text.__sfp_lock_acquire
                0x0800fe0c        0xc C:/ST/STM32CubeIDE_1.17.0/STM32CubeIDE/plugins/com.st.stm32cube.ide.mcu.externaltools.gnu-tools-for-stm32.12.3.rel1.win32_1.1.0.202410251130/tools/bin/../lib/gcc/arm-none-eabi/12.3.1/../../../../arm-none-eabi/lib/thumb/v8-m.main+fp/hard\libc_nano.a(libc_a-findfp.o)
                0x0800fe0c                __sfp_lock_acquire
 .text.__sfp_lock_release
                0x0800fe18        0xc C:/ST/STM32CubeIDE_1.17.0/STM32CubeIDE/plugins/com.st.stm32cube.ide.mcu.externaltools.gnu-tools-for-stm32.12.3.rel1.win32_1.1.0.202410251130/tools/bin/../lib/gcc/arm-none-eabi/12.3.1/../../../../arm-none-eabi/lib/thumb/v8-m.main+fp/hard\libc_nano.a(libc_a-findfp.o)
                0x0800fe18                __sfp_lock_release
 .text.__sinit  0x0800fe24       0x30 C:/ST/STM32CubeIDE_1.17.0/STM32CubeIDE/plugins/com.st.stm32cube.ide.mcu.externaltools.gnu-tools-for-stm32.12.3.rel1.win32_1.1.0.202410251130/tools/bin/../lib/gcc/arm-none-eabi/12.3.1/../../../../arm-none-eabi/lib/thumb/v8-m.main+fp/hard\libc_nano.a(libc_a-findfp.o)
                0x0800fe24                __sinit
 .text._fwalk_sglue
                0x0800fe54       0x3c C:/ST/STM32CubeIDE_1.17.0/STM32CubeIDE/plugins/com.st.stm32cube.ide.mcu.externaltools.gnu-tools-for-stm32.12.3.rel1.win32_1.1.0.202410251130/tools/bin/../lib/gcc/arm-none-eabi/12.3.1/../../../../arm-none-eabi/lib/thumb/v8-m.main+fp/hard\libc_nano.a(libc_a-fwalk.o)
                0x0800fe54                _fwalk_sglue
 .text.sprintf  0x0800fe90       0x40 C:/ST/STM32CubeIDE_1.17.0/STM32CubeIDE/plugins/com.st.stm32cube.ide.mcu.externaltools.gnu-tools-for-stm32.12.3.rel1.win32_1.1.0.202410251130/tools/bin/../lib/gcc/arm-none-eabi/12.3.1/../../../../arm-none-eabi/lib/thumb/v8-m.main+fp/hard\libc_nano.a(libc_a-sprintf.o)
                0x0800fe90                siprintf
                0x0800fe90                sprintf
 .text.__sread  0x0800fed0       0x22 C:/ST/STM32CubeIDE_1.17.0/STM32CubeIDE/plugins/com.st.stm32cube.ide.mcu.externaltools.gnu-tools-for-stm32.12.3.rel1.win32_1.1.0.202410251130/tools/bin/../lib/gcc/arm-none-eabi/12.3.1/../../../../arm-none-eabi/lib/thumb/v8-m.main+fp/hard\libc_nano.a(libc_a-stdio.o)
                0x0800fed0                __sread
 .text.__swrite
                0x0800fef2       0x38 C:/ST/STM32CubeIDE_1.17.0/STM32CubeIDE/plugins/com.st.stm32cube.ide.mcu.externaltools.gnu-tools-for-stm32.12.3.rel1.win32_1.1.0.202410251130/tools/bin/../lib/gcc/arm-none-eabi/12.3.1/../../../../arm-none-eabi/lib/thumb/v8-m.main+fp/hard\libc_nano.a(libc_a-stdio.o)
                0x0800fef2                __swrite
 .text.__sseek  0x0800ff2a       0x24 C:/ST/STM32CubeIDE_1.17.0/STM32CubeIDE/plugins/com.st.stm32cube.ide.mcu.externaltools.gnu-tools-for-stm32.12.3.rel1.win32_1.1.0.202410251130/tools/bin/../lib/gcc/arm-none-eabi/12.3.1/../../../../arm-none-eabi/lib/thumb/v8-m.main+fp/hard\libc_nano.a(libc_a-stdio.o)
                0x0800ff2a                __sseek
 .text.__sclose
                0x0800ff4e        0x8 C:/ST/STM32CubeIDE_1.17.0/STM32CubeIDE/plugins/com.st.stm32cube.ide.mcu.externaltools.gnu-tools-for-stm32.12.3.rel1.win32_1.1.0.202410251130/tools/bin/../lib/gcc/arm-none-eabi/12.3.1/../../../../arm-none-eabi/lib/thumb/v8-m.main+fp/hard\libc_nano.a(libc_a-stdio.o)
                0x0800ff4e                __sclose
 .text.memset   0x0800ff56       0x10 C:/ST/STM32CubeIDE_1.17.0/STM32CubeIDE/plugins/com.st.stm32cube.ide.mcu.externaltools.gnu-tools-for-stm32.12.3.rel1.win32_1.1.0.202410251130/tools/bin/../lib/gcc/arm-none-eabi/12.3.1/../../../../arm-none-eabi/lib/thumb/v8-m.main+fp/hard\libc_nano.a(libc_a-memset.o)
                0x0800ff56                memset
 .text.strncat  0x0800ff66       0x26 C:/ST/STM32CubeIDE_1.17.0/STM32CubeIDE/plugins/com.st.stm32cube.ide.mcu.externaltools.gnu-tools-for-stm32.12.3.rel1.win32_1.1.0.202410251130/tools/bin/../lib/gcc/arm-none-eabi/12.3.1/../../../../arm-none-eabi/lib/thumb/v8-m.main+fp/hard\libc_nano.a(libc_a-strncat.o)
                0x0800ff66                strncat
 .text._localeconv_r
                0x0800ff8c        0x8 C:/ST/STM32CubeIDE_1.17.0/STM32CubeIDE/plugins/com.st.stm32cube.ide.mcu.externaltools.gnu-tools-for-stm32.12.3.rel1.win32_1.1.0.202410251130/tools/bin/../lib/gcc/arm-none-eabi/12.3.1/../../../../arm-none-eabi/lib/thumb/v8-m.main+fp/hard\libc_nano.a(libc_a-localeconv.o)
                0x0800ff8c                _localeconv_r
 .text._close_r
                0x0800ff94       0x20 C:/ST/STM32CubeIDE_1.17.0/STM32CubeIDE/plugins/com.st.stm32cube.ide.mcu.externaltools.gnu-tools-for-stm32.12.3.rel1.win32_1.1.0.202410251130/tools/bin/../lib/gcc/arm-none-eabi/12.3.1/../../../../arm-none-eabi/lib/thumb/v8-m.main+fp/hard\libc_nano.a(libc_a-closer.o)
                0x0800ff94                _close_r
 .text._lseek_r
                0x0800ffb4       0x24 C:/ST/STM32CubeIDE_1.17.0/STM32CubeIDE/plugins/com.st.stm32cube.ide.mcu.externaltools.gnu-tools-for-stm32.12.3.rel1.win32_1.1.0.202410251130/tools/bin/../lib/gcc/arm-none-eabi/12.3.1/../../../../arm-none-eabi/lib/thumb/v8-m.main+fp/hard\libc_nano.a(libc_a-lseekr.o)
                0x0800ffb4                _lseek_r
 .text._read_r  0x0800ffd8       0x24 C:/ST/STM32CubeIDE_1.17.0/STM32CubeIDE/plugins/com.st.stm32cube.ide.mcu.externaltools.gnu-tools-for-stm32.12.3.rel1.win32_1.1.0.202410251130/tools/bin/../lib/gcc/arm-none-eabi/12.3.1/../../../../arm-none-eabi/lib/thumb/v8-m.main+fp/hard\libc_nano.a(libc_a-readr.o)
                0x0800ffd8                _read_r
 .text._write_r
                0x0800fffc       0x24 C:/ST/STM32CubeIDE_1.17.0/STM32CubeIDE/plugins/com.st.stm32cube.ide.mcu.externaltools.gnu-tools-for-stm32.12.3.rel1.win32_1.1.0.202410251130/tools/bin/../lib/gcc/arm-none-eabi/12.3.1/../../../../arm-none-eabi/lib/thumb/v8-m.main+fp/hard\libc_nano.a(libc_a-writer.o)
                0x0800fffc                _write_r
 .text.__errno  0x08010020        0xc C:/ST/STM32CubeIDE_1.17.0/STM32CubeIDE/plugins/com.st.stm32cube.ide.mcu.externaltools.gnu-tools-for-stm32.12.3.rel1.win32_1.1.0.202410251130/tools/bin/../lib/gcc/arm-none-eabi/12.3.1/../../../../arm-none-eabi/lib/thumb/v8-m.main+fp/hard\libc_nano.a(libc_a-errno.o)
                0x08010020                __errno
 .text.__libc_init_array
                0x0801002c       0x48 C:/ST/STM32CubeIDE_1.17.0/STM32CubeIDE/plugins/com.st.stm32cube.ide.mcu.externaltools.gnu-tools-for-stm32.12.3.rel1.win32_1.1.0.202410251130/tools/bin/../lib/gcc/arm-none-eabi/12.3.1/../../../../arm-none-eabi/lib/thumb/v8-m.main+fp/hard\libc_nano.a(libc_a-init.o)
                0x0801002c                __libc_init_array
 .text.__retarget_lock_init_recursive
                0x08010074        0x2 C:/ST/STM32CubeIDE_1.17.0/STM32CubeIDE/plugins/com.st.stm32cube.ide.mcu.externaltools.gnu-tools-for-stm32.12.3.rel1.win32_1.1.0.202410251130/tools/bin/../lib/gcc/arm-none-eabi/12.3.1/../../../../arm-none-eabi/lib/thumb/v8-m.main+fp/hard\libc_nano.a(libc_a-lock.o)
                0x08010074                __retarget_lock_init_recursive
 .text.__retarget_lock_acquire_recursive
                0x08010076        0x2 C:/ST/STM32CubeIDE_1.17.0/STM32CubeIDE/plugins/com.st.stm32cube.ide.mcu.externaltools.gnu-tools-for-stm32.12.3.rel1.win32_1.1.0.202410251130/tools/bin/../lib/gcc/arm-none-eabi/12.3.1/../../../../arm-none-eabi/lib/thumb/v8-m.main+fp/hard\libc_nano.a(libc_a-lock.o)
                0x08010076                __retarget_lock_acquire_recursive
 .text.__retarget_lock_release_recursive
                0x08010078        0x2 C:/ST/STM32CubeIDE_1.17.0/STM32CubeIDE/plugins/com.st.stm32cube.ide.mcu.externaltools.gnu-tools-for-stm32.12.3.rel1.win32_1.1.0.202410251130/tools/bin/../lib/gcc/arm-none-eabi/12.3.1/../../../../arm-none-eabi/lib/thumb/v8-m.main+fp/hard\libc_nano.a(libc_a-lock.o)
                0x08010078                __retarget_lock_release_recursive
 .text.memchr   0x0801007a       0x1c C:/ST/STM32CubeIDE_1.17.0/STM32CubeIDE/plugins/com.st.stm32cube.ide.mcu.externaltools.gnu-tools-for-stm32.12.3.rel1.win32_1.1.0.202410251130/tools/bin/../lib/gcc/arm-none-eabi/12.3.1/../../../../arm-none-eabi/lib/thumb/v8-m.main+fp/hard\libc_nano.a(libc_a-memchr-stub.o)
                0x0801007a                memchr
 .text.memcpy   0x08010096       0x1a C:/ST/STM32CubeIDE_1.17.0/STM32CubeIDE/plugins/com.st.stm32cube.ide.mcu.externaltools.gnu-tools-for-stm32.12.3.rel1.win32_1.1.0.202410251130/tools/bin/../lib/gcc/arm-none-eabi/12.3.1/../../../../arm-none-eabi/lib/thumb/v8-m.main+fp/hard\libc_nano.a(libc_a-memcpy-stub.o)
                0x08010096                memcpy
 .text.quorem   0x080100b0      0x11a C:/ST/STM32CubeIDE_1.17.0/STM32CubeIDE/plugins/com.st.stm32cube.ide.mcu.externaltools.gnu-tools-for-stm32.12.3.rel1.win32_1.1.0.202410251130/tools/bin/../lib/gcc/arm-none-eabi/12.3.1/../../../../arm-none-eabi/lib/thumb/v8-m.main+fp/hard\libc_nano.a(libc_a-dtoa.o)
 *fill*         0x080101ca        0x6 
 .text._dtoa_r  0x080101d0      0xb88 C:/ST/STM32CubeIDE_1.17.0/STM32CubeIDE/plugins/com.st.stm32cube.ide.mcu.externaltools.gnu-tools-for-stm32.12.3.rel1.win32_1.1.0.202410251130/tools/bin/../lib/gcc/arm-none-eabi/12.3.1/../../../../arm-none-eabi/lib/thumb/v8-m.main+fp/hard\libc_nano.a(libc_a-dtoa.o)
                0x080101d0                _dtoa_r
 .text._free_r  0x08010d58       0x94 C:/ST/STM32CubeIDE_1.17.0/STM32CubeIDE/plugins/com.st.stm32cube.ide.mcu.externaltools.gnu-tools-for-stm32.12.3.rel1.win32_1.1.0.202410251130/tools/bin/../lib/gcc/arm-none-eabi/12.3.1/../../../../arm-none-eabi/lib/thumb/v8-m.main+fp/hard\libc_nano.a(libc_a-freer.o)
                0x08010d58                _free_r
 .text.malloc   0x08010dec       0x10 C:/ST/STM32CubeIDE_1.17.0/STM32CubeIDE/plugins/com.st.stm32cube.ide.mcu.externaltools.gnu-tools-for-stm32.12.3.rel1.win32_1.1.0.202410251130/tools/bin/../lib/gcc/arm-none-eabi/12.3.1/../../../../arm-none-eabi/lib/thumb/v8-m.main+fp/hard\libc_nano.a(libc_a-malloc.o)
                0x08010dec                malloc
 .text.sbrk_aligned
                0x08010dfc       0x44 C:/ST/STM32CubeIDE_1.17.0/STM32CubeIDE/plugins/com.st.stm32cube.ide.mcu.externaltools.gnu-tools-for-stm32.12.3.rel1.win32_1.1.0.202410251130/tools/bin/../lib/gcc/arm-none-eabi/12.3.1/../../../../arm-none-eabi/lib/thumb/v8-m.main+fp/hard\libc_nano.a(libc_a-mallocr.o)
 .text._malloc_r
                0x08010e40      0x100 C:/ST/STM32CubeIDE_1.17.0/STM32CubeIDE/plugins/com.st.stm32cube.ide.mcu.externaltools.gnu-tools-for-stm32.12.3.rel1.win32_1.1.0.202410251130/tools/bin/../lib/gcc/arm-none-eabi/12.3.1/../../../../arm-none-eabi/lib/thumb/v8-m.main+fp/hard\libc_nano.a(libc_a-mallocr.o)
                0x08010e40                _malloc_r
 .text.__malloc_lock
                0x08010f40        0xc C:/ST/STM32CubeIDE_1.17.0/STM32CubeIDE/plugins/com.st.stm32cube.ide.mcu.externaltools.gnu-tools-for-stm32.12.3.rel1.win32_1.1.0.202410251130/tools/bin/../lib/gcc/arm-none-eabi/12.3.1/../../../../arm-none-eabi/lib/thumb/v8-m.main+fp/hard\libc_nano.a(libc_a-mlock.o)
                0x08010f40                __malloc_lock
 .text.__malloc_unlock
                0x08010f4c        0xc C:/ST/STM32CubeIDE_1.17.0/STM32CubeIDE/plugins/com.st.stm32cube.ide.mcu.externaltools.gnu-tools-for-stm32.12.3.rel1.win32_1.1.0.202410251130/tools/bin/../lib/gcc/arm-none-eabi/12.3.1/../../../../arm-none-eabi/lib/thumb/v8-m.main+fp/hard\libc_nano.a(libc_a-mlock.o)
                0x08010f4c                __malloc_unlock
 .text._Balloc  0x08010f58       0x80 C:/ST/STM32CubeIDE_1.17.0/STM32CubeIDE/plugins/com.st.stm32cube.ide.mcu.externaltools.gnu-tools-for-stm32.12.3.rel1.win32_1.1.0.202410251130/tools/bin/../lib/gcc/arm-none-eabi/12.3.1/../../../../arm-none-eabi/lib/thumb/v8-m.main+fp/hard\libc_nano.a(libc_a-mprec.o)
                0x08010f58                _Balloc
 .text._Bfree   0x08010fd8       0x44 C:/ST/STM32CubeIDE_1.17.0/STM32CubeIDE/plugins/com.st.stm32cube.ide.mcu.externaltools.gnu-tools-for-stm32.12.3.rel1.win32_1.1.0.202410251130/tools/bin/../lib/gcc/arm-none-eabi/12.3.1/../../../../arm-none-eabi/lib/thumb/v8-m.main+fp/hard\libc_nano.a(libc_a-mprec.o)
                0x08010fd8                _Bfree
 .text.__multadd
                0x0801101c       0x90 C:/ST/STM32CubeIDE_1.17.0/STM32CubeIDE/plugins/com.st.stm32cube.ide.mcu.externaltools.gnu-tools-for-stm32.12.3.rel1.win32_1.1.0.202410251130/tools/bin/../lib/gcc/arm-none-eabi/12.3.1/../../../../arm-none-eabi/lib/thumb/v8-m.main+fp/hard\libc_nano.a(libc_a-mprec.o)
                0x0801101c                __multadd
 .text.__hi0bits
                0x080110ac       0x3e C:/ST/STM32CubeIDE_1.17.0/STM32CubeIDE/plugins/com.st.stm32cube.ide.mcu.externaltools.gnu-tools-for-stm32.12.3.rel1.win32_1.1.0.202410251130/tools/bin/../lib/gcc/arm-none-eabi/12.3.1/../../../../arm-none-eabi/lib/thumb/v8-m.main+fp/hard\libc_nano.a(libc_a-mprec.o)
                0x080110ac                __hi0bits
 .text.__lo0bits
                0x080110ea       0x5a C:/ST/STM32CubeIDE_1.17.0/STM32CubeIDE/plugins/com.st.stm32cube.ide.mcu.externaltools.gnu-tools-for-stm32.12.3.rel1.win32_1.1.0.202410251130/tools/bin/../lib/gcc/arm-none-eabi/12.3.1/../../../../arm-none-eabi/lib/thumb/v8-m.main+fp/hard\libc_nano.a(libc_a-mprec.o)
                0x080110ea                __lo0bits
 .text.__i2b    0x08011144       0x2c C:/ST/STM32CubeIDE_1.17.0/STM32CubeIDE/plugins/com.st.stm32cube.ide.mcu.externaltools.gnu-tools-for-stm32.12.3.rel1.win32_1.1.0.202410251130/tools/bin/../lib/gcc/arm-none-eabi/12.3.1/../../../../arm-none-eabi/lib/thumb/v8-m.main+fp/hard\libc_nano.a(libc_a-mprec.o)
                0x08011144                __i2b
 .text.__multiply
                0x08011170      0x154 C:/ST/STM32CubeIDE_1.17.0/STM32CubeIDE/plugins/com.st.stm32cube.ide.mcu.externaltools.gnu-tools-for-stm32.12.3.rel1.win32_1.1.0.202410251130/tools/bin/../lib/gcc/arm-none-eabi/12.3.1/../../../../arm-none-eabi/lib/thumb/v8-m.main+fp/hard\libc_nano.a(libc_a-mprec.o)
                0x08011170                __multiply
 .text.__pow5mult
                0x080112c4       0xb4 C:/ST/STM32CubeIDE_1.17.0/STM32CubeIDE/plugins/com.st.stm32cube.ide.mcu.externaltools.gnu-tools-for-stm32.12.3.rel1.win32_1.1.0.202410251130/tools/bin/../lib/gcc/arm-none-eabi/12.3.1/../../../../arm-none-eabi/lib/thumb/v8-m.main+fp/hard\libc_nano.a(libc_a-mprec.o)
                0x080112c4                __pow5mult
 .text.__lshift
                0x08011378       0xd8 C:/ST/STM32CubeIDE_1.17.0/STM32CubeIDE/plugins/com.st.stm32cube.ide.mcu.externaltools.gnu-tools-for-stm32.12.3.rel1.win32_1.1.0.202410251130/tools/bin/../lib/gcc/arm-none-eabi/12.3.1/../../../../arm-none-eabi/lib/thumb/v8-m.main+fp/hard\libc_nano.a(libc_a-mprec.o)
                0x08011378                __lshift
 .text.__mcmp   0x08011450       0x36 C:/ST/STM32CubeIDE_1.17.0/STM32CubeIDE/plugins/com.st.stm32cube.ide.mcu.externaltools.gnu-tools-for-stm32.12.3.rel1.win32_1.1.0.202410251130/tools/bin/../lib/gcc/arm-none-eabi/12.3.1/../../../../arm-none-eabi/lib/thumb/v8-m.main+fp/hard\libc_nano.a(libc_a-mprec.o)
                0x08011450                __mcmp
 *fill*         0x08011486        0x2 
 .text.__mdiff  0x08011488      0x130 C:/ST/STM32CubeIDE_1.17.0/STM32CubeIDE/plugins/com.st.stm32cube.ide.mcu.externaltools.gnu-tools-for-stm32.12.3.rel1.win32_1.1.0.202410251130/tools/bin/../lib/gcc/arm-none-eabi/12.3.1/../../../../arm-none-eabi/lib/thumb/v8-m.main+fp/hard\libc_nano.a(libc_a-mprec.o)
                0x08011488                __mdiff
 .text.__d2b    0x080115b8       0xb0 C:/ST/STM32CubeIDE_1.17.0/STM32CubeIDE/plugins/com.st.stm32cube.ide.mcu.externaltools.gnu-tools-for-stm32.12.3.rel1.win32_1.1.0.202410251130/tools/bin/../lib/gcc/arm-none-eabi/12.3.1/../../../../arm-none-eabi/lib/thumb/v8-m.main+fp/hard\libc_nano.a(libc_a-mprec.o)
                0x080115b8                __d2b
 .text.__ssputs_r
                0x08011668       0xb6 C:/ST/STM32CubeIDE_1.17.0/STM32CubeIDE/plugins/com.st.stm32cube.ide.mcu.externaltools.gnu-tools-for-stm32.12.3.rel1.win32_1.1.0.202410251130/tools/bin/../lib/gcc/arm-none-eabi/12.3.1/../../../../arm-none-eabi/lib/thumb/v8-m.main+fp/hard\libc_nano.a(libc_a-nano-svfprintf.o)
                0x08011668                __ssputs_r
 *fill*         0x0801171e        0x2 
 .text._svfprintf_r
                0x08011720      0x1f8 C:/ST/STM32CubeIDE_1.17.0/STM32CubeIDE/plugins/com.st.stm32cube.ide.mcu.externaltools.gnu-tools-for-stm32.12.3.rel1.win32_1.1.0.202410251130/tools/bin/../lib/gcc/arm-none-eabi/12.3.1/../../../../arm-none-eabi/lib/thumb/v8-m.main+fp/hard\libc_nano.a(libc_a-nano-svfprintf.o)
                0x08011720                _svfiprintf_r
                0x08011720                _svfprintf_r
 .text.__sflush_r
                0x08011918      0x108 C:/ST/STM32CubeIDE_1.17.0/STM32CubeIDE/plugins/com.st.stm32cube.ide.mcu.externaltools.gnu-tools-for-stm32.12.3.rel1.win32_1.1.0.202410251130/tools/bin/../lib/gcc/arm-none-eabi/12.3.1/../../../../arm-none-eabi/lib/thumb/v8-m.main+fp/hard\libc_nano.a(libc_a-fflush.o)
                0x08011918                __sflush_r
 .text._fflush_r
                0x08011a20       0x50 C:/ST/STM32CubeIDE_1.17.0/STM32CubeIDE/plugins/com.st.stm32cube.ide.mcu.externaltools.gnu-tools-for-stm32.12.3.rel1.win32_1.1.0.202410251130/tools/bin/../lib/gcc/arm-none-eabi/12.3.1/../../../../arm-none-eabi/lib/thumb/v8-m.main+fp/hard\libc_nano.a(libc_a-fflush.o)
                0x08011a20                _fflush_r
 .text.memmove  0x08011a70       0x34 C:/ST/STM32CubeIDE_1.17.0/STM32CubeIDE/plugins/com.st.stm32cube.ide.mcu.externaltools.gnu-tools-for-stm32.12.3.rel1.win32_1.1.0.202410251130/tools/bin/../lib/gcc/arm-none-eabi/12.3.1/../../../../arm-none-eabi/lib/thumb/v8-m.main+fp/hard\libc_nano.a(libc_a-memmove.o)
                0x08011a70                memmove
 .text._sbrk_r  0x08011aa4       0x20 C:/ST/STM32CubeIDE_1.17.0/STM32CubeIDE/plugins/com.st.stm32cube.ide.mcu.externaltools.gnu-tools-for-stm32.12.3.rel1.win32_1.1.0.202410251130/tools/bin/../lib/gcc/arm-none-eabi/12.3.1/../../../../arm-none-eabi/lib/thumb/v8-m.main+fp/hard\libc_nano.a(libc_a-sbrkr.o)
                0x08011aa4                _sbrk_r
 .text.__assert_func
                0x08011ac4       0x3c C:/ST/STM32CubeIDE_1.17.0/STM32CubeIDE/plugins/com.st.stm32cube.ide.mcu.externaltools.gnu-tools-for-stm32.12.3.rel1.win32_1.1.0.202410251130/tools/bin/../lib/gcc/arm-none-eabi/12.3.1/../../../../arm-none-eabi/lib/thumb/v8-m.main+fp/hard\libc_nano.a(libc_a-assert.o)
                0x08011ac4                __assert_func
 .text._calloc_r
                0x08011b00       0x28 C:/ST/STM32CubeIDE_1.17.0/STM32CubeIDE/plugins/com.st.stm32cube.ide.mcu.externaltools.gnu-tools-for-stm32.12.3.rel1.win32_1.1.0.202410251130/tools/bin/../lib/gcc/arm-none-eabi/12.3.1/../../../../arm-none-eabi/lib/thumb/v8-m.main+fp/hard\libc_nano.a(libc_a-callocr.o)
                0x08011b00                _calloc_r
 .text.__ascii_mbtowc
                0x08011b28       0x24 C:/ST/STM32CubeIDE_1.17.0/STM32CubeIDE/plugins/com.st.stm32cube.ide.mcu.externaltools.gnu-tools-for-stm32.12.3.rel1.win32_1.1.0.202410251130/tools/bin/../lib/gcc/arm-none-eabi/12.3.1/../../../../arm-none-eabi/lib/thumb/v8-m.main+fp/hard\libc_nano.a(libc_a-mbtowc_r.o)
                0x08011b28                __ascii_mbtowc
 .text._realloc_r
                0x08011b4c       0x5c C:/ST/STM32CubeIDE_1.17.0/STM32CubeIDE/plugins/com.st.stm32cube.ide.mcu.externaltools.gnu-tools-for-stm32.12.3.rel1.win32_1.1.0.202410251130/tools/bin/../lib/gcc/arm-none-eabi/12.3.1/../../../../arm-none-eabi/lib/thumb/v8-m.main+fp/hard\libc_nano.a(libc_a-reallocr.o)
                0x08011b4c                _realloc_r
 .text.__ascii_wctomb
                0x08011ba8       0x1a C:/ST/STM32CubeIDE_1.17.0/STM32CubeIDE/plugins/com.st.stm32cube.ide.mcu.externaltools.gnu-tools-for-stm32.12.3.rel1.win32_1.1.0.202410251130/tools/bin/../lib/gcc/arm-none-eabi/12.3.1/../../../../arm-none-eabi/lib/thumb/v8-m.main+fp/hard\libc_nano.a(libc_a-wctomb_r.o)
                0x08011ba8                __ascii_wctomb
 *fill*         0x08011bc2        0x2 
 .text.fprintf  0x08011bc4       0x24 C:/ST/STM32CubeIDE_1.17.0/STM32CubeIDE/plugins/com.st.stm32cube.ide.mcu.externaltools.gnu-tools-for-stm32.12.3.rel1.win32_1.1.0.202410251130/tools/bin/../lib/gcc/arm-none-eabi/12.3.1/../../../../arm-none-eabi/lib/thumb/v8-m.main+fp/hard\libc_nano.a(libc_a-fprintf.o)
                0x08011bc4                fiprintf
                0x08011bc4                fprintf
 .text.abort    0x08011be8        0xe C:/ST/STM32CubeIDE_1.17.0/STM32CubeIDE/plugins/com.st.stm32cube.ide.mcu.externaltools.gnu-tools-for-stm32.12.3.rel1.win32_1.1.0.202410251130/tools/bin/../lib/gcc/arm-none-eabi/12.3.1/../../../../arm-none-eabi/lib/thumb/v8-m.main+fp/hard\libc_nano.a(libc_a-abort.o)
                0x08011be8                abort
 .text._malloc_usable_size_r
                0x08011bf6       0x10 C:/ST/STM32CubeIDE_1.17.0/STM32CubeIDE/plugins/com.st.stm32cube.ide.mcu.externaltools.gnu-tools-for-stm32.12.3.rel1.win32_1.1.0.202410251130/tools/bin/../lib/gcc/arm-none-eabi/12.3.1/../../../../arm-none-eabi/lib/thumb/v8-m.main+fp/hard\libc_nano.a(libc_a-msizer.o)
                0x08011bf6                _malloc_usable_size_r
 .text.__sfputc_r
                0x08011c06       0x2e C:/ST/STM32CubeIDE_1.17.0/STM32CubeIDE/plugins/com.st.stm32cube.ide.mcu.externaltools.gnu-tools-for-stm32.12.3.rel1.win32_1.1.0.202410251130/tools/bin/../lib/gcc/arm-none-eabi/12.3.1/../../../../arm-none-eabi/lib/thumb/v8-m.main+fp/hard\libc_nano.a(libc_a-nano-vfprintf.o)
 .text.__sfputs_r
                0x08011c34       0x24 C:/ST/STM32CubeIDE_1.17.0/STM32CubeIDE/plugins/com.st.stm32cube.ide.mcu.externaltools.gnu-tools-for-stm32.12.3.rel1.win32_1.1.0.202410251130/tools/bin/../lib/gcc/arm-none-eabi/12.3.1/../../../../arm-none-eabi/lib/thumb/v8-m.main+fp/hard\libc_nano.a(libc_a-nano-vfprintf.o)
                0x08011c34                __sfputs_r
 .text._vfprintf_r
                0x08011c58      0x230 C:/ST/STM32CubeIDE_1.17.0/STM32CubeIDE/plugins/com.st.stm32cube.ide.mcu.externaltools.gnu-tools-for-stm32.12.3.rel1.win32_1.1.0.202410251130/tools/bin/../lib/gcc/arm-none-eabi/12.3.1/../../../../arm-none-eabi/lib/thumb/v8-m.main+fp/hard\libc_nano.a(libc_a-nano-vfprintf.o)
                0x08011c58                _vfprintf_r
                0x08011c58                _vfiprintf_r
 .text.__swbuf_r
                0x08011e88       0x7c C:/ST/STM32CubeIDE_1.17.0/STM32CubeIDE/plugins/com.st.stm32cube.ide.mcu.externaltools.gnu-tools-for-stm32.12.3.rel1.win32_1.1.0.202410251130/tools/bin/../lib/gcc/arm-none-eabi/12.3.1/../../../../arm-none-eabi/lib/thumb/v8-m.main+fp/hard\libc_nano.a(libc_a-wbuf.o)
                0x08011e88                __swbuf_r
 .text.__swsetup_r
                0x08011f04       0xac C:/ST/STM32CubeIDE_1.17.0/STM32CubeIDE/plugins/com.st.stm32cube.ide.mcu.externaltools.gnu-tools-for-stm32.12.3.rel1.win32_1.1.0.202410251130/tools/bin/../lib/gcc/arm-none-eabi/12.3.1/../../../../arm-none-eabi/lib/thumb/v8-m.main+fp/hard\libc_nano.a(libc_a-wsetup.o)
                0x08011f04                __swsetup_r
 .text._raise_r
                0x08011fb0       0x50 C:/ST/STM32CubeIDE_1.17.0/STM32CubeIDE/plugins/com.st.stm32cube.ide.mcu.externaltools.gnu-tools-for-stm32.12.3.rel1.win32_1.1.0.202410251130/tools/bin/../lib/gcc/arm-none-eabi/12.3.1/../../../../arm-none-eabi/lib/thumb/v8-m.main+fp/hard\libc_nano.a(libc_a-signal.o)
                0x08011fb0                _raise_r
 .text.raise    0x08012000       0x10 C:/ST/STM32CubeIDE_1.17.0/STM32CubeIDE/plugins/com.st.stm32cube.ide.mcu.externaltools.gnu-tools-for-stm32.12.3.rel1.win32_1.1.0.202410251130/tools/bin/../lib/gcc/arm-none-eabi/12.3.1/../../../../arm-none-eabi/lib/thumb/v8-m.main+fp/hard\libc_nano.a(libc_a-signal.o)
                0x08012000                raise
 .text._kill_r  0x08012010       0x24 C:/ST/STM32CubeIDE_1.17.0/STM32CubeIDE/plugins/com.st.stm32cube.ide.mcu.externaltools.gnu-tools-for-stm32.12.3.rel1.win32_1.1.0.202410251130/tools/bin/../lib/gcc/arm-none-eabi/12.3.1/../../../../arm-none-eabi/lib/thumb/v8-m.main+fp/hard\libc_nano.a(libc_a-signalr.o)
                0x08012010                _kill_r
 .text._getpid_r
                0x08012034        0x4 C:/ST/STM32CubeIDE_1.17.0/STM32CubeIDE/plugins/com.st.stm32cube.ide.mcu.externaltools.gnu-tools-for-stm32.12.3.rel1.win32_1.1.0.202410251130/tools/bin/../lib/gcc/arm-none-eabi/12.3.1/../../../../arm-none-eabi/lib/thumb/v8-m.main+fp/hard\libc_nano.a(libc_a-signalr.o)
                0x08012034                _getpid_r
 .text.__swhatbuf_r
                0x08012038       0x4a C:/ST/STM32CubeIDE_1.17.0/STM32CubeIDE/plugins/com.st.stm32cube.ide.mcu.externaltools.gnu-tools-for-stm32.12.3.rel1.win32_1.1.0.202410251130/tools/bin/../lib/gcc/arm-none-eabi/12.3.1/../../../../arm-none-eabi/lib/thumb/v8-m.main+fp/hard\libc_nano.a(libc_a-makebuf.o)
                0x08012038                __swhatbuf_r
 .text.__smakebuf_r
                0x08012082       0x78 C:/ST/STM32CubeIDE_1.17.0/STM32CubeIDE/plugins/com.st.stm32cube.ide.mcu.externaltools.gnu-tools-for-stm32.12.3.rel1.win32_1.1.0.202410251130/tools/bin/../lib/gcc/arm-none-eabi/12.3.1/../../../../arm-none-eabi/lib/thumb/v8-m.main+fp/hard\libc_nano.a(libc_a-makebuf.o)
                0x08012082                __smakebuf_r
 *fill*         0x080120fa        0x2 
 .text._fstat_r
                0x080120fc       0x24 C:/ST/STM32CubeIDE_1.17.0/STM32CubeIDE/plugins/com.st.stm32cube.ide.mcu.externaltools.gnu-tools-for-stm32.12.3.rel1.win32_1.1.0.202410251130/tools/bin/../lib/gcc/arm-none-eabi/12.3.1/../../../../arm-none-eabi/lib/thumb/v8-m.main+fp/hard\libc_nano.a(libc_a-fstatr.o)
                0x080120fc                _fstat_r
 .text._isatty_r
                0x08012120       0x20 C:/ST/STM32CubeIDE_1.17.0/STM32CubeIDE/plugins/com.st.stm32cube.ide.mcu.externaltools.gnu-tools-for-stm32.12.3.rel1.win32_1.1.0.202410251130/tools/bin/../lib/gcc/arm-none-eabi/12.3.1/../../../../arm-none-eabi/lib/thumb/v8-m.main+fp/hard\libc_nano.a(libc_a-isattyr.o)
                0x08012120                _isatty_r
 .text.sqrt     0x08012140       0x58 C:/ST/STM32CubeIDE_1.17.0/STM32CubeIDE/plugins/com.st.stm32cube.ide.mcu.externaltools.gnu-tools-for-stm32.12.3.rel1.win32_1.1.0.202410251130/tools/bin/../lib/gcc/arm-none-eabi/12.3.1/../../../../arm-none-eabi/lib/thumb/v8-m.main+fp/hard\libm.a(libm_a-w_sqrt.o)
                0x08012140                sqrt
 .text.__ieee754_sqrt
                0x08012198      0x1bc C:/ST/STM32CubeIDE_1.17.0/STM32CubeIDE/plugins/com.st.stm32cube.ide.mcu.externaltools.gnu-tools-for-stm32.12.3.rel1.win32_1.1.0.202410251130/tools/bin/../lib/gcc/arm-none-eabi/12.3.1/../../../../arm-none-eabi/lib/thumb/v8-m.main+fp/hard\libm.a(libm_a-e_sqrt.o)
                0x08012198                __ieee754_sqrt
 *(.glue_7)
 .glue_7        0x08012354        0x0 linker stubs
 *(.glue_7t)
 .glue_7t       0x08012354        0x0 linker stubs
 *(.eh_frame)
 .eh_frame      0x08012354        0x0 C:/ST/STM32CubeIDE_1.17.0/STM32CubeIDE/plugins/com.st.stm32cube.ide.mcu.externaltools.gnu-tools-for-stm32.12.3.rel1.win32_1.1.0.202410251130/tools/bin/../lib/gcc/arm-none-eabi/12.3.1/thumb/v8-m.main+fp/hard/crtbegin.o
 *(.init)
 .init          0x08012354        0x4 C:/ST/STM32CubeIDE_1.17.0/STM32CubeIDE/plugins/com.st.stm32cube.ide.mcu.externaltools.gnu-tools-for-stm32.12.3.rel1.win32_1.1.0.202410251130/tools/bin/../lib/gcc/arm-none-eabi/12.3.1/thumb/v8-m.main+fp/hard/crti.o
                0x08012354                _init
 .init          0x08012358        0x8 C:/ST/STM32CubeIDE_1.17.0/STM32CubeIDE/plugins/com.st.stm32cube.ide.mcu.externaltools.gnu-tools-for-stm32.12.3.rel1.win32_1.1.0.202410251130/tools/bin/../lib/gcc/arm-none-eabi/12.3.1/thumb/v8-m.main+fp/hard/crtn.o
 *(.fini)
 .fini          0x08012360        0x4 C:/ST/STM32CubeIDE_1.17.0/STM32CubeIDE/plugins/com.st.stm32cube.ide.mcu.externaltools.gnu-tools-for-stm32.12.3.rel1.win32_1.1.0.202410251130/tools/bin/../lib/gcc/arm-none-eabi/12.3.1/thumb/v8-m.main+fp/hard/crti.o
                0x08012360                _fini
 .fini          0x08012364        0x8 C:/ST/STM32CubeIDE_1.17.0/STM32CubeIDE/plugins/com.st.stm32cube.ide.mcu.externaltools.gnu-tools-for-stm32.12.3.rel1.win32_1.1.0.202410251130/tools/bin/../lib/gcc/arm-none-eabi/12.3.1/thumb/v8-m.main+fp/hard/crtn.o
                0x0801236c                        . = ALIGN (0x4)
                0x0801236c                        _etext = .

.vfp11_veneer   0x0801236c        0x0
 .vfp11_veneer  0x0801236c        0x0 linker stubs

.v4_bx          0x0801236c        0x0
 .v4_bx         0x0801236c        0x0 linker stubs

.iplt           0x0801236c        0x0
 .iplt          0x0801236c        0x0 C:/ST/STM32CubeIDE_1.17.0/STM32CubeIDE/plugins/com.st.stm32cube.ide.mcu.externaltools.gnu-tools-for-stm32.12.3.rel1.win32_1.1.0.202410251130/tools/bin/../lib/gcc/arm-none-eabi/12.3.1/thumb/v8-m.main+fp/hard/crtbegin.o

.rodata         0x08012370      0x540
                0x08012370                        . = ALIGN (0x4)
 *(.rodata)
 .rodata        0x08012370       0x56 ./Core/Src/NAND_Operations.o
 *fill*         0x080123c6        0x2 
 .rodata        0x080123c8      0x131 ./Core/Src/SRAM_Operations.o
 *(.rodata*)
 *fill*         0x080124f9        0x3 
 .rodata.AHBPrescTable
                0x080124fc       0x10 ./Core/Src/system_stm32h5xx.o
                0x080124fc                AHBPrescTable
 .rodata.APBPrescTable
                0x0801250c        0x8 ./Core/Src/system_stm32h5xx.o
                0x0801250c                APBPrescTable
 .rodata.UARTPrescTable
                0x08012514       0x18 ./Drivers/STM32H5xx_HAL_Driver/Src/stm32h5xx_hal_uart.o
                0x08012514                UARTPrescTable
 .rodata.numerator.1
                0x0801252c        0x8 ./Drivers/STM32H5xx_HAL_Driver/Src/stm32h5xx_hal_uart_ex.o
 .rodata.denominator.0
                0x08012534        0x8 ./Drivers/STM32H5xx_HAL_Driver/Src/stm32h5xx_hal_uart_ex.o
 .rodata._printf_float.str1.1
                0x0801253c       0x12 C:/ST/STM32CubeIDE_1.17.0/STM32CubeIDE/plugins/com.st.stm32cube.ide.mcu.externaltools.gnu-tools-for-stm32.12.3.rel1.win32_1.1.0.202410251130/tools/bin/../lib/gcc/arm-none-eabi/12.3.1/../../../../arm-none-eabi/lib/thumb/v8-m.main+fp/hard\libc_nano.a(libc_a-nano-vfprintf_float.o)
 .rodata._printf_i.str1.1
                0x0801254e       0x22 C:/ST/STM32CubeIDE_1.17.0/STM32CubeIDE/plugins/com.st.stm32cube.ide.mcu.externaltools.gnu-tools-for-stm32.12.3.rel1.win32_1.1.0.202410251130/tools/bin/../lib/gcc/arm-none-eabi/12.3.1/../../../../arm-none-eabi/lib/thumb/v8-m.main+fp/hard\libc_nano.a(libc_a-nano-vfprintf_i.o)
 .rodata._dtoa_r.str1.1
                0x08012570       0x8d C:/ST/STM32CubeIDE_1.17.0/STM32CubeIDE/plugins/com.st.stm32cube.ide.mcu.externaltools.gnu-tools-for-stm32.12.3.rel1.win32_1.1.0.202410251130/tools/bin/../lib/gcc/arm-none-eabi/12.3.1/../../../../arm-none-eabi/lib/thumb/v8-m.main+fp/hard\libc_nano.a(libc_a-dtoa.o)
                                 0x8f (size before relaxing)
 .rodata._Balloc.str1.1
                0x080125fd       0x59 C:/ST/STM32CubeIDE_1.17.0/STM32CubeIDE/plugins/com.st.stm32cube.ide.mcu.externaltools.gnu-tools-for-stm32.12.3.rel1.win32_1.1.0.202410251130/tools/bin/../lib/gcc/arm-none-eabi/12.3.1/../../../../arm-none-eabi/lib/thumb/v8-m.main+fp/hard\libc_nano.a(libc_a-mprec.o)
                                 0x70 (size before relaxing)
 .rodata.__multadd.str1.1
                0x08012656       0x11 C:/ST/STM32CubeIDE_1.17.0/STM32CubeIDE/plugins/com.st.stm32cube.ide.mcu.externaltools.gnu-tools-for-stm32.12.3.rel1.win32_1.1.0.202410251130/tools/bin/../lib/gcc/arm-none-eabi/12.3.1/../../../../arm-none-eabi/lib/thumb/v8-m.main+fp/hard\libc_nano.a(libc_a-mprec.o)
 *fill*         0x08012656        0x2 
 .rodata.p05.0  0x08012658        0xc C:/ST/STM32CubeIDE_1.17.0/STM32CubeIDE/plugins/com.st.stm32cube.ide.mcu.externaltools.gnu-tools-for-stm32.12.3.rel1.win32_1.1.0.202410251130/tools/bin/../lib/gcc/arm-none-eabi/12.3.1/../../../../arm-none-eabi/lib/thumb/v8-m.main+fp/hard\libc_nano.a(libc_a-mprec.o)
 *fill*         0x08012664        0x4 
 .rodata.__mprec_bigtens
                0x08012668       0x28 C:/ST/STM32CubeIDE_1.17.0/STM32CubeIDE/plugins/com.st.stm32cube.ide.mcu.externaltools.gnu-tools-for-stm32.12.3.rel1.win32_1.1.0.202410251130/tools/bin/../lib/gcc/arm-none-eabi/12.3.1/../../../../arm-none-eabi/lib/thumb/v8-m.main+fp/hard\libc_nano.a(libc_a-mprec.o)
                0x08012668                __mprec_bigtens
 .rodata.__mprec_tens
                0x08012690       0xc8 C:/ST/STM32CubeIDE_1.17.0/STM32CubeIDE/plugins/com.st.stm32cube.ide.mcu.externaltools.gnu-tools-for-stm32.12.3.rel1.win32_1.1.0.202410251130/tools/bin/../lib/gcc/arm-none-eabi/12.3.1/../../../../arm-none-eabi/lib/thumb/v8-m.main+fp/hard\libc_nano.a(libc_a-mprec.o)
                0x08012690                __mprec_tens
 .rodata._svfprintf_r.str1.1
                0x08012758       0x11 C:/ST/STM32CubeIDE_1.17.0/STM32CubeIDE/plugins/com.st.stm32cube.ide.mcu.externaltools.gnu-tools-for-stm32.12.3.rel1.win32_1.1.0.202410251130/tools/bin/../lib/gcc/arm-none-eabi/12.3.1/../../../../arm-none-eabi/lib/thumb/v8-m.main+fp/hard\libc_nano.a(libc_a-nano-svfprintf.o)
 .rodata._setlocale_r.str1.1
                0x08012769        0x8 C:/ST/STM32CubeIDE_1.17.0/STM32CubeIDE/plugins/com.st.stm32cube.ide.mcu.externaltools.gnu-tools-for-stm32.12.3.rel1.win32_1.1.0.202410251130/tools/bin/../lib/gcc/arm-none-eabi/12.3.1/../../../../arm-none-eabi/lib/thumb/v8-m.main+fp/hard\libc_nano.a(libc_a-locale.o)
                                  0x9 (size before relaxing)
 .rodata.str1.1
                0x08012771        0x2 C:/ST/STM32CubeIDE_1.17.0/STM32CubeIDE/plugins/com.st.stm32cube.ide.mcu.externaltools.gnu-tools-for-stm32.12.3.rel1.win32_1.1.0.202410251130/tools/bin/../lib/gcc/arm-none-eabi/12.3.1/../../../../arm-none-eabi/lib/thumb/v8-m.main+fp/hard\libc_nano.a(libc_a-locale.o)
 .rodata.__assert_func.str1.1
                0x08012773       0x3c C:/ST/STM32CubeIDE_1.17.0/STM32CubeIDE/plugins/com.st.stm32cube.ide.mcu.externaltools.gnu-tools-for-stm32.12.3.rel1.win32_1.1.0.202410251130/tools/bin/../lib/gcc/arm-none-eabi/12.3.1/../../../../arm-none-eabi/lib/thumb/v8-m.main+fp/hard\libc_nano.a(libc_a-assert.o)
                                 0x3d (size before relaxing)
 .rodata._ctype_
                0x080127af      0x101 C:/ST/STM32CubeIDE_1.17.0/STM32CubeIDE/plugins/com.st.stm32cube.ide.mcu.externaltools.gnu-tools-for-stm32.12.3.rel1.win32_1.1.0.202410251130/tools/bin/../lib/gcc/arm-none-eabi/12.3.1/../../../../arm-none-eabi/lib/thumb/v8-m.main+fp/hard\libc_nano.a(libc_a-ctype_.o)
                0x080127af                _ctype_
 .rodata._vfprintf_r.str1.1
                0x080128b0       0x11 C:/ST/STM32CubeIDE_1.17.0/STM32CubeIDE/plugins/com.st.stm32cube.ide.mcu.externaltools.gnu-tools-for-stm32.12.3.rel1.win32_1.1.0.202410251130/tools/bin/../lib/gcc/arm-none-eabi/12.3.1/../../../../arm-none-eabi/lib/thumb/v8-m.main+fp/hard\libc_nano.a(libc_a-nano-vfprintf.o)
                0x080128c4                        . = ALIGN (0x4)

.ARM.extab      0x080128b0        0x0
                0x080128b0                        . = ALIGN (0x4)
 *(.ARM.extab* .gnu.linkonce.armextab.*)
                0x080128b0                        . = ALIGN (0x4)

.ARM            0x080128b0        0x8
                0x080128b0                        . = ALIGN (0x4)
                0x080128b0                        __exidx_start = .
 *(.ARM.exidx*)
 .ARM.exidx     0x080128b0        0x8 C:/ST/STM32CubeIDE_1.17.0/STM32CubeIDE/plugins/com.st.stm32cube.ide.mcu.externaltools.gnu-tools-for-stm32.12.3.rel1.win32_1.1.0.202410251130/tools/bin/../lib/gcc/arm-none-eabi/12.3.1/../../../../arm-none-eabi/lib/thumb/v8-m.main+fp/hard\libc_nano.a(libc_a-strlen.o)
 .ARM.exidx     0x080128b8        0x0 C:/ST/STM32CubeIDE_1.17.0/STM32CubeIDE/plugins/com.st.stm32cube.ide.mcu.externaltools.gnu-tools-for-stm32.12.3.rel1.win32_1.1.0.202410251130/tools/bin/../lib/gcc/arm-none-eabi/12.3.1/thumb/v8-m.main+fp/hard\libgcc.a(_udivmoddi4.o)
                                  0x8 (size before relaxing)
                0x080128b8                        __exidx_end = .
                0x080128b8                        . = ALIGN (0x4)

.rel.dyn        0x080128b8        0x0
 .rel.iplt      0x080128b8        0x0 C:/ST/STM32CubeIDE_1.17.0/STM32CubeIDE/plugins/com.st.stm32cube.ide.mcu.externaltools.gnu-tools-for-stm32.12.3.rel1.win32_1.1.0.202410251130/tools/bin/../lib/gcc/arm-none-eabi/12.3.1/thumb/v8-m.main+fp/hard/crtbegin.o

.preinit_array  0x080128b8        0x0
                0x080128b8                        . = ALIGN (0x4)
                0x080128b8                        PROVIDE (__preinit_array_start = .)
 *(.preinit_array*)
                0x080128b8                        PROVIDE (__preinit_array_end = .)
                0x080128b8                        . = ALIGN (0x4)

.init_array     0x080128b8        0x4
                0x080128b8                        . = ALIGN (0x4)
                0x080128b8                        PROVIDE (__init_array_start = .)
 *(SORT_BY_NAME(.init_array.*))
 *(.init_array*)
 .init_array    0x080128b8        0x4 C:/ST/STM32CubeIDE_1.17.0/STM32CubeIDE/plugins/com.st.stm32cube.ide.mcu.externaltools.gnu-tools-for-stm32.12.3.rel1.win32_1.1.0.202410251130/tools/bin/../lib/gcc/arm-none-eabi/12.3.1/thumb/v8-m.main+fp/hard/crtbegin.o
                0x080128bc                        PROVIDE (__init_array_end = .)
                0x080128bc                        . = ALIGN (0x4)

.fini_array     0x080128bc        0x4
                0x080128bc                        . = ALIGN (0x4)
                [!provide]                        PROVIDE (__fini_array_start = .)
 *(SORT_BY_NAME(.fini_array.*))
 *(.fini_array*)
 .fini_array    0x080128bc        0x4 C:/ST/STM32CubeIDE_1.17.0/STM32CubeIDE/plugins/com.st.stm32cube.ide.mcu.externaltools.gnu-tools-for-stm32.12.3.rel1.win32_1.1.0.202410251130/tools/bin/../lib/gcc/arm-none-eabi/12.3.1/thumb/v8-m.main+fp/hard/crtbegin.o
                [!provide]                        PROVIDE (__fini_array_end = .)
                0x080128c0                        . = ALIGN (0x4)
                0x080128c0                        _sidata = LOADADDR (.data)

.data           0x20000000      0x208 load address 0x080128c0
                0x20000000                        . = ALIGN (0x4)
                0x20000000                        _sdata = .
 *(.data)
 *(.data*)
 .data.wait_time
                0x20000000        0x4 ./Core/Src/ADC_Operations.o
 .data.sram_location
                0x20000004        0x4 ./Core/Src/SRAM_Operations.o
                0x20000004                sram_location
 .data.sram_base_location
                0x20000008        0x4 ./Core/Src/SRAM_Operations.o
                0x20000008                sram_base_location
 .data.sramAddr_Last_Loc
                0x2000000c        0x4 ./Core/Src/SRAM_Operations.o
                0x2000000c                sramAddr_Last_Loc
 .data.sramAddr_NandCyclic
                0x20000010        0x4 ./Core/Src/SRAM_Operations.o
                0x20000010                sramAddr_NandCyclic
 .data.Last_sramAddr
                0x20000014        0x4 ./Core/Src/SRAM_Operations.o
                0x20000014                Last_sramAddr
 .data.sec_addr
                0x20000018        0x4 ./Core/Src/SRAM_Operations.o
                0x20000018                sec_addr
 .data.pSrcBuffer
                0x2000001c        0x1 ./Core/Src/SRAM_Operations.o
                0x2000001c                pSrcBuffer
 *fill*         0x2000001d        0x3 
 .data.BufferSize
                0x20000020        0x4 ./Core/Src/SRAM_Operations.o
                0x20000020                BufferSize
 .data.SystemCoreClock
                0x20000024        0x4 ./Core/Src/system_stm32h5xx.o
                0x20000024                SystemCoreClock
 .data.uwTickPrio
                0x20000028        0x4 ./Drivers/STM32H5xx_HAL_Driver/Src/stm32h5xx_hal.o
                0x20000028                uwTickPrio
 .data.uwTickFreq
                0x2000002c        0x1 ./Drivers/STM32H5xx_HAL_Driver/Src/stm32h5xx_hal.o
                0x2000002c                uwTickFreq
 *fill*         0x2000002d        0x3 
 .data.__sglue  0x20000030        0xc C:/ST/STM32CubeIDE_1.17.0/STM32CubeIDE/plugins/com.st.stm32cube.ide.mcu.externaltools.gnu-tools-for-stm32.12.3.rel1.win32_1.1.0.202410251130/tools/bin/../lib/gcc/arm-none-eabi/12.3.1/../../../../arm-none-eabi/lib/thumb/v8-m.main+fp/hard\libc_nano.a(libc_a-findfp.o)
                0x20000030                __sglue
 .data._impure_ptr
                0x2000003c        0x4 C:/ST/STM32CubeIDE_1.17.0/STM32CubeIDE/plugins/com.st.stm32cube.ide.mcu.externaltools.gnu-tools-for-stm32.12.3.rel1.win32_1.1.0.202410251130/tools/bin/../lib/gcc/arm-none-eabi/12.3.1/../../../../arm-none-eabi/lib/thumb/v8-m.main+fp/hard\libc_nano.a(libc_a-impure.o)
                0x2000003c                _impure_ptr
 .data._impure_data
                0x20000040       0x4c C:/ST/STM32CubeIDE_1.17.0/STM32CubeIDE/plugins/com.st.stm32cube.ide.mcu.externaltools.gnu-tools-for-stm32.12.3.rel1.win32_1.1.0.202410251130/tools/bin/../lib/gcc/arm-none-eabi/12.3.1/../../../../arm-none-eabi/lib/thumb/v8-m.main+fp/hard\libc_nano.a(libc_a-impure.o)
                0x20000040                _impure_data
 .data.__global_locale
                0x2000008c      0x16c C:/ST/STM32CubeIDE_1.17.0/STM32CubeIDE/plugins/com.st.stm32cube.ide.mcu.externaltools.gnu-tools-for-stm32.12.3.rel1.win32_1.1.0.202410251130/tools/bin/../lib/gcc/arm-none-eabi/12.3.1/../../../../arm-none-eabi/lib/thumb/v8-m.main+fp/hard\libc_nano.a(libc_a-locale.o)
                0x2000008c                __global_locale
 .data.tiny     0x200001f8        0x8 C:/ST/STM32CubeIDE_1.17.0/STM32CubeIDE/plugins/com.st.stm32cube.ide.mcu.externaltools.gnu-tools-for-stm32.12.3.rel1.win32_1.1.0.202410251130/tools/bin/../lib/gcc/arm-none-eabi/12.3.1/../../../../arm-none-eabi/lib/thumb/v8-m.main+fp/hard\libm.a(libm_a-e_sqrt.o)
 .data.one      0x20000200        0x8 C:/ST/STM32CubeIDE_1.17.0/STM32CubeIDE/plugins/com.st.stm32cube.ide.mcu.externaltools.gnu-tools-for-stm32.12.3.rel1.win32_1.1.0.202410251130/tools/bin/../lib/gcc/arm-none-eabi/12.3.1/../../../../arm-none-eabi/lib/thumb/v8-m.main+fp/hard\libm.a(libm_a-e_sqrt.o)
 *(.RamFunc)
 *(.RamFunc*)
                0x20000208                        . = ALIGN (0x4)
                0x20000208                        _edata = .

.igot.plt       0x20000208        0x0 load address 0x08012ac8
 .igot.plt      0x20000208        0x0 C:/ST/STM32CubeIDE_1.17.0/STM32CubeIDE/plugins/com.st.stm32cube.ide.mcu.externaltools.gnu-tools-for-stm32.12.3.rel1.win32_1.1.0.202410251130/tools/bin/../lib/gcc/arm-none-eabi/12.3.1/thumb/v8-m.main+fp/hard/crtbegin.o
                0x20000208                        . = ALIGN (0x4)

.bss            0x20000208     0x7b08 load address 0x08012ac8
                0x20000208                        _sbss = .
                0x20000208                        __bss_start__ = _sbss
 *(.bss)
 .bss           0x20000208       0x1c C:/ST/STM32CubeIDE_1.17.0/STM32CubeIDE/plugins/com.st.stm32cube.ide.mcu.externaltools.gnu-tools-for-stm32.12.3.rel1.win32_1.1.0.202410251130/tools/bin/../lib/gcc/arm-none-eabi/12.3.1/thumb/v8-m.main+fp/hard/crtbegin.o
 *(.bss*)
 .bss.txd_buf   0x20000224       0x1e ./Core/Src/ADC_Operations.o
                0x20000224                txd_buf
 *fill*         0x20000242        0x2 
 .bss.temperature
                0x20000244        0x4 ./Core/Src/ADC_Operations.o
                0x20000244                temperature
 .bss.reg_data_ADC_1
                0x20000248       0x14 ./Core/Src/ADC_Operations.o
                0x20000248                reg_data_ADC_1
 .bss.reg_data_ADC_2
                0x2000025c       0x14 ./Core/Src/ADC_Operations.o
                0x2000025c                reg_data_ADC_2
 .bss.reg_data_ADC_3
                0x20000270       0x14 ./Core/Src/ADC_Operations.o
                0x20000270                reg_data_ADC_3
 .bss.SRAM_check
                0x20000284        0x1 ./Core/Src/ADC_Operations.o
                0x20000284                SRAM_check
 .bss.diff_count
                0x20000285        0x1 ./Core/Src/ADC_Operations.o
                0x20000285                diff_count
 *fill*         0x20000286        0x2 
 .bss.temp_sensor
                0x20000288       0x30 ./Core/Src/ADC_Operations.o
                0x20000288                temp_sensor
 .bss.sensor_hex
                0x200002b8       0x18 ./Core/Src/ADC_Operations.o
                0x200002b8                sensor_hex
 .bss.command_str
                0x200002d0       0x14 ./Core/Src/ATP_Mode.o
                0x200002d0                command_str
 .bss.command_str_index
                0x200002e4        0x1 ./Core/Src/ATP_Mode.o
                0x200002e4                command_str_index
 .bss.ATP_test  0x200002e5        0x1 ./Core/Src/ATP_Mode.o
                0x200002e5                ATP_test
 *fill*         0x200002e6        0x2 
 .bss.nand_address
                0x200002e8        0x6 ./Core/Src/NAND_Operations.o
                0x200002e8                nand_address
 *fill*         0x200002ee        0x2 
 .bss.nand_stop_read_CMD
                0x200002f0        0x3 ./Core/Src/NAND_Operations.o
                0x200002f0                nand_stop_read_CMD
 *fill*         0x200002f3        0x1 
 .bss.read_data
                0x200002f4     0x2000 ./Core/Src/NAND_Operations.o
                0x200002f4                read_data
 .bss.NAND_data
                0x200022f4     0x2000 ./Core/Src/NAND_Operations.o
                0x200022f4                NAND_data
 .bss.spare_buffer
                0x200042f4      0x1c0 ./Core/Src/NAND_Operations.o
                0x200042f4                spare_buffer
 .bss.nand_block_status
                0x200044b4     0x1000 ./Core/Src/NAND_Operations.o
                0x200044b4                nand_block_status
 .bss.nand_update
                0x200054b4        0x1 ./Core/Src/NAND_Operations.o
                0x200054b4                nand_update
 .bss.nand_cyclic_run
                0x200054b5        0x1 ./Core/Src/NAND_Operations.o
                0x200054b5                nand_cyclic_run
 .bss.bad_block_check_counter
                0x200054b6        0x2 ./Core/Src/NAND_Operations.o
                0x200054b6                bad_block_check_counter
 .bss.buff      0x200054b8       0x64 ./Core/Src/NAND_Operations.o