Archive member included to satisfy reference by file (symbol)

C:/ST/STM32CubeIDE_1.16.0/STM32CubeIDE/plugins/com.st.stm32cube.ide.mcu.externaltools.gnu-tools-for-stm32.12.3.rel1.win32_1.0.200.202406191623/tools/bin/../lib/gcc/arm-none-eabi/12.3.1/../../../../arm-none-eabi/lib/thumb/v8-m.main+fp/hard\libc_nano.a(libc_a-exit.o)
                              C:/ST/STM32CubeIDE_1.16.0/STM32CubeIDE/plugins/com.st.stm32cube.ide.mcu.externaltools.gnu-tools-for-stm32.12.3.rel1.win32_1.0.200.202406191623/tools/bin/../lib/gcc/arm-none-eabi/12.3.1/../../../../arm-none-eabi/lib/thumb/v8-m.main+fp/hard/crt0.o (exit)
C:/ST/STM32CubeIDE_1.16.0/STM32CubeIDE/plugins/com.st.stm32cube.ide.mcu.externaltools.gnu-tools-for-stm32.12.3.rel1.win32_1.0.200.202406191623/tools/bin/../lib/gcc/arm-none-eabi/12.3.1/../../../../arm-none-eabi/lib/thumb/v8-m.main+fp/hard\libc_nano.a(libc_a-nano-vfprintf_float.o)
                              (_printf_float)
C:/ST/STM32CubeIDE_1.16.0/STM32CubeIDE/plugins/com.st.stm32cube.ide.mcu.externaltools.gnu-tools-for-stm32.12.3.rel1.win32_1.0.200.202406191623/tools/bin/../lib/gcc/arm-none-eabi/12.3.1/../../../../arm-none-eabi/lib/thumb/v8-m.main+fp/hard\libc_nano.a(libc_a-nano-vfprintf_i.o)
                              C:/ST/STM32CubeIDE_1.16.0/STM32CubeIDE/plugins/com.st.stm32cube.ide.mcu.externaltools.gnu-tools-for-stm32.12.3.rel1.win32_1.0.200.202406191623/tools/bin/../lib/gcc/arm-none-eabi/12.3.1/../../../../arm-none-eabi/lib/thumb/v8-m.main+fp/hard\libc_nano.a(libc_a-nano-vfprintf_float.o) (_printf_common)
C:/ST/STM32CubeIDE_1.16.0/STM32CubeIDE/plugins/com.st.stm32cube.ide.mcu.externaltools.gnu-tools-for-stm32.12.3.rel1.win32_1.0.200.202406191623/tools/bin/../lib/gcc/arm-none-eabi/12.3.1/../../../../arm-none-eabi/lib/thumb/v8-m.main+fp/hard\libc_nano.a(libc_a-findfp.o)
                              C:/ST/STM32CubeIDE_1.16.0/STM32CubeIDE/plugins/com.st.stm32cube.ide.mcu.externaltools.gnu-tools-for-stm32.12.3.rel1.win32_1.0.200.202406191623/tools/bin/../lib/gcc/arm-none-eabi/12.3.1/../../../../arm-none-eabi/lib/thumb/v8-m.main+fp/hard\libc_nano.a(libc_a-exit.o) (__stdio_exit_handler)
C:/ST/STM32CubeIDE_1.16.0/STM32CubeIDE/plugins/com.st.stm32cube.ide.mcu.externaltools.gnu-tools-for-stm32.12.3.rel1.win32_1.0.200.202406191623/tools/bin/../lib/gcc/arm-none-eabi/12.3.1/../../../../arm-none-eabi/lib/thumb/v8-m.main+fp/hard\libc_nano.a(libc_a-fwalk.o)
                              C:/ST/STM32CubeIDE_1.16.0/STM32CubeIDE/plugins/com.st.stm32cube.ide.mcu.externaltools.gnu-tools-for-stm32.12.3.rel1.win32_1.0.200.202406191623/tools/bin/../lib/gcc/arm-none-eabi/12.3.1/../../../../arm-none-eabi/lib/thumb/v8-m.main+fp/hard\libc_nano.a(libc_a-findfp.o) (_fwalk_sglue)
C:/ST/STM32CubeIDE_1.16.0/STM32CubeIDE/plugins/com.st.stm32cube.ide.mcu.externaltools.gnu-tools-for-stm32.12.3.rel1.win32_1.0.200.202406191623/tools/bin/../lib/gcc/arm-none-eabi/12.3.1/../../../../arm-none-eabi/lib/thumb/v8-m.main+fp/hard\libc_nano.a(libc_a-sprintf.o)
                              ./Core/Src/ADC_Operations.o (sprintf)
C:/ST/STM32CubeIDE_1.16.0/STM32CubeIDE/plugins/com.st.stm32cube.ide.mcu.externaltools.gnu-tools-for-stm32.12.3.rel1.win32_1.0.200.202406191623/tools/bin/../lib/gcc/arm-none-eabi/12.3.1/../../../../arm-none-eabi/lib/thumb/v8-m.main+fp/hard\libc_nano.a(libc_a-stdio.o)
                              C:/ST/STM32CubeIDE_1.16.0/STM32CubeIDE/plugins/com.st.stm32cube.ide.mcu.externaltools.gnu-tools-for-stm32.12.3.rel1.win32_1.0.200.202406191623/tools/bin/../lib/gcc/arm-none-eabi/12.3.1/../../../../arm-none-eabi/lib/thumb/v8-m.main+fp/hard\libc_nano.a(libc_a-findfp.o) (__sread)
C:/ST/STM32CubeIDE_1.16.0/STM32CubeIDE/plugins/com.st.stm32cube.ide.mcu.externaltools.gnu-tools-for-stm32.12.3.rel1.win32_1.0.200.202406191623/tools/bin/../lib/gcc/arm-none-eabi/12.3.1/../../../../arm-none-eabi/lib/thumb/v8-m.main+fp/hard\libc_nano.a(libc_a-memset.o)
                              C:/ST/STM32CubeIDE_1.16.0/STM32CubeIDE/plugins/com.st.stm32cube.ide.mcu.externaltools.gnu-tools-for-stm32.12.3.rel1.win32_1.0.200.202406191623/tools/bin/../lib/gcc/arm-none-eabi/12.3.1/../../../../arm-none-eabi/lib/thumb/v8-m.main+fp/hard/crt0.o (memset)
C:/ST/STM32CubeIDE_1.16.0/STM32CubeIDE/plugins/com.st.stm32cube.ide.mcu.externaltools.gnu-tools-for-stm32.12.3.rel1.win32_1.0.200.202406191623/tools/bin/../lib/gcc/arm-none-eabi/12.3.1/../../../../arm-none-eabi/lib/thumb/v8-m.main+fp/hard\libc_nano.a(libc_a-strstr.o)
                              ./Core/Src/ATP_Mode.o (strstr)
C:/ST/STM32CubeIDE_1.16.0/STM32CubeIDE/plugins/com.st.stm32cube.ide.mcu.externaltools.gnu-tools-for-stm32.12.3.rel1.win32_1.0.200.202406191623/tools/bin/../lib/gcc/arm-none-eabi/12.3.1/../../../../arm-none-eabi/lib/thumb/v8-m.main+fp/hard\libc_nano.a(libc_a-localeconv.o)
[...]
Memory Configuration

Name             Origin             Length             Attributes
RAM              0x20000000         0x000a0000         xrw
FLASH            0x08000000         0x00200000         xr
*default*        0x00000000         0xffffffff

Linker script and memory map

LOAD C:/ST/STM32CubeIDE_1.16.0/STM32CubeIDE/plugins/com.st.stm32cube.ide.mcu.externaltools.gnu-tools-for-stm32.12.3.rel1.win32_1.0.200.202406191623/tools/bin/../lib/gcc/arm-none-eabi/12.3.1/thumb/v8-m.main+fp/hard/crti.o
LOAD C:/ST/STM32CubeIDE_1.16.0/STM32CubeIDE/plugins/com.st.stm32cube.ide.mcu.externaltools.gnu-tools-for-stm32.12.3.rel1.win32_1.0.200.202406191623/tools/bin/../lib/gcc/arm-none-eabi/12.3.1/thumb/v8-m.main+fp/hard/crtbegin.o
LOAD C:/ST/STM32CubeIDE_1.16.0/STM32CubeIDE/plugins/com.st.stm32cube.ide.mcu.externaltools.gnu-tools-for-stm32.12.3.rel1.win32_1.0.200.202406191623/tools/bin/../lib/gcc/arm-none-eabi/12.3.1/../../../../arm-none-eabi/lib/thumb/v8-m.main+fp/hard/crt0.o
LOAD ./Core/Src/ADC_Operations.o
LOAD ./Core/Src/ATP_Mode.o
LOAD ./Core/Src/NAND_operations.o
LOAD ./Core/Src/SRAM_Operations.o
LOAD ./Core/Src/main.o
LOAD ./Core/Src/stm32h5xx_hal_msp.o
LOAD ./Core/Src/stm32h5xx_it.o
LOAD ./Core/Src/syscalls.o
LOAD ./Core/Src/sysmem.o
LOAD ./Core/Src/system_stm32h5xx.o
LOAD ./Core/Startup/startup_stm32h573zitxq.o
LOAD ./Drivers/STM32H5xx_HAL_Driver/Src/stm32h5xx_hal.o
LOAD ./Drivers/STM32H5xx_HAL_Driver/Src/stm32h5xx_hal_cortex.o
LOAD ./Drivers/STM32H5xx_HAL_Driver/Src/stm32h5xx_hal_dma.o
LOAD ./Drivers/STM32H5xx_HAL_Driver/Src/stm32h5xx_hal_dma_ex.o
LOAD ./Drivers/STM32H5xx_HAL_Driver/Src/stm32h5xx_hal_exti.o
LOAD ./Drivers/STM32H5xx_HAL_Driver/Src/stm32h5xx_hal_flash.o
LOAD ./Drivers/STM32H5xx_HAL_Driver/Src/stm32h5xx_hal_flash_ex.o
LOAD ./Drivers/STM32H5xx_HAL_Driver/Src/stm32h5xx_hal_gpio.o
LOAD ./Drivers/STM32H5xx_HAL_Driver/Src/stm32h5xx_hal_nand.o
LOAD ./Drivers/STM32H5xx_HAL_Driver/Src/stm32h5xx_hal_pwr.o
LOAD ./Drivers/STM32H5xx_HAL_Driver/Src/stm32h5xx_hal_pwr_ex.o
LOAD ./Drivers/STM32H5xx_HAL_Driver/Src/stm32h5xx_hal_rcc.o
LOAD ./Drivers/STM32H5xx_HAL_Driver/Src/stm32h5xx_hal_rcc_ex.o
LOAD ./Drivers/STM32H5xx_HAL_Driver/Src/stm32h5xx_hal_spi.o
LOAD ./Drivers/STM32H5xx_HAL_Driver/Src/stm32h5xx_hal_spi_ex.o
LOAD ./Drivers/STM32H5xx_HAL_Driver/Src/stm32h5xx_hal_sram.o
LOAD ./Drivers/STM32H5xx_HAL_Driver/Src/stm32h5xx_hal_tim.o
LOAD ./Drivers/STM32H5xx_HAL_Driver/Src/stm32h5xx_hal_tim_ex.o
LOAD ./Drivers/STM32H5xx_HAL_Driver/Src/stm32h5xx_hal_uart.o
LOAD ./Drivers/STM32H5xx_HAL_Driver/Src/stm32h5xx_hal_uart_ex.o
LOAD ./Drivers/STM32H5xx_HAL_Driver/Src/stm32h5xx_ll_fmc.o
START GROUP
LOAD C:/ST/STM32CubeIDE_1.16.0/STM32CubeIDE/plugins/com.st.stm32cube.ide.mcu.externaltools.gnu-tools-for-stm32.12.3.rel1.win32_1.0.200.202406191623/tools/bin/../lib/gcc/arm-none-eabi/12.3.1/../../../../arm-none-eabi/lib/thumb/v8-m.main+fp/hard\libc_nano.a
LOAD C:/ST/STM32CubeIDE_1.16.0/STM32CubeIDE/plugins/com.st.stm32cube.ide.mcu.externaltools.gnu-tools-for-stm32.12.3.rel1.win32_1.0.200.202406191623/tools/bin/../lib/gcc/arm-none-eabi/12.3.1/../../../../arm-none-eabi/lib/thumb/v8-m.main+fp/hard\libm.a
END GROUP
START GROUP
LOAD C:/ST/STM32CubeIDE_1.16.0/STM32CubeIDE/plugins/com.st.stm32cube.ide.mcu.externaltools.gnu-tools-for-stm32.12.3.rel1.win32_1.0.200.202406191623/tools/bin/../lib/gcc/arm-none-eabi/12.3.1/thumb/v8-m.main+fp/hard\libgcc.a
LOAD C:/ST/STM32CubeIDE_1.16.0/STM32CubeIDE/plugins/com.st.stm32cube.ide.mcu.externaltools.gnu-tools-for-stm32.12.3.rel1.win32_1.0.200.202406191623/tools/bin/../lib/gcc/arm-none-eabi/12.3.1/../../../../arm-none-eabi/lib/thumb/v8-m.main+fp/hard\libc_nano.a
END GROUP
START GROUP
LOAD C:/ST/STM32CubeIDE_1.16.0/STM32CubeIDE/plugins/com.st.stm32cube.ide.mcu.externaltools.gnu-tools-for-stm32.12.3.rel1.win32_1.0.200.202406191623/tools/bin/../lib/gcc/arm-none-eabi/12.3.1/thumb/v8-m.main+fp/hard\libgcc.a
LOAD C:/ST/STM32CubeIDE_1.16.0/STM32CubeIDE/plugins/com.st.stm32cube.ide.mcu.externaltools.gnu-tools-for-stm32.12.3.rel1.win32_1.0.200.202406191623/tools/bin/../lib/gcc/arm-none-eabi/12.3.1/../../../../arm-none-eabi/lib/thumb/v8-m.main+fp/hard\libc_nano.a
LOAD C:/ST/STM32CubeIDE_1.16.0/STM32CubeIDE/plugins/com.st.stm32cube.ide.mcu.externaltools.gnu-tools-for-stm32.12.3.rel1.win32_1.0.200.202406191623/tools/bin/../lib/gcc/arm-none-eabi/12.3.1/../../../../arm-none-eabi/lib/thumb/v8-m.main+fp/hard\libnosys.a
END GROUP
START GROUP
LOAD C:/ST/STM32CubeIDE_1.16.0/STM32CubeIDE/plugins/com.st.stm32cube.ide.mcu.externaltools.gnu-tools-for-stm32.12.3.rel1.win32_1.0.200.202406191623/tools/bin/../lib/gcc/arm-none-eabi/12.3.1/thumb/v8-m.main+fp/hard\libgcc.a
LOAD C:/ST/STM32CubeIDE_1.16.0/STM32CubeIDE/plugins/com.st.stm32cube.ide.mcu.externaltools.gnu-tools-for-stm32.12.3.rel1.win32_1.0.200.202406191623/tools/bin/../lib/gcc/arm-none-eabi/12.3.1/../../../../arm-none-eabi/lib/thumb/v8-m.main+fp/hard\libc_nano.a
LOAD C:/ST/STM32CubeIDE_1.16.0/STM32CubeIDE/plugins/com.st.stm32cube.ide.mcu.externaltools.gnu-tools-for-stm32.12.3.rel1.win32_1.0.200.202406191623/tools/bin/../lib/gcc/arm-none-eabi/12.3.1/../../../../arm-none-eabi/lib/thumb/v8-m.main+fp/hard\libnosys.a
END GROUP
LOAD C:/ST/STM32CubeIDE_1.16.0/STM32CubeIDE/plugins/com.st.stm32cube.ide.mcu.externaltools.gnu-tools-for-stm32.12.3.rel1.win32_1.0.200.202406191623/tools/bin/../lib/gcc/arm-none-eabi/12.3.1/thumb/v8-m.main+fp/hard/crtend.o
LOAD C:/ST/STM32CubeIDE_1.16.0/STM32CubeIDE/plugins/com.st.stm32cube.ide.mcu.externaltools.gnu-tools-for-stm32.12.3.rel1.win32_1.0.200.202406191623/tools/bin/../lib/gcc/arm-none-eabi/12.3.1/thumb/v8-m.main+fp/hard/crtn.o
                0x200a0000                        _estack = (ORIGIN (RAM) + LENGTH (RAM))
                0x00000200                        _Min_Heap_Size = 0x200
                0x00000400                        _Min_Stack_Size = 0x400

.isr_vector     0x08000000      0x24c
                0x08000000                        . = ALIGN (0x4)
 *(.isr_vector)
 .isr_vector    0x08000000      0x24c ./Core/Startup/startup_stm32h573zitxq.o
                0x08000000                g_pfnVectors
                0x0800024c                        . = ALIGN (0x4)

.text           0x08000250    0x1150c
                0x08000250                        . = ALIGN (0x4)
 *(.text)
 .text          0x08000250       0x40 C:/ST/STM32CubeIDE_1.16.0/STM32CubeIDE/plugins/com.st.stm32cube.ide.mcu.externaltools.gnu-tools-for-stm32.12.3.rel1.win32_1.0.200.202406191623/tools/bin/../lib/gcc/arm-none-eabi/12.3.1/thumb/v8-m.main+fp/hard/crtbegin.o
 .text          0x08000290       0x10 C:/ST/STM32CubeIDE_1.16.0/STM32CubeIDE/plugins/com.st.stm32cube.ide.mcu.externaltools.gnu-tools-for-stm32.12.3.rel1.win32_1.0.200.202406191623/tools/bin/../lib/gcc/arm-none-eabi/12.3.1/../../../../arm-none-eabi/lib/thumb/v8-m.main+fp/hard\libc_nano.a(libc_a-strlen.o)
                0x08000290                strlen
 .text          0x080002a0      0x378 C:/ST/STM32CubeIDE_1.16.0/STM32CubeIDE/plugins/com.st.stm32cube.ide.mcu.externaltools.gnu-tools-for-stm32.12.3.rel1.win32_1.0.200.202406191623/tools/bin/../lib/gcc/arm-none-eabi/12.3.1/thumb/v8-m.main+fp/hard\libgcc.a(_arm_addsubdf3.o)
                0x080002a0                __aeabi_drsub
                0x080002a8                __aeabi_dsub
                0x080002a8                __subdf3
                0x080002ac                __aeabi_dadd
                0x080002ac                __adddf3
                0x08000524                __floatunsidf
                0x08000524                __aeabi_ui2d
                0x08000544                __floatsidf
                0x08000544                __aeabi_i2d
                0x08000568                __aeabi_f2d
                0x08000568                __extendsfdf2
                0x080005ac                __floatundidf
                0x080005ac                __aeabi_ul2d
                0x080005bc                __floatdidf
                0x080005bc                __aeabi_l2d
 .text          0x08000618      0x424 C:/ST/STM32CubeIDE_1.16.0/STM32CubeIDE/plugins/com.st.stm32cube.ide.mcu.externaltools.gnu-tools-for-stm32.12.3.rel1.win32_1.0.200.202406191623/tools/bin/../lib/gcc/arm-none-eabi/12.3.1/thumb/v8-m.main+fp/hard\libgcc.a(_arm_muldivdf3.o)
                0x08000618                __aeabi_dmul
                0x08000618                __muldf3
                0x0800086c                __divdf3
                0x0800086c                __aeabi_ddiv
 .text          0x08000a3c      0x110 C:/ST/STM32CubeIDE_1.16.0/STM32CubeIDE/plugins/com.st.stm32cube.ide.mcu.externaltools.gnu-tools-for-stm32.12.3.rel1.win32_1.0.200.202406191623/tools/bin/../lib/gcc/arm-none-eabi/12.3.1/thumb/v8-m.main+fp/hard\libgcc.a(_arm_cmpdf2.o)
                0x08000a3c                __gtdf2
                0x08000a3c                __gedf2
                0x08000a44                __ltdf2
                0x08000a44                __ledf2
                0x08000a4c                __nedf2
                0x08000a4c                __eqdf2
                0x08000a4c                __cmpdf2
                0x08000ac8                __aeabi_cdrcmple
                0x08000ad8                __aeabi_cdcmpeq
                0x08000ad8                __aeabi_cdcmple
                0x08000ae8                __aeabi_dcmpeq
                0x08000afc                __aeabi_dcmplt
                0x08000b10                __aeabi_dcmple
                0x08000b24                __aeabi_dcmpge
                0x08000b38                __aeabi_dcmpgt
 .text          0x08000b4c       0x2c C:/ST/STM32CubeIDE_1.16.0/STM32CubeIDE/plugins/com.st.stm32cube.ide.mcu.externaltools.gnu-tools-for-stm32.12.3.rel1.win32_1.0.200.202406191623/tools/bin/../lib/gcc/arm-none-eabi/12.3.1/thumb/v8-m.main+fp/hard\libgcc.a(_arm_unorddf2.o)
                0x08000b4c                __unorddf2
                0x08000b4c                __aeabi_dcmpun
 .text          0x08000b78       0x50 C:/ST/STM32CubeIDE_1.16.0/STM32CubeIDE/plugins/com.st.stm32cube.ide.mcu.externaltools.gnu-tools-for-stm32.12.3.rel1.win32_1.0.200.202406191623/tools/bin/../lib/gcc/arm-none-eabi/12.3.1/thumb/v8-m.main+fp/hard\libgcc.a(_arm_fixdfsi.o)
                0x08000b78                __aeabi_d2iz
                0x08000b78                __fixdfsi
 .text          0x08000bc8       0xa0 C:/ST/STM32CubeIDE_1.16.0/STM32CubeIDE/plugins/com.st.stm32cube.ide.mcu.externaltools.gnu-tools-for-stm32.12.3.rel1.win32_1.0.200.202406191623/tools/bin/../lib/gcc/arm-none-eabi/12.3.1/thumb/v8-m.main+fp/hard\libgcc.a(_arm_truncdfsf2.o)
                0x08000bc8                __truncdfsf2
                0x08000bc8                __aeabi_d2f
 .text          0x08000c68       0x30 C:/ST/STM32CubeIDE_1.16.0/STM32CubeIDE/plugins/com.st.stm32cube.ide.mcu.externaltools.gnu-tools-for-stm32.12.3.rel1.win32_1.0.200.202406191623/tools/bin/../lib/gcc/arm-none-eabi/12.3.1/thumb/v8-m.main+fp/hard\libgcc.a(_aeabi_uldivmod.o)
                0x08000c68                __aeabi_uldivmod
 .text          0x08000c98      0x2e4 C:/ST/STM32CubeIDE_1.16.0/STM32CubeIDE/plugins/com.st.stm32cube.ide.mcu.externaltools.gnu-tools-for-stm32.12.3.rel1.win32_1.0.200.202406191623/tools/bin/../lib/gcc/arm-none-eabi/12.3.1/thumb/v8-m.main+fp/hard\libgcc.a(_udivmoddi4.o)
                0x08000c98                __udivmoddi4
 .text          0x08000f7c        0x4 C:/ST/STM32CubeIDE_1.16.0/STM32CubeIDE/plugins/com.st.stm32cube.ide.mcu.externaltools.gnu-tools-for-stm32.12.3.rel1.win32_1.0.200.202406191623/tools/bin/../lib/gcc/arm-none-eabi/12.3.1/thumb/v8-m.main+fp/hard\libgcc.a(_dvmd_tls.o)
                0x08000f7c                __aeabi_idiv0
                0x08000f7c                __aeabi_ldiv0
 *(.text*)
 .text.ADC_operation
                0x08000f80       0xac ./Core/Src/ADC_Operations.o
                0x08000f80                ADC_operation
 *fill*         0x0800102c        0x4 
 .text.ADC_READ
                0x08001030      0xbd8 ./Core/Src/ADC_Operations.o
                0x08001030                ADC_READ
 .text.NAND_operation
                0x08001c08       0xf4 ./Core/Src/NAND_operations.o
                0x08001c08                NAND_operation
 .text.get_NAND_block_status
                0x08001cfc       0x5c ./Core/Src/NAND_operations.o
                0x08001cfc                get_NAND_block_status
 .text.set_NAND_block_status
                0x08001d58       0x74 ./Core/Src/NAND_operations.o
                0x08001d58                set_NAND_block_status
 .text.count_set_bits
                0x08001dcc       0x36 ./Core/Src/NAND_operations.o
                0x08001dcc                count_set_bits
 .text.calculate_hamming_distance
                0x08001e02       0x50 ./Core/Src/NAND_operations.o
                0x08001e02                calculate_hamming_distance
 *fill*         0x08001e52        0x2 
 .text.handle_bad_block
                0x08001e54       0xf0 ./Core/Src/NAND_operations.o
                0x08001e54                handle_bad_block
 .text.SRAM_operation
                0x08001f44      0x25c ./Core/Src/SRAM_Operations.o
                0x08001f44                SRAM_operation
 .text.get_NAND_data
                0x080021a0       0x6c ./Core/Src/SRAM_Operations.o
                0x080021a0                get_NAND_data
 .text.get_NAND_address
                0x0800220c       0x28 ./Core/Src/SRAM_Operations.o
                0x0800220c                get_NAND_address
 .text.update_NAND_addr
                0x08002234       0x28 ./Core/Src/SRAM_Operations.o
                0x08002234                update_NAND_addr
 .text.time_setter
                0x0800225c      0x228 ./Core/Src/SRAM_Operations.o
                0x0800225c                time_setter
 .text.main     0x08002484      0x148 ./Core/Src/main.o
                0x08002484                main
 .text.SystemClock_Config
                0x080025cc       0xe0 ./Core/Src/main.o
                0x080025cc                SystemClock_Config
 .text.MX_SPI2_Init
                0x080026ac       0xac ./Core/Src/main.o
 .text.MX_SPI3_Init
                0x08002758       0xac ./Core/Src/main.o
 .text.MX_SPI5_Init
                0x08002804       0xac ./Core/Src/main.o
 .text.MX_UART4_Init
                0x080028b0       0x98 ./Core/Src/main.o
 .text.MX_UART5_Init
                0x08002948       0x98 ./Core/Src/main.o
 .text.MX_UART8_Init
                0x080029e0       0x9c ./Core/Src/main.o
 .text.MX_USART10_UART_Init
                0x08002a7c       0x98 ./Core/Src/main.o
 .text.MX_FMC_Init
                0x08002b14      0x198 ./Core/Src/main.o
 .text.MX_GPIO_Init
                0x08002cac      0x360 ./Core/Src/main.o
 .text.UART_InitAllHandlers
                0x0800300c       0x54 ./Core/Src/main.o
                0x0800300c                UART_InitAllHandlers
 .text.HAL_UART_RxCpltCallback
                0x08003060      0x260 ./Core/Src/main.o
                0x08003060                HAL_UART_RxCpltCallback
 .text.HAL_GPIO_EXTI_Falling_Callback
                0x080032c0       0x16 ./Core/Src/main.o
                0x080032c0                HAL_GPIO_EXTI_Falling_Callback
 .text.Error_Handler
                0x080032d6        0xc ./Core/Src/main.o
                0x080032d6                Error_Handler
 .text.HAL_MspInit
                0x080032e2        0xe ./Core/Src/stm32h5xx_hal_msp.o
                0x080032e2                HAL_MspInit
 .text.HAL_SPI_MspInit
                0x080032f0      0x2d0 ./Core/Src/stm32h5xx_hal_msp.o
                0x080032f0                HAL_SPI_MspInit
 .text.HAL_UART_MspInit
                0x080035c0      0x3d0 ./Core/Src/stm32h5xx_hal_msp.o
                0x080035c0                HAL_UART_MspInit
 .text.HAL_FMC_MspInit
                0x08003990      0x144 ./Core/Src/stm32h5xx_hal_msp.o
 .text.HAL_SRAM_MspInit
                0x08003ad4       0x14 ./Core/Src/stm32h5xx_hal_msp.o
                0x08003ad4                HAL_SRAM_MspInit
 .text.HAL_NAND_MspInit
                0x08003ae8       0x14 ./Core/Src/stm32h5xx_hal_msp.o
                0x08003ae8                HAL_NAND_MspInit
 .text.NMI_Handler
                0x08003afc        0x8 ./Core/Src/stm32h5xx_it.o
                0x08003afc                NMI_Handler
 .text.HardFault_Handler
                0x08003b04        0x8 ./Core/Src/stm32h5xx_it.o
                0x08003b04                HardFault_Handler
 .text.MemManage_Handler
                0x08003b0c        0x8 ./Core/Src/stm32h5xx_it.o
                0x08003b0c                MemManage_Handler
 .text.BusFault_Handler
                0x08003b14        0x8 ./Core/Src/stm32h5xx_it.o
                0x08003b14                BusFault_Handler
 .text.UsageFault_Handler
                0x08003b1c        0x8 ./Core/Src/stm32h5xx_it.o
                0x08003b1c                UsageFault_Handler
 .text.SVC_Handler
                0x08003b24        0xe ./Core/Src/stm32h5xx_it.o
                0x08003b24                SVC_Handler
 .text.DebugMon_Handler
                0x08003b32        0xe ./Core/Src/stm32h5xx_it.o
                0x08003b32                DebugMon_Handler
 .text.PendSV_Handler
                0x08003b40        0xe ./Core/Src/stm32h5xx_it.o
                0x08003b40                PendSV_Handler
 .text.SysTick_Handler
                0x08003b4e        0xc ./Core/Src/stm32h5xx_it.o
                0x08003b4e                SysTick_Handler
 .text.EXTI1_IRQHandler
                0x08003b5a        0xe ./Core/Src/stm32h5xx_it.o
                0x08003b5a                EXTI1_IRQHandler
 .text.EXTI7_IRQHandler
                0x08003b68        0xe ./Core/Src/stm32h5xx_it.o
                0x08003b68                EXTI7_IRQHandler
 .text.EXTI11_IRQHandler
                0x08003b76       0x10 ./Core/Src/stm32h5xx_it.o
                0x08003b76                EXTI11_IRQHandler
 *fill*         0x08003b86        0x2 
 .text.UART4_IRQHandler
                0x08003b88       0x14 ./Core/Src/stm32h5xx_it.o
                0x08003b88                UART4_IRQHandler
 .text.UART5_IRQHandler
                0x08003b9c       0x14 ./Core/Src/stm32h5xx_it.o
                0x08003b9c                UART5_IRQHandler
 .text.UART8_IRQHandler
                0x08003bb0       0x14 ./Core/Src/stm32h5xx_it.o
                0x08003bb0                UART8_IRQHandler
 .text._getpid  0x08003bc4       0x10 ./Core/Src/syscalls.o
                0x08003bc4                _getpid
 .text._kill    0x08003bd4       0x20 ./Core/Src/syscalls.o
                0x08003bd4                _kill
 .text._exit    0x08003bf4       0x16 ./Core/Src/syscalls.o
                0x08003bf4                _exit
 .text._read    0x08003c0a       0x3a ./Core/Src/syscalls.o
                0x08003c0a                _read
 .text._write   0x08003c44       0x38 ./Core/Src/syscalls.o
                0x08003c44                _write
 .text._close   0x08003c7c       0x18 ./Core/Src/syscalls.o
                0x08003c7c                _close
 .text._fstat   0x08003c94       0x20 ./Core/Src/syscalls.o
                0x08003c94                _fstat
 .text._isatty  0x08003cb4       0x16 ./Core/Src/syscalls.o
                0x08003cb4                _isatty
 .text._lseek   0x08003cca       0x1a ./Core/Src/syscalls.o
                0x08003cca                _lseek
 .text._sbrk    0x08003ce4       0x6c ./Core/Src/sysmem.o
                0x08003ce4                _sbrk
 .text.SystemInit
                0x08003d50       0xf8 ./Core/Src/system_stm32h5xx.o
                0x08003d50                SystemInit
 .text.Reset_Handler
                0x08003e48       0x50 ./Core/Startup/startup_stm32h573zitxq.o
                0x08003e48                Reset_Handler
 .text.Default_Handler
                0x08003e98        0x2 ./Core/Startup/startup_stm32h573zitxq.o
                0x08003e98                EXTI2_IRQHandler
                0x08003e98                TIM8_TRG_COM_IRQHandler
                0x08003e98                TIM8_CC_IRQHandler
                0x08003e98                EXTI5_IRQHandler
                0x08003e98                I3C1_ER_IRQHandler
                0x08003e98                SPI4_IRQHandler
                0x08003e98                GPDMA2_Channel1_IRQHandler
                0x08003e98                FLASH_S_IRQHandler
                0x08003e98                EXTI13_IRQHandler
                0x08003e98                TIM1_CC_IRQHandler
                0x08003e98                GPDMA2_Channel3_IRQHandler
                0x08003e98                TAMP_IRQHandler
                0x08003e98                TIM6_IRQHandler
                0x08003e98                EXTI12_IRQHandler
                0x08003e98                CORDIC_IRQHandler
                0x08003e98                USB_DRD_FS_IRQHandler
                0x08003e98                EXTI3_IRQHandler
                0x08003e98                LPTIM4_IRQHandler
                0x08003e98                GPDMA1_Channel5_IRQHandler
                0x08003e98                EXTI8_IRQHandler
                0x08003e98                GPDMA2_Channel5_IRQHandler
                0x08003e98                LPTIM2_IRQHandler
                0x08003e98                I2C3_ER_IRQHandler
                0x08003e98                GPDMA2_Channel2_IRQHandler
                0x08003e98                USART10_IRQHandler
                0x08003e98                LPTIM3_IRQHandler
                0x08003e98                EXTI0_IRQHandler
                0x08003e98                I2C2_EV_IRQHandler
                0x08003e98                FPU_IRQHandler
                0x08003e98                GPDMA1_Channel3_IRQHandler
                0x08003e98                GPDMA1_Channel7_IRQHandler
                0x08003e98                FDCAN1_IT1_IRQHandler
                0x08003e98                RAMCFG_IRQHandler
                0x08003e98                DCACHE1_IRQHandler
                0x08003e98                SPI1_IRQHandler
                0x08003e98                OCTOSPI1_IRQHandler
                0x08003e98                GPDMA1_Channel2_IRQHandler
                0x08003e98                TIM8_UP_IRQHandler
                0x08003e98                RCC_S_IRQHandler
                0x08003e98                SAI2_IRQHandler
                0x08003e98                ADC1_IRQHandler
                0x08003e98                PKA_IRQHandler
                0x08003e98                USART6_IRQHandler
                0x08003e98                EXTI15_IRQHandler
                0x08003e98                TIM17_IRQHandler
                0x08003e98                USART3_IRQHandler
                0x08003e98                RTC_IRQHandler
                0x08003e98                EXTI9_IRQHandler
                0x08003e98                LPTIM5_IRQHandler
                0x08003e98                TIM4_IRQHandler
                0x08003e98                I2C1_EV_IRQHandler
                0x08003e98                GPDMA1_Channel1_IRQHandler
                0x08003e98                TIM16_IRQHandler
                0x08003e98                SecureFault_Handler
                0x08003e98                TIM3_IRQHandler
                0x08003e98                RCC_IRQHandler
                0x08003e98                UART9_IRQHandler
                0x08003e98                TIM1_TRG_COM_IRQHandler
                0x08003e98                Default_Handler
                0x08003e98                FMAC_IRQHandler
                0x08003e98                CEC_IRQHandler
                0x08003e98                USART11_IRQHandler
                0x08003e98                TIM14_IRQHandler
                0x08003e98                TIM13_IRQHandler
                0x08003e98                OTFDEC1_IRQHandler
                0x08003e98                GPDMA2_Channel4_IRQHandler
                0x08003e98                SPI5_IRQHandler
                0x08003e98                TIM12_IRQHandler
                0x08003e98                TIM7_IRQHandler
                0x08003e98                SDMMC1_IRQHandler
                0x08003e98                SAES_IRQHandler
                0x08003e98                TIM5_IRQHandler
                0x08003e98                UCPD1_IRQHandler
                0x08003e98                GPDMA1_Channel0_IRQHandler
                0x08003e98                I3C1_EV_IRQHandler
                0x08003e98                TIM15_IRQHandler
                0x08003e98                PVD_AVD_IRQHandler
                0x08003e98                I2C3_EV_IRQHandler
                0x08003e98                ETH_WKUP_IRQHandler
                0x08003e98                ADC2_IRQHandler
                0x08003e98                SPI2_IRQHandler
                0x08003e98                EXTI14_IRQHandler
                0x08003e98                CRS_IRQHandler
                0x08003e98                EXTI4_IRQHandler
                0x08003e98                GPDMA2_Channel0_IRQHandler
                0x08003e98                RTC_S_IRQHandler
                0x08003e98                RNG_IRQHandler
                0x08003e98                FDCAN2_IT1_IRQHandler
                0x08003e98                ETH_IRQHandler
                0x08003e98                GPDMA2_Channel6_IRQHandler
                0x08003e98                TIM1_UP_IRQHandler
                0x08003e98                UART12_IRQHandler
                0x08003e98                WWDG_IRQHandler
                0x08003e98                SPI6_IRQHandler
                0x08003e98                I2C4_EV_IRQHandler
                0x08003e98                FDCAN2_IT0_IRQHandler
                0x08003e98                IWDG_IRQHandler
                0x08003e98                LPUART1_IRQHandler
                0x08003e98                FDCAN1_IT0_IRQHandler
                0x08003e98                TIM2_IRQHandler
                0x08003e98                GPDMA1_Channel4_IRQHandler
                0x08003e98                TIM1_BRK_IRQHandler
                0x08003e98                SDMMC2_IRQHandler
                0x08003e98                AES_IRQHandler
                0x08003e98                LPTIM6_IRQHandler
                0x08003e98                DAC1_IRQHandler
                0x08003e98                DTS_IRQHandler
                0x08003e98                UART7_IRQHandler
                0x08003e98                GTZC_IRQHandler
                0x08003e98                USART2_IRQHandler
                0x08003e98                GPDMA1_Channel6_IRQHandler
                0x08003e98                GPDMA2_Channel7_IRQHandler
                0x08003e98                I2C2_ER_IRQHandler
                0x08003e98                TIM8_BRK_IRQHandler
                0x08003e98                FLASH_IRQHandler
                0x08003e98                USART1_IRQHandler
                0x08003e98                EXTI10_IRQHandler
                0x08003e98                SPI3_IRQHandler
                0x08003e98                I2C1_ER_IRQHandler
                0x08003e98                FMC_IRQHandler
                0x08003e98                EXTI6_IRQHandler
                0x08003e98                LPTIM1_IRQHandler
                0x08003e98                DCMI_PSSI_IRQHandler
                0x08003e98                I2C4_ER_IRQHandler
                0x08003e98                ICACHE_IRQHandler
                0x08003e98                SAI1_IRQHandler
                0x08003e98                HASH_IRQHandler
 *fill*         0x08003e9a        0x2 
 .text.HAL_Init
                0x08003e9c       0x50 ./Drivers/STM32H5xx_HAL_Driver/Src/stm32h5xx_hal.o
                0x08003e9c                HAL_Init
 .text.HAL_InitTick
                0x08003eec       0xec ./Drivers/STM32H5xx_HAL_Driver/Src/stm32h5xx_hal.o
                0x08003eec                HAL_InitTick
 .text.HAL_IncTick
                0x08003fd8       0x28 ./Drivers/STM32H5xx_HAL_Driver/Src/stm32h5xx_hal.o
                0x08003fd8                HAL_IncTick
 .text.HAL_GetTick
                0x08004000       0x18 ./Drivers/STM32H5xx_HAL_Driver/Src/stm32h5xx_hal.o
                0x08004000                HAL_GetTick
 .text.HAL_Delay
                0x08004018       0x48 ./Drivers/STM32H5xx_HAL_Driver/Src/stm32h5xx_hal.o
                0x08004018                HAL_Delay
 .text.__NVIC_SetPriorityGrouping
                0x08004060       0x48 ./Drivers/STM32H5xx_HAL_Driver/Src/stm32h5xx_hal_cortex.o
 .text.__NVIC_GetPriorityGrouping
                0x080040a8       0x1c ./Drivers/STM32H5xx_HAL_Driver/Src/stm32h5xx_hal_cortex.o
 .text.__NVIC_EnableIRQ
                0x080040c4       0x3c ./Drivers/STM32H5xx_HAL_Driver/Src/stm32h5xx_hal_cortex.o
 .text.__NVIC_SetPriority
                0x08004100       0x54 ./Drivers/STM32H5xx_HAL_Driver/Src/stm32h5xx_hal_cortex.o
 .text.NVIC_EncodePriority
                0x08004154       0x66 ./Drivers/STM32H5xx_HAL_Driver/Src/stm32h5xx_hal_cortex.o
 .text.HAL_NVIC_SetPriorityGrouping
                0x080041ba       0x16 ./Drivers/STM32H5xx_HAL_Driver/Src/stm32h5xx_hal_cortex.o
                0x080041ba                HAL_NVIC_SetPriorityGrouping
 .text.HAL_NVIC_SetPriority
                0x080041d0       0x34 ./Drivers/STM32H5xx_HAL_Driver/Src/stm32h5xx_hal_cortex.o
                0x080041d0                HAL_NVIC_SetPriority
 .text.HAL_NVIC_EnableIRQ
                0x08004204       0x1c ./Drivers/STM32H5xx_HAL_Driver/Src/stm32h5xx_hal_cortex.o
                0x08004204                HAL_NVIC_EnableIRQ
 .text.HAL_SYSTICK_Config
                0x08004220       0x44 ./Drivers/STM32H5xx_HAL_Driver/Src/stm32h5xx_hal_cortex.o
                0x08004220                HAL_SYSTICK_Config
 .text.HAL_SYSTICK_CLKSourceConfig
                0x08004264       0xb0 ./Drivers/STM32H5xx_HAL_Driver/Src/stm32h5xx_hal_cortex.o
                0x08004264                HAL_SYSTICK_CLKSourceConfig
 .text.HAL_SYSTICK_GetCLKSourceConfig
                0x08004314       0x6c ./Drivers/STM32H5xx_HAL_Driver/Src/stm32h5xx_hal_cortex.o
                0x08004314                HAL_SYSTICK_GetCLKSourceConfig
 .text.HAL_DMA_Abort
                0x08004380       0xf8 ./Drivers/STM32H5xx_HAL_Driver/Src/stm32h5xx_hal_dma.o
                0x08004380                HAL_DMA_Abort
 .text.HAL_DMA_Abort_IT
                0x08004478       0x52 ./Drivers/STM32H5xx_HAL_Driver/Src/stm32h5xx_hal_dma.o
                0x08004478                HAL_DMA_Abort_IT
 *fill*         0x080044ca        0x2 
 .text.HAL_GPIO_Init
                0x080044cc      0x2a4 ./Drivers/STM32H5xx_HAL_Driver/Src/stm32h5xx_hal_gpio.o
                0x080044cc                HAL_GPIO_Init
 .text.HAL_GPIO_WritePin
                0x08004770       0x30 ./Drivers/STM32H5xx_HAL_Driver/Src/stm32h5xx_hal_gpio.o
                0x08004770                HAL_GPIO_WritePin
 .text.HAL_GPIO_TogglePin
                0x080047a0       0x34 ./Drivers/STM32H5xx_HAL_Driver/Src/stm32h5xx_hal_gpio.o
                0x080047a0                HAL_GPIO_TogglePin
 .text.HAL_GPIO_EXTI_IRQHandler
                0x080047d4       0x4c ./Drivers/STM32H5xx_HAL_Driver/Src/stm32h5xx_hal_gpio.o
                0x080047d4                HAL_GPIO_EXTI_IRQHandler
 .text.HAL_GPIO_EXTI_Rising_Callback
                0x08004820       0x16 ./Drivers/STM32H5xx_HAL_Driver/Src/stm32h5xx_hal_gpio.o
                0x08004820                HAL_GPIO_EXTI_Rising_Callback
 *fill*         0x08004836        0x2 
 .text.HAL_NAND_Init
                0x08004838       0x94 ./Drivers/STM32H5xx_HAL_Driver/Src/stm32h5xx_hal_nand.o
                0x08004838                HAL_NAND_Init
 .text.HAL_NAND_Reset
                0x080048cc       0x74 ./Drivers/STM32H5xx_HAL_Driver/Src/stm32h5xx_hal_nand.o
                0x080048cc                HAL_NAND_Reset
 .text.HAL_NAND_Read_Page_8b
                0x08004940      0x2b4 ./Drivers/STM32H5xx_HAL_Driver/Src/stm32h5xx_hal_nand.o
                0x08004940                HAL_NAND_Read_Page_8b
 .text.HAL_NAND_Write_Page_8b
                0x08004bf4      0x2b0 ./Drivers/STM32H5xx_HAL_Driver/Src/stm32h5xx_hal_nand.o
                0x08004bf4                HAL_NAND_Write_Page_8b
 .text.HAL_NAND_Read_SpareArea_8b
                0x08004ea4      0x2d6 ./Drivers/STM32H5xx_HAL_Driver/Src/stm32h5xx_hal_nand.o
                0x08004ea4                HAL_NAND_Read_SpareArea_8b
 .text.HAL_NAND_Write_SpareArea_8b
                0x0800517a      0x2e2 ./Drivers/STM32H5xx_HAL_Driver/Src/stm32h5xx_hal_nand.o
                0x0800517a                HAL_NAND_Write_SpareArea_8b
 .text.HAL_NAND_Erase_Block
                0x0800545c      0x13a ./Drivers/STM32H5xx_HAL_Driver/Src/stm32h5xx_hal_nand.o
                0x0800545c                HAL_NAND_Erase_Block
 .text.HAL_NAND_Read_Status
                0x08005596       0x4a ./Drivers/STM32H5xx_HAL_Driver/Src/stm32h5xx_hal_nand.o
                0x08005596                HAL_NAND_Read_Status
 .text.HAL_RCC_OscConfig
                0x080055e0      0x870 ./Drivers/STM32H5xx_HAL_Driver/Src/stm32h5xx_hal_rcc.o
                0x080055e0                HAL_RCC_OscConfig
 .text.HAL_RCC_ClockConfig
                0x08005e50      0x370 ./Drivers/STM32H5xx_HAL_Driver/Src/stm32h5xx_hal_rcc.o
                0x08005e50                HAL_RCC_ClockConfig
 .text.HAL_RCC_GetSysClockFreq
                0x080061c0      0x258 ./Drivers/STM32H5xx_HAL_Driver/Src/stm32h5xx_hal_rcc.o
                0x080061c0                HAL_RCC_GetSysClockFreq
 .text.HAL_RCC_GetHCLKFreq
                0x08006418       0x38 ./Drivers/STM32H5xx_HAL_Driver/Src/stm32h5xx_hal_rcc.o
                0x08006418                HAL_RCC_GetHCLKFreq
 .text.HAL_RCC_GetPCLK1Freq
                0x08006450       0x2c ./Drivers/STM32H5xx_HAL_Driver/Src/stm32h5xx_hal_rcc.o
                0x08006450                HAL_RCC_GetPCLK1Freq
 .text.HAL_RCC_GetPCLK2Freq
                0x0800647c       0x2c ./Drivers/STM32H5xx_HAL_Driver/Src/stm32h5xx_hal_rcc.o
                0x0800647c                HAL_RCC_GetPCLK2Freq
 .text.HAL_RCC_GetPCLK3Freq
                0x080064a8       0x2c ./Drivers/STM32H5xx_HAL_Driver/Src/stm32h5xx_hal_rcc.o
                0x080064a8                HAL_RCC_GetPCLK3Freq
 .text.HAL_RCCEx_PeriphCLKConfig
                0x080064d4     0x1f14 ./Drivers/STM32H5xx_HAL_Driver/Src/stm32h5xx_hal_rcc_ex.o
                0x080064d4                HAL_RCCEx_PeriphCLKConfig
 .text.HAL_RCCEx_GetPLL1ClockFreq
                0x080083e8      0x2d4 ./Drivers/STM32H5xx_HAL_Driver/Src/stm32h5xx_hal_rcc_ex.o
                0x080083e8                HAL_RCCEx_GetPLL1ClockFreq
 .text.HAL_RCCEx_GetPLL2ClockFreq
                0x080086bc      0x2d4 ./Drivers/STM32H5xx_HAL_Driver/Src/stm32h5xx_hal_rcc_ex.o
                0x080086bc                HAL_RCCEx_GetPLL2ClockFreq
 .text.HAL_RCCEx_GetPLL3ClockFreq
                0x08008990      0x2d4 ./Drivers/STM32H5xx_HAL_Driver/Src/stm32h5xx_hal_rcc_ex.o
                0x08008990                HAL_RCCEx_GetPLL3ClockFreq
 .text.HAL_RCCEx_GetPeriphCLKFreq
                0x08008c64     0x26b4 ./Drivers/STM32H5xx_HAL_Driver/Src/stm32h5xx_hal_rcc_ex.o
                0x08008c64                HAL_RCCEx_GetPeriphCLKFreq
 .text.RCCEx_PLL2_Config
                0x0800b318      0x130 ./Drivers/STM32H5xx_HAL_Driver/Src/stm32h5xx_hal_rcc_ex.o
 .text.RCCEx_PLL3_Config
                0x0800b448      0x130 ./Drivers/STM32H5xx_HAL_Driver/Src/stm32h5xx_hal_rcc_ex.o
 .text.HAL_SPI_Init
                0x0800b578      0x2e0 ./Drivers/STM32H5xx_HAL_Driver/Src/stm32h5xx_hal_spi.o
                0x0800b578                HAL_SPI_Init
 .text.HAL_SPI_Transmit
                0x0800b858      0x42c ./Drivers/STM32H5xx_HAL_Driver/Src/stm32h5xx_hal_spi.o
                0x0800b858                HAL_SPI_Transmit
 .text.HAL_SPI_Receive
                0x0800bc84      0x354 ./Drivers/STM32H5xx_HAL_Driver/Src/stm32h5xx_hal_spi.o
                0x0800bc84                HAL_SPI_Receive
 .text.SPI_CloseTransfer
                0x0800bfd8      0x140 ./Drivers/STM32H5xx_HAL_Driver/Src/stm32h5xx_hal_spi.o
 .text.SPI_WaitOnFlagUntilTimeout
                0x0800c118       0x5c ./Drivers/STM32H5xx_HAL_Driver/Src/stm32h5xx_hal_spi.o
 .text.SPI_GetPacketSize
                0x0800c174       0x36 ./Drivers/STM32H5xx_HAL_Driver/Src/stm32h5xx_hal_spi.o
 *fill*         0x0800c1aa        0x2 
 .text.HAL_SRAM_Init
                0x0800c1ac       0xa0 ./Drivers/STM32H5xx_HAL_Driver/Src/stm32h5xx_hal_sram.o
                0x0800c1ac                HAL_SRAM_Init
 .text.HAL_SRAM_Read_8b
                0x0800c24c       0x94 ./Drivers/STM32H5xx_HAL_Driver/Src/stm32h5xx_hal_sram.o
                0x0800c24c                HAL_SRAM_Read_8b
 .text.HAL_SRAM_Write_8b
                0x0800c2e0       0x88 ./Drivers/STM32H5xx_HAL_Driver/Src/stm32h5xx_hal_sram.o
                0x0800c2e0                HAL_SRAM_Write_8b
 .text.HAL_UART_Init
                0x0800c368       0xa0 ./Drivers/STM32H5xx_HAL_Driver/Src/stm32h5xx_hal_uart.o
                0x0800c368                HAL_UART_Init
 .text.HAL_UART_Transmit_IT
                0x0800c408      0x148 ./Drivers/STM32H5xx_HAL_Driver/Src/stm32h5xx_hal_uart.o
                0x0800c408                HAL_UART_Transmit_IT
 .text.HAL_UART_Receive_IT
                0x0800c550       0xc4 ./Drivers/STM32H5xx_HAL_Driver/Src/stm32h5xx_hal_uart.o
                0x0800c550                HAL_UART_Receive_IT
 .text.HAL_UART_IRQHandler
                0x0800c614      0x5dc ./Drivers/STM32H5xx_HAL_Driver/Src/stm32h5xx_hal_uart.o
                0x0800c614                HAL_UART_IRQHandler
 .text.HAL_UART_TxCpltCallback
                0x0800cbf0       0x14 ./Drivers/STM32H5xx_HAL_Driver/Src/stm32h5xx_hal_uart.o
                0x0800cbf0                HAL_UART_TxCpltCallback
 .text.HAL_UART_ErrorCallback
                0x0800cc04       0x14 ./Drivers/STM32H5xx_HAL_Driver/Src/stm32h5xx_hal_uart.o
                0x0800cc04                HAL_UART_ErrorCallback
 .text.HAL_UARTEx_RxEventCallback
                0x0800cc18       0x18 ./Drivers/STM32H5xx_HAL_Driver/Src/stm32h5xx_hal_uart.o
                0x0800cc18                HAL_UARTEx_RxEventCallback
 .text.UART_SetConfig
                0x0800cc30      0x3dc ./Drivers/STM32H5xx_HAL_Driver/Src/stm32h5xx_hal_uart.o
                0x0800cc30                UART_SetConfig
 .text.UART_AdvFeatureConfig
                0x0800d00c      0x144 ./Drivers/STM32H5xx_HAL_Driver/Src/stm32h5xx_hal_uart.o
                0x0800d00c                UART_AdvFeatureConfig
 .text.UART_CheckIdleState
                0x0800d150      0x154 ./Drivers/STM32H5xx_HAL_Driver/Src/stm32h5xx_hal_uart.o
                0x0800d150                UART_CheckIdleState
 .text.UART_WaitOnFlagUntilTimeout
                0x0800d2a4       0xda ./Drivers/STM32H5xx_HAL_Driver/Src/stm32h5xx_hal_uart.o
                0x0800d2a4                UART_WaitOnFlagUntilTimeout
 *fill*         0x0800d37e        0x2 
 .text.UART_Start_Receive_IT
                0x0800d380      0x244 ./Drivers/STM32H5xx_HAL_Driver/Src/stm32h5xx_hal_uart.o
                0x0800d380                UART_Start_Receive_IT
 .text.UART_EndRxTransfer
                0x0800d5c4       0xcc ./Drivers/STM32H5xx_HAL_Driver/Src/stm32h5xx_hal_uart.o
 .text.UART_DMAAbortOnError
                0x0800d690       0x2c ./Drivers/STM32H5xx_HAL_Driver/Src/stm32h5xx_hal_uart.o
 .text.UART_TxISR_8BIT
                0x0800d6bc       0xb8 ./Drivers/STM32H5xx_HAL_Driver/Src/stm32h5xx_hal_uart.o
 .text.UART_TxISR_16BIT
                0x0800d774       0xc2 ./Drivers/STM32H5xx_HAL_Driver/Src/stm32h5xx_hal_uart.o
 .text.UART_TxISR_8BIT_FIFOEN
                0x0800d836       0xe0 ./Drivers/STM32H5xx_HAL_Driver/Src/stm32h5xx_hal_uart.o
 .text.UART_TxISR_16BIT_FIFOEN
                0x0800d916       0xea ./Drivers/STM32H5xx_HAL_Driver/Src/stm32h5xx_hal_uart.o
 .text.UART_EndTransmit_IT
                0x0800da00       0x56 ./Drivers/STM32H5xx_HAL_Driver/Src/stm32h5xx_hal_uart.o
 *fill*         0x0800da56        0x2 
 .text.UART_RxISR_8BIT
                0x0800da58      0x1c4 ./Drivers/STM32H5xx_HAL_Driver/Src/stm32h5xx_hal_uart.o
 .text.UART_RxISR_16BIT
                0x0800dc1c      0x1c4 ./Drivers/STM32H5xx_HAL_Driver/Src/stm32h5xx_hal_uart.o
 .text.UART_RxISR_8BIT_FIFOEN
                0x0800dde0      0x370 ./Drivers/STM32H5xx_HAL_Driver/Src/stm32h5xx_hal_uart.o
 .text.UART_RxISR_16BIT_FIFOEN
                0x0800e150      0x378 ./Drivers/STM32H5xx_HAL_Driver/Src/stm32h5xx_hal_uart.o
 .text.HAL_UARTEx_WakeupCallback
                0x0800e4c8       0x14 ./Drivers/STM32H5xx_HAL_Driver/Src/stm32h5xx_hal_uart_ex.o
                0x0800e4c8                HAL_UARTEx_WakeupCallback
 .text.HAL_UARTEx_RxFifoFullCallback
                0x0800e4dc       0x14 ./Drivers/STM32H5xx_HAL_Driver/Src/stm32h5xx_hal_uart_ex.o
                0x0800e4dc                HAL_UARTEx_RxFifoFullCallback
 .text.HAL_UARTEx_TxFifoEmptyCallback
                0x0800e4f0       0x14 ./Drivers/STM32H5xx_HAL_Driver/Src/stm32h5xx_hal_uart_ex.o
                0x0800e4f0                HAL_UARTEx_TxFifoEmptyCallback
 .text.HAL_UARTEx_DisableFifoMode
                0x0800e504       0x72 ./Drivers/STM32H5xx_HAL_Driver/Src/stm32h5xx_hal_uart_ex.o
                0x0800e504                HAL_UARTEx_DisableFifoMode
 .text.HAL_UARTEx_SetTxFifoThreshold
                0x0800e576       0x7c ./Drivers/STM32H5xx_HAL_Driver/Src/stm32h5xx_hal_uart_ex.o
                0x0800e576                HAL_UARTEx_SetTxFifoThreshold
 .text.HAL_UARTEx_SetRxFifoThreshold
                0x0800e5f2       0x7c ./Drivers/STM32H5xx_HAL_Driver/Src/stm32h5xx_hal_uart_ex.o
                0x0800e5f2                HAL_UARTEx_SetRxFifoThreshold
 *fill*         0x0800e66e        0x2 
 .text.UARTEx_SetNbDataToProcess
                0x0800e670       0x9c ./Drivers/STM32H5xx_HAL_Driver/Src/stm32h5xx_hal_uart_ex.o
 .text.FMC_NORSRAM_Init
                0x0800e70c      0x19c ./Drivers/STM32H5xx_HAL_Driver/Src/stm32h5xx_ll_fmc.o
                0x0800e70c                FMC_NORSRAM_Init
 .text.FMC_NORSRAM_Timing_Init
                0x0800e8a8       0x9a ./Drivers/STM32H5xx_HAL_Driver/Src/stm32h5xx_ll_fmc.o
                0x0800e8a8                FMC_NORSRAM_Timing_Init
 .text.FMC_NORSRAM_Extended_Timing_Init
                0x0800e942       0x74 ./Drivers/STM32H5xx_HAL_Driver/Src/stm32h5xx_ll_fmc.o
                0x0800e942                FMC_NORSRAM_Extended_Timing_Init
 *fill*         0x0800e9b6        0x2 
 .text.FMC_NAND_Init
                0x0800e9b8       0x54 ./Drivers/STM32H5xx_HAL_Driver/Src/stm32h5xx_ll_fmc.o
                0x0800e9b8                FMC_NAND_Init
 .text.FMC_NAND_CommonSpace_Timing_Init
                0x0800ea0c       0x3a ./Drivers/STM32H5xx_HAL_Driver/Src/stm32h5xx_ll_fmc.o
                0x0800ea0c                FMC_NAND_CommonSpace_Timing_Init
 .text.FMC_NAND_AttributeSpace_Timing_Init
                0x0800ea46       0x3a ./Drivers/STM32H5xx_HAL_Driver/Src/stm32h5xx_ll_fmc.o
                0x0800ea46                FMC_NAND_AttributeSpace_Timing_Init
 .text.__cvt    0x0800ea80       0xca C:/ST/STM32CubeIDE_1.16.0/STM32CubeIDE/plugins/com.st.stm32cube.ide.mcu.externaltools.gnu-tools-for-stm32.12.3.rel1.win32_1.0.200.202406191623/tools/bin/../lib/gcc/arm-none-eabi/12.3.1/../../../../arm-none-eabi/lib/thumb/v8-m.main+fp/hard\libc_nano.a(libc_a-nano-vfprintf_float.o)
                0x0800ea80                __cvt
 .text.__exponent
                0x0800eb4a       0x72 C:/ST/STM32CubeIDE_1.16.0/STM32CubeIDE/plugins/com.st.stm32cube.ide.mcu.externaltools.gnu-tools-for-stm32.12.3.rel1.win32_1.0.200.202406191623/tools/bin/../lib/gcc/arm-none-eabi/12.3.1/../../../../arm-none-eabi/lib/thumb/v8-m.main+fp/hard\libc_nano.a(libc_a-nano-vfprintf_float.o)
                0x0800eb4a                __exponent
 .text._printf_float
                0x0800ebbc      0x454 C:/ST/STM32CubeIDE_1.16.0/STM32CubeIDE/plugins/com.st.stm32cube.ide.mcu.externaltools.gnu-tools-for-stm32.12.3.rel1.win32_1.0.200.202406191623/tools/bin/../lib/gcc/arm-none-eabi/12.3.1/../../../../arm-none-eabi/lib/thumb/v8-m.main+fp/hard\libc_nano.a(libc_a-nano-vfprintf_float.o)
                0x0800ebbc                _printf_float
 .text._printf_common
                0x0800f010       0xe4 C:/ST/STM32CubeIDE_1.16.0/STM32CubeIDE/plugins/com.st.stm32cube.ide.mcu.externaltools.gnu-tools-for-stm32.12.3.rel1.win32_1.0.200.202406191623/tools/bin/../lib/gcc/arm-none-eabi/12.3.1/../../../../arm-none-eabi/lib/thumb/v8-m.main+fp/hard\libc_nano.a(libc_a-nano-vfprintf_i.o)
                0x0800f010                _printf_common
 .text._printf_i
                0x0800f0f4      0x240 C:/ST/STM32CubeIDE_1.16.0/STM32CubeIDE/plugins/com.st.stm32cube.ide.mcu.externaltools.gnu-tools-for-stm32.12.3.rel1.win32_1.0.200.202406191623/tools/bin/../lib/gcc/arm-none-eabi/12.3.1/../../../../arm-none-eabi/lib/thumb/v8-m.main+fp/hard\libc_nano.a(libc_a-nano-vfprintf_i.o)
                0x0800f0f4                _printf_i
 .text.std      0x0800f334       0x6c C:/ST/STM32CubeIDE_1.16.0/STM32CubeIDE/plugins/com.st.stm32cube.ide.mcu.externaltools.gnu-tools-for-stm32.12.3.rel1.win32_1.0.200.202406191623/tools/bin/../lib/gcc/arm-none-eabi/12.3.1/../../../../arm-none-eabi/lib/thumb/v8-m.main+fp/hard\libc_nano.a(libc_a-findfp.o)
 .text.stdio_exit_handler
                0x0800f3a0       0x18 C:/ST/STM32CubeIDE_1.16.0/STM32CubeIDE/plugins/com.st.stm32cube.ide.mcu.externaltools.gnu-tools-for-stm32.12.3.rel1.win32_1.0.200.202406191623/tools/bin/../lib/gcc/arm-none-eabi/12.3.1/../../../../arm-none-eabi/lib/thumb/v8-m.main+fp/hard\libc_nano.a(libc_a-findfp.o)
 .text.cleanup_stdio
                0x0800f3b8       0x40 C:/ST/STM32CubeIDE_1.16.0/STM32CubeIDE/plugins/com.st.stm32cube.ide.mcu.externaltools.gnu-tools-for-stm32.12.3.rel1.win32_1.0.200.202406191623/tools/bin/../lib/gcc/arm-none-eabi/12.3.1/../../../../arm-none-eabi/lib/thumb/v8-m.main+fp/hard\libc_nano.a(libc_a-findfp.o)
 .text.global_stdio_init.part.0
                0x0800f3f8       0x3c C:/ST/STM32CubeIDE_1.16.0/STM32CubeIDE/plugins/com.st.stm32cube.ide.mcu.externaltools.gnu-tools-for-stm32.12.3.rel1.win32_1.0.200.202406191623/tools/bin/../lib/gcc/arm-none-eabi/12.3.1/../../../../arm-none-eabi/lib/thumb/v8-m.main+fp/hard\libc_nano.a(libc_a-findfp.o)
 .text.__sfp_lock_acquire
                0x0800f434        0xc C:/ST/STM32CubeIDE_1.16.0/STM32CubeIDE/plugins/com.st.stm32cube.ide.mcu.externaltools.gnu-tools-for-stm32.12.3.rel1.win32_1.0.200.202406191623/tools/bin/../lib/gcc/arm-none-eabi/12.3.1/../../../../arm-none-eabi/lib/thumb/v8-m.main+fp/hard\libc_nano.a(libc_a-findfp.o)
                0x0800f434                __sfp_lock_acquire
 .text.__sfp_lock_release
                0x0800f440        0xc C:/ST/STM32CubeIDE_1.16.0/STM32CubeIDE/plugins/com.st.stm32cube.ide.mcu.externaltools.gnu-tools-for-stm32.12.3.rel1.win32_1.0.200.202406191623/tools/bin/../lib/gcc/arm-none-eabi/12.3.1/../../../../arm-none-eabi/lib/thumb/v8-m.main+fp/hard\libc_nano.a(libc_a-findfp.o)
                0x0800f440                __sfp_lock_release
 .text.__sinit  0x0800f44c       0x30 C:/ST/STM32CubeIDE_1.16.0/STM32CubeIDE/plugins/com.st.stm32cube.ide.mcu.externaltools.gnu-tools-for-stm32.12.3.rel1.win32_1.0.200.202406191623/tools/bin/../lib/gcc/arm-none-eabi/12.3.1/../../../../arm-none-eabi/lib/thumb/v8-m.main+fp/hard\libc_nano.a(libc_a-findfp.o)
                0x0800f44c                __sinit
 .text._fwalk_sglue
                0x0800f47c       0x3c C:/ST/STM32CubeIDE_1.16.0/STM32CubeIDE/plugins/com.st.stm32cube.ide.mcu.externaltools.gnu-tools-for-stm32.12.3.rel1.win32_1.0.200.202406191623/tools/bin/../lib/gcc/arm-none-eabi/12.3.1/../../../../arm-none-eabi/lib/thumb/v8-m.main+fp/hard\libc_nano.a(libc_a-fwalk.o)
                0x0800f47c                _fwalk_sglue
 .text.sprintf  0x0800f4b8       0x40 C:/ST/STM32CubeIDE_1.16.0/STM32CubeIDE/plugins/com.st.stm32cube.ide.mcu.externaltools.gnu-tools-for-stm32.12.3.rel1.win32_1.0.200.202406191623/tools/bin/../lib/gcc/arm-none-eabi/12.3.1/../../../../arm-none-eabi/lib/thumb/v8-m.main+fp/hard\libc_nano.a(libc_a-sprintf.o)
                0x0800f4b8                siprintf
                0x0800f4b8                sprintf
 .text.__sread  0x0800f4f8       0x22 C:/ST/STM32CubeIDE_1.16.0/STM32CubeIDE/plugins/com.st.stm32cube.ide.mcu.externaltools.gnu-tools-for-stm32.12.3.rel1.win32_1.0.200.202406191623/tools/bin/../lib/gcc/arm-none-eabi/12.3.1/../../../../arm-none-eabi/lib/thumb/v8-m.main+fp/hard\libc_nano.a(libc_a-stdio.o)
                0x0800f4f8                __sread
 .text.__swrite
                0x0800f51a       0x38 C:/ST/STM32CubeIDE_1.16.0/STM32CubeIDE/plugins/com.st.stm32cube.ide.mcu.externaltools.gnu-tools-for-stm32.12.3.rel1.win32_1.0.200.202406191623/tools/bin/../lib/gcc/arm-none-eabi/12.3.1/../../../../arm-none-eabi/lib/thumb/v8-m.main+fp/hard\libc_nano.a(libc_a-stdio.o)
                0x0800f51a                __swrite
 .text.__sseek  0x0800f552       0x24 C:/ST/STM32CubeIDE_1.16.0/STM32CubeIDE/plugins/com.st.stm32cube.ide.mcu.externaltools.gnu-tools-for-stm32.12.3.rel1.win32_1.0.200.202406191623/tools/bin/../lib/gcc/arm-none-eabi/12.3.1/../../../../arm-none-eabi/lib/thumb/v8-m.main+fp/hard\libc_nano.a(libc_a-stdio.o)
                0x0800f552                __sseek
 .text.__sclose
                0x0800f576        0x8 C:/ST/STM32CubeIDE_1.16.0/STM32CubeIDE/plugins/com.st.stm32cube.ide.mcu.externaltools.gnu-tools-for-stm32.12.3.rel1.win32_1.0.200.202406191623/tools/bin/../lib/gcc/arm-none-eabi/12.3.1/../../../../arm-none-eabi/lib/thumb/v8-m.main+fp/hard\libc_nano.a(libc_a-stdio.o)
                0x0800f576                __sclose
 .text.memset   0x0800f57e       0x10 C:/ST/STM32CubeIDE_1.16.0/STM32CubeIDE/plugins/com.st.stm32cube.ide.mcu.externaltools.gnu-tools-for-stm32.12.3.rel1.win32_1.0.200.202406191623/tools/bin/../lib/gcc/arm-none-eabi/12.3.1/../../../../arm-none-eabi/lib/thumb/v8-m.main+fp/hard\libc_nano.a(libc_a-memset.o)
                0x0800f57e                memset
 *fill*         0x0800f58e        0x2 
 .text._localeconv_r
                0x0800f590        0x8 C:/ST/STM32CubeIDE_1.16.0/STM32CubeIDE/plugins/com.st.stm32cube.ide.mcu.externaltools.gnu-tools-for-stm32.12.3.rel1.win32_1.0.200.202406191623/tools/bin/../lib/gcc/arm-none-eabi/12.3.1/../../../../arm-none-eabi/lib/thumb/v8-m.main+fp/hard\libc_nano.a(libc_a-localeconv.o)
                0x0800f590                _localeconv_r
 .text._close_r
                0x0800f598       0x20 C:/ST/STM32CubeIDE_1.16.0/STM32CubeIDE/plugins/com.st.stm32cube.ide.mcu.externaltools.gnu-tools-for-stm32.12.3.rel1.win32_1.0.200.202406191623/tools/bin/../lib/gcc/arm-none-eabi/12.3.1/../../../../arm-none-eabi/lib/thumb/v8-m.main+fp/hard\libc_nano.a(libc_a-closer.o)
                0x0800f598                _close_r
 .text._lseek_r
                0x0800f5b8       0x24 C:/ST/STM32CubeIDE_1.16.0/STM32CubeIDE/plugins/com.st.stm32cube.ide.mcu.externaltools.gnu-tools-for-stm32.12.3.rel1.win32_1.0.200.202406191623/tools/bin/../lib/gcc/arm-none-eabi/12.3.1/../../../../arm-none-eabi/lib/thumb/v8-m.main+fp/hard\libc_nano.a(libc_a-lseekr.o)
                0x0800f5b8                _lseek_r
 .text._read_r  0x0800f5dc       0x24 C:/ST/STM32CubeIDE_1.16.0/STM32CubeIDE/plugins/com.st.stm32cube.ide.mcu.externaltools.gnu-tools-for-stm32.12.3.rel1.win32_1.0.200.202406191623/tools/bin/../lib/gcc/arm-none-eabi/12.3.1/../../../../arm-none-eabi/lib/thumb/v8-m.main+fp/hard\libc_nano.a(libc_a-readr.o)
                0x0800f5dc                _read_r
 .text._write_r
                0x0800f600       0x24 C:/ST/STM32CubeIDE_1.16.0/STM32CubeIDE/plugins/com.st.stm32cube.ide.mcu.externaltools.gnu-tools-for-stm32.12.3.rel1.win32_1.0.200.202406191623/tools/bin/../lib/gcc/arm-none-eabi/12.3.1/../../../../arm-none-eabi/lib/thumb/v8-m.main+fp/hard\libc_nano.a(libc_a-writer.o)
                0x0800f600                _write_r
 .text.__errno  0x0800f624        0xc C:/ST/STM32CubeIDE_1.16.0/STM32CubeIDE/plugins/com.st.stm32cube.ide.mcu.externaltools.gnu-tools-for-stm32.12.3.rel1.win32_1.0.200.202406191623/tools/bin/../lib/gcc/arm-none-eabi/12.3.1/../../../../arm-none-eabi/lib/thumb/v8-m.main+fp/hard\libc_nano.a(libc_a-errno.o)
                0x0800f624                __errno
 .text.__libc_init_array
                0x0800f630       0x48 C:/ST/STM32CubeIDE_1.16.0/STM32CubeIDE/plugins/com.st.stm32cube.ide.mcu.externaltools.gnu-tools-for-stm32.12.3.rel1.win32_1.0.200.202406191623/tools/bin/../lib/gcc/arm-none-eabi/12.3.1/../../../../arm-none-eabi/lib/thumb/v8-m.main+fp/hard\libc_nano.a(libc_a-init.o)
                0x0800f630                __libc_init_array
 .text.__retarget_lock_init_recursive
                0x0800f678        0x2 C:/ST/STM32CubeIDE_1.16.0/STM32CubeIDE/plugins/com.st.stm32cube.ide.mcu.externaltools.gnu-tools-for-stm32.12.3.rel1.win32_1.0.200.202406191623/tools/bin/../lib/gcc/arm-none-eabi/12.3.1/../../../../arm-none-eabi/lib/thumb/v8-m.main+fp/hard\libc_nano.a(libc_a-lock.o)
                0x0800f678                __retarget_lock_init_recursive
 .text.__retarget_lock_acquire_recursive
                0x0800f67a        0x2 C:/ST/STM32CubeIDE_1.16.0/STM32CubeIDE/plugins/com.st.stm32cube.ide.mcu.externaltools.gnu-tools-for-stm32.12.3.rel1.win32_1.0.200.202406191623/tools/bin/../lib/gcc/arm-none-eabi/12.3.1/../../../../arm-none-eabi/lib/thumb/v8-m.main+fp/hard\libc_nano.a(libc_a-lock.o)
                0x0800f67a                __retarget_lock_acquire_recursive
 .text.__retarget_lock_release_recursive
                0x0800f67c        0x2 C:/ST/STM32CubeIDE_1.16.0/STM32CubeIDE/plugins/com.st.stm32cube.ide.mcu.externaltools.gnu-tools-for-stm32.12.3.rel1.win32_1.0.200.202406191623/tools/bin/../lib/gcc/arm-none-eabi/12.3.1/../../../../arm-none-eabi/lib/thumb/v8-m.main+fp/hard\libc_nano.a(libc_a-lock.o)
                0x0800f67c                __retarget_lock_release_recursive
 .text.memchr   0x0800f67e       0x1c C:/ST/STM32CubeIDE_1.16.0/STM32CubeIDE/plugins/com.st.stm32cube.ide.mcu.externaltools.gnu-tools-for-stm32.12.3.rel1.win32_1.0.200.202406191623/tools/bin/../lib/gcc/arm-none-eabi/12.3.1/../../../../arm-none-eabi/lib/thumb/v8-m.main+fp/hard\libc_nano.a(libc_a-memchr-stub.o)
                0x0800f67e                memchr
 .text.quorem   0x0800f69a      0x11a C:/ST/STM32CubeIDE_1.16.0/STM32CubeIDE/plugins/com.st.stm32cube.ide.mcu.externaltools.gnu-tools-for-stm32.12.3.rel1.win32_1.0.200.202406191623/tools/bin/../lib/gcc/arm-none-eabi/12.3.1/../../../../arm-none-eabi/lib/thumb/v8-m.main+fp/hard\libc_nano.a(libc_a-dtoa.o)
 *fill*         0x0800f7b4        0x4 
 .text._dtoa_r  0x0800f7b8      0xb88 C:/ST/STM32CubeIDE_1.16.0/STM32CubeIDE/plugins/com.st.stm32cube.ide.mcu.externaltools.gnu-tools-for-stm32.12.3.rel1.win32_1.0.200.202406191623/tools/bin/../lib/gcc/arm-none-eabi/12.3.1/../../../../arm-none-eabi/lib/thumb/v8-m.main+fp/hard\libc_nano.a(libc_a-dtoa.o)
                0x0800f7b8                _dtoa_r
 .text._free_r  0x08010340       0x94 C:/ST/STM32CubeIDE_1.16.0/STM32CubeIDE/plugins/com.st.stm32cube.ide.mcu.externaltools.gnu-tools-for-stm32.12.3.rel1.win32_1.0.200.202406191623/tools/bin/../lib/gcc/arm-none-eabi/12.3.1/../../../../arm-none-eabi/lib/thumb/v8-m.main+fp/hard\libc_nano.a(libc_a-freer.o)
                0x08010340                _free_r
 .text.malloc   0x080103d4       0x10 C:/ST/STM32CubeIDE_1.16.0/STM32CubeIDE/plugins/com.st.stm32cube.ide.mcu.externaltools.gnu-tools-for-stm32.12.3.rel1.win32_1.0.200.202406191623/tools/bin/../lib/gcc/arm-none-eabi/12.3.1/../../../../arm-none-eabi/lib/thumb/v8-m.main+fp/hard\libc_nano.a(libc_a-malloc.o)
                0x080103d4                malloc
 .text.sbrk_aligned
                0x080103e4       0x44 C:/ST/STM32CubeIDE_1.16.0/STM32CubeIDE/plugins/com.st.stm32cube.ide.mcu.externaltools.gnu-tools-for-stm32.12.3.rel1.win32_1.0.200.202406191623/tools/bin/../lib/gcc/arm-none-eabi/12.3.1/../../../../arm-none-eabi/lib/thumb/v8-m.main+fp/hard\libc_nano.a(libc_a-mallocr.o)
 .text._malloc_r
                0x08010428      0x100 C:/ST/STM32CubeIDE_1.16.0/STM32CubeIDE/plugins/com.st.stm32cube.ide.mcu.externaltools.gnu-tools-for-stm32.12.3.rel1.win32_1.0.200.202406191623/tools/bin/../lib/gcc/arm-none-eabi/12.3.1/../../../../arm-none-eabi/lib/thumb/v8-m.main+fp/hard\libc_nano.a(libc_a-mallocr.o)
                0x08010428                _malloc_r
 .text.__malloc_lock
                0x08010528        0xc C:/ST/STM32CubeIDE_1.16.0/STM32CubeIDE/plugins/com.st.stm32cube.ide.mcu.externaltools.gnu-tools-for-stm32.12.3.rel1.win32_1.0.200.202406191623/tools/bin/../lib/gcc/arm-none-eabi/12.3.1/../../../../arm-none-eabi/lib/thumb/v8-m.main+fp/hard\libc_nano.a(libc_a-mlock.o)
                0x08010528                __malloc_lock
 .text.__malloc_unlock
                0x08010534        0xc C:/ST/STM32CubeIDE_1.16.0/STM32CubeIDE/plugins/com.st.stm32cube.ide.mcu.externaltools.gnu-tools-for-stm32.12.3.rel1.win32_1.0.200.202406191623/tools/bin/../lib/gcc/arm-none-eabi/12.3.1/../../../../arm-none-eabi/lib/thumb/v8-m.main+fp/hard\libc_nano.a(libc_a-mlock.o)
                0x08010534                __malloc_unlock
 .text._Balloc  0x08010540       0x80 C:/ST/STM32CubeIDE_1.16.0/STM32CubeIDE/plugins/com.st.stm32cube.ide.mcu.externaltools.gnu-tools-for-stm32.12.3.rel1.win32_1.0.200.202406191623/tools/bin/../lib/gcc/arm-none-eabi/12.3.1/../../../../arm-none-eabi/lib/thumb/v8-m.main+fp/hard\libc_nano.a(libc_a-mprec.o)
                0x08010540                _Balloc
 .text._Bfree   0x080105c0       0x44 C:/ST/STM32CubeIDE_1.16.0/STM32CubeIDE/plugins/com.st.stm32cube.ide.mcu.externaltools.gnu-tools-for-stm32.12.3.rel1.win32_1.0.200.202406191623/tools/bin/../lib/gcc/arm-none-eabi/12.3.1/../../../../arm-none-eabi/lib/thumb/v8-m.main+fp/hard\libc_nano.a(libc_a-mprec.o)
                0x080105c0                _Bfree
 .text.__multadd
                0x08010604       0x90 C:/ST/STM32CubeIDE_1.16.0/STM32CubeIDE/plugins/com.st.stm32cube.ide.mcu.externaltools.gnu-tools-for-stm32.12.3.rel1.win32_1.0.200.202406191623/tools/bin/../lib/gcc/arm-none-eabi/12.3.1/../../../../arm-none-eabi/lib/thumb/v8-m.main+fp/hard\libc_nano.a(libc_a-mprec.o)
                0x08010604                __multadd
 .text.__hi0bits
                0x08010694       0x3e C:/ST/STM32CubeIDE_1.16.0/STM32CubeIDE/plugins/com.st.stm32cube.ide.mcu.externaltools.gnu-tools-for-stm32.12.3.rel1.win32_1.0.200.202406191623/tools/bin/../lib/gcc/arm-none-eabi/12.3.1/../../../../arm-none-eabi/lib/thumb/v8-m.main+fp/hard\libc_nano.a(libc_a-mprec.o)
                0x08010694                __hi0bits
 .text.__lo0bits
                0x080106d2       0x5a C:/ST/STM32CubeIDE_1.16.0/STM32CubeIDE/plugins/com.st.stm32cube.ide.mcu.externaltools.gnu-tools-for-stm32.12.3.rel1.win32_1.0.200.202406191623/tools/bin/../lib/gcc/arm-none-eabi/12.3.1/../../../../arm-none-eabi/lib/thumb/v8-m.main+fp/hard\libc_nano.a(libc_a-mprec.o)
                0x080106d2                __lo0bits
 .text.__i2b    0x0801072c       0x2c C:/ST/STM32CubeIDE_1.16.0/STM32CubeIDE/plugins/com.st.stm32cube.ide.mcu.externaltools.gnu-tools-for-stm32.12.3.rel1.win32_1.0.200.202406191623/tools/bin/../lib/gcc/arm-none-eabi/12.3.1/../../../../arm-none-eabi/lib/thumb/v8-m.main+fp/hard\libc_nano.a(libc_a-mprec.o)
                0x0801072c                __i2b
 .text.__multiply
                0x08010758      0x154 C:/ST/STM32CubeIDE_1.16.0/STM32CubeIDE/plugins/com.st.stm32cube.ide.mcu.externaltools.gnu-tools-for-stm32.12.3.rel1.win32_1.0.200.202406191623/tools/bin/../lib/gcc/arm-none-eabi/12.3.1/../../../../arm-none-eabi/lib/thumb/v8-m.main+fp/hard\libc_nano.a(libc_a-mprec.o)
                0x08010758                __multiply
 .text.__pow5mult
                0x080108ac       0xb4 C:/ST/STM32CubeIDE_1.16.0/STM32CubeIDE/plugins/com.st.stm32cube.ide.mcu.externaltools.gnu-tools-for-stm32.12.3.rel1.win32_1.0.200.202406191623/tools/bin/../lib/gcc/arm-none-eabi/12.3.1/../../../../arm-none-eabi/lib/thumb/v8-m.main+fp/hard\libc_nano.a(libc_a-mprec.o)
                0x080108ac                __pow5mult
 .text.__lshift
                0x08010960       0xd8 C:/ST/STM32CubeIDE_1.16.0/STM32CubeIDE/plugins/com.st.stm32cube.ide.mcu.externaltools.gnu-tools-for-stm32.12.3.rel1.win32_1.0.200.202406191623/tools/bin/../lib/gcc/arm-none-eabi/12.3.1/../../../../arm-none-eabi/lib/thumb/v8-m.main+fp/hard\libc_nano.a(libc_a-mprec.o)
                0x08010960                __lshift
 .text.__mcmp   0x08010a38       0x36 C:/ST/STM32CubeIDE_1.16.0/STM32CubeIDE/plugins/com.st.stm32cube.ide.mcu.externaltools.gnu-tools-for-stm32.12.3.rel1.win32_1.0.200.202406191623/tools/bin/../lib/gcc/arm-none-eabi/12.3.1/../../../../arm-none-eabi/lib/thumb/v8-m.main+fp/hard\libc_nano.a(libc_a-mprec.o)
                0x08010a38                __mcmp
 *fill*         0x08010a6e        0x2 
 .text.__mdiff  0x08010a70      0x130 C:/ST/STM32CubeIDE_1.16.0/STM32CubeIDE/plugins/com.st.stm32cube.ide.mcu.externaltools.gnu-tools-for-stm32.12.3.rel1.win32_1.0.200.202406191623/tools/bin/../lib/gcc/arm-none-eabi/12.3.1/../../../../arm-none-eabi/lib/thumb/v8-m.main+fp/hard\libc_nano.a(libc_a-mprec.o)
                0x08010a70                __mdiff
 .text.__d2b    0x08010ba0       0xb0 C:/ST/STM32CubeIDE_1.16.0/STM32CubeIDE/plugins/com.st.stm32cube.ide.mcu.externaltools.gnu-tools-for-stm32.12.3.rel1.win32_1.0.200.202406191623/tools/bin/../lib/gcc/arm-none-eabi/12.3.1/../../../../arm-none-eabi/lib/thumb/v8-m.main+fp/hard\libc_nano.a(libc_a-mprec.o)
                0x08010ba0                __d2b
 .text.__ssputs_r
                0x08010c50       0xb6 C:/ST/STM32CubeIDE_1.16.0/STM32CubeIDE/plugins/com.st.stm32cube.ide.mcu.externaltools.gnu-tools-for-stm32.12.3.rel1.win32_1.0.200.202406191623/tools/bin/../lib/gcc/arm-none-eabi/12.3.1/../../../../arm-none-eabi/lib/thumb/v8-m.main+fp/hard\libc_nano.a(libc_a-nano-svfprintf.o)
                0x08010c50                __ssputs_r
 *fill*         0x08010d06        0x2 
 .text._svfprintf_r
                0x08010d08      0x1f8 C:/ST/STM32CubeIDE_1.16.0/STM32CubeIDE/plugins/com.st.stm32cube.ide.mcu.externaltools.gnu-tools-for-stm32.12.3.rel1.win32_1.0.200.202406191623/tools/bin/../lib/gcc/arm-none-eabi/12.3.1/../../../../arm-none-eabi/lib/thumb/v8-m.main+fp/hard\libc_nano.a(libc_a-nano-svfprintf.o)
                0x08010d08                _svfiprintf_r
                0x08010d08                _svfprintf_r
 .text.__sflush_r
                0x08010f00      0x108 C:/ST/STM32CubeIDE_1.16.0/STM32CubeIDE/plugins/com.st.stm32cube.ide.mcu.externaltools.gnu-tools-for-stm32.12.3.rel1.win32_1.0.200.202406191623/tools/bin/../lib/gcc/arm-none-eabi/12.3.1/../../../../arm-none-eabi/lib/thumb/v8-m.main+fp/hard\libc_nano.a(libc_a-fflush.o)
                0x08010f00                __sflush_r
 .text._fflush_r
                0x08011008       0x50 C:/ST/STM32CubeIDE_1.16.0/STM32CubeIDE/plugins/com.st.stm32cube.ide.mcu.externaltools.gnu-tools-for-stm32.12.3.rel1.win32_1.0.200.202406191623/tools/bin/../lib/gcc/arm-none-eabi/12.3.1/../../../../arm-none-eabi/lib/thumb/v8-m.main+fp/hard\libc_nano.a(libc_a-fflush.o)
                0x08011008                _fflush_r
 .text.memmove  0x08011058       0x34 C:/ST/STM32CubeIDE_1.16.0/STM32CubeIDE/plugins/com.st.stm32cube.ide.mcu.externaltools.gnu-tools-for-stm32.12.3.rel1.win32_1.0.200.202406191623/tools/bin/../lib/gcc/arm-none-eabi/12.3.1/../../../../arm-none-eabi/lib/thumb/v8-m.main+fp/hard\libc_nano.a(libc_a-memmove.o)
                0x08011058                memmove
 .text._sbrk_r  0x0801108c       0x20 C:/ST/STM32CubeIDE_1.16.0/STM32CubeIDE/plugins/com.st.stm32cube.ide.mcu.externaltools.gnu-tools-for-stm32.12.3.rel1.win32_1.0.200.202406191623/tools/bin/../lib/gcc/arm-none-eabi/12.3.1/../../../../arm-none-eabi/lib/thumb/v8-m.main+fp/hard\libc_nano.a(libc_a-sbrkr.o)
                0x0801108c                _sbrk_r
 .text.memcpy   0x080110ac       0x1a C:/ST/STM32CubeIDE_1.16.0/STM32CubeIDE/plugins/com.st.stm32cube.ide.mcu.externaltools.gnu-tools-for-stm32.12.3.rel1.win32_1.0.200.202406191623/tools/bin/../lib/gcc/arm-none-eabi/12.3.1/../../../../arm-none-eabi/lib/thumb/v8-m.main+fp/hard\libc_nano.a(libc_a-memcpy-stub.o)
                0x080110ac                memcpy
 *fill*         0x080110c6        0x2 
 .text.__assert_func
                0x080110c8       0x3c C:/ST/STM32CubeIDE_1.16.0/STM32CubeIDE/plugins/com.st.stm32cube.ide.mcu.externaltools.gnu-tools-for-stm32.12.3.rel1.win32_1.0.200.202406191623/tools/bin/../lib/gcc/arm-none-eabi/12.3.1/../../../../arm-none-eabi/lib/thumb/v8-m.main+fp/hard\libc_nano.a(libc_a-assert.o)
                0x080110c8                __assert_func
 .text._calloc_r
                0x08011104       0x28 C:/ST/STM32CubeIDE_1.16.0/STM32CubeIDE/plugins/com.st.stm32cube.ide.mcu.externaltools.gnu-tools-for-stm32.12.3.rel1.win32_1.0.200.202406191623/tools/bin/../lib/gcc/arm-none-eabi/12.3.1/../../../../arm-none-eabi/lib/thumb/v8-m.main+fp/hard\libc_nano.a(libc_a-callocr.o)
                0x08011104                _calloc_r
 .text.__ascii_mbtowc
                0x0801112c       0x24 C:/ST/STM32CubeIDE_1.16.0/STM32CubeIDE/plugins/com.st.stm32cube.ide.mcu.externaltools.gnu-tools-for-stm32.12.3.rel1.win32_1.0.200.202406191623/tools/bin/../lib/gcc/arm-none-eabi/12.3.1/../../../../arm-none-eabi/lib/thumb/v8-m.main+fp/hard\libc_nano.a(libc_a-mbtowc_r.o)
                0x0801112c                __ascii_mbtowc
 .text._realloc_r
                0x08011150       0x5c C:/ST/STM32CubeIDE_1.16.0/STM32CubeIDE/plugins/com.st.stm32cube.ide.mcu.externaltools.gnu-tools-for-stm32.12.3.rel1.win32_1.0.200.202406191623/tools/bin/../lib/gcc/arm-none-eabi/12.3.1/../../../../arm-none-eabi/lib/thumb/v8-m.main+fp/hard\libc_nano.a(libc_a-reallocr.o)
                0x08011150                _realloc_r
 .text.__ascii_wctomb
                0x080111ac       0x1a C:/ST/STM32CubeIDE_1.16.0/STM32CubeIDE/plugins/com.st.stm32cube.ide.mcu.externaltools.gnu-tools-for-stm32.12.3.rel1.win32_1.0.200.202406191623/tools/bin/../lib/gcc/arm-none-eabi/12.3.1/../../../../arm-none-eabi/lib/thumb/v8-m.main+fp/hard\libc_nano.a(libc_a-wctomb_r.o)
                0x080111ac                __ascii_wctomb
 *fill*         0x080111c6        0x2 
 .text.fprintf  0x080111c8       0x24 C:/ST/STM32CubeIDE_1.16.0/STM32CubeIDE/plugins/com.st.stm32cube.ide.mcu.externaltools.gnu-tools-for-stm32.12.3.rel1.win32_1.0.200.202406191623/tools/bin/../lib/gcc/arm-none-eabi/12.3.1/../../../../arm-none-eabi/lib/thumb/v8-m.main+fp/hard\libc_nano.a(libc_a-fprintf.o)
                0x080111c8                fiprintf
                0x080111c8                fprintf
 .text.abort    0x080111ec        0xe C:/ST/STM32CubeIDE_1.16.0/STM32CubeIDE/plugins/com.st.stm32cube.ide.mcu.externaltools.gnu-tools-for-stm32.12.3.rel1.win32_1.0.200.202406191623/tools/bin/../lib/gcc/arm-none-eabi/12.3.1/../../../../arm-none-eabi/lib/thumb/v8-m.main+fp/hard\libc_nano.a(libc_a-abort.o)
                0x080111ec                abort
 .text._malloc_usable_size_r
                0x080111fa       0x10 C:/ST/STM32CubeIDE_1.16.0/STM32CubeIDE/plugins/com.st.stm32cube.ide.mcu.externaltools.gnu-tools-for-stm32.12.3.rel1.win32_1.0.200.202406191623/tools/bin/../lib/gcc/arm-none-eabi/12.3.1/../../../../arm-none-eabi/lib/thumb/v8-m.main+fp/hard\libc_nano.a(libc_a-msizer.o)
                0x080111fa                _malloc_usable_size_r
 .text.__sfputc_r
                0x0801120a       0x2e C:/ST/STM32CubeIDE_1.16.0/STM32CubeIDE/plugins/com.st.stm32cube.ide.mcu.externaltools.gnu-tools-for-stm32.12.3.rel1.win32_1.0.200.202406191623/tools/bin/../lib/gcc/arm-none-eabi/12.3.1/../../../../arm-none-eabi/lib/thumb/v8-m.main+fp/hard\libc_nano.a(libc_a-nano-vfprintf.o)
 .text.__sfputs_r
                0x08011238       0x24 C:/ST/STM32CubeIDE_1.16.0/STM32CubeIDE/plugins/com.st.stm32cube.ide.mcu.externaltools.gnu-tools-for-stm32.12.3.rel1.win32_1.0.200.202406191623/tools/bin/../lib/gcc/arm-none-eabi/12.3.1/../../../../arm-none-eabi/lib/thumb/v8-m.main+fp/hard\libc_nano.a(libc_a-nano-vfprintf.o)
                0x08011238                __sfputs_r
 .text._vfprintf_r
                0x0801125c      0x230 C:/ST/STM32CubeIDE_1.16.0/STM32CubeIDE/plugins/com.st.stm32cube.ide.mcu.externaltools.gnu-tools-for-stm32.12.3.rel1.win32_1.0.200.202406191623/tools/bin/../lib/gcc/arm-none-eabi/12.3.1/../../../../arm-none-eabi/lib/thumb/v8-m.main+fp/hard\libc_nano.a(libc_a-nano-vfprintf.o)
                0x0801125c                _vfprintf_r
                0x0801125c                _vfiprintf_r
 .text.__swbuf_r
                0x0801148c       0x7c C:/ST/STM32CubeIDE_1.16.0/STM32CubeIDE/plugins/com.st.stm32cube.ide.mcu.externaltools.gnu-tools-for-stm32.12.3.rel1.win32_1.0.200.202406191623/tools/bin/../lib/gcc/arm-none-eabi/12.3.1/../../../../arm-none-eabi/lib/thumb/v8-m.main+fp/hard\libc_nano.a(libc_a-wbuf.o)
                0x0801148c                __swbuf_r
 .text.__swsetup_r
                0x08011508       0xac C:/ST/STM32CubeIDE_1.16.0/STM32CubeIDE/plugins/com.st.stm32cube.ide.mcu.externaltools.gnu-tools-for-stm32.12.3.rel1.win32_1.0.200.202406191623/tools/bin/../lib/gcc/arm-none-eabi/12.3.1/../../../../arm-none-eabi/lib/thumb/v8-m.main+fp/hard\libc_nano.a(libc_a-wsetup.o)
                0x08011508                __swsetup_r
 .text._raise_r
                0x080115b4       0x50 C:/ST/STM32CubeIDE_1.16.0/STM32CubeIDE/plugins/com.st.stm32cube.ide.mcu.externaltools.gnu-tools-for-stm32.12.3.rel1.win32_1.0.200.202406191623/tools/bin/../lib/gcc/arm-none-eabi/12.3.1/../../../../arm-none-eabi/lib/thumb/v8-m.main+fp/hard\libc_nano.a(libc_a-signal.o)
                0x080115b4                _raise_r
 .text.raise    0x08011604       0x10 C:/ST/STM32CubeIDE_1.16.0/STM32CubeIDE/plugins/com.st.stm32cube.ide.mcu.externaltools.gnu-tools-for-stm32.12.3.rel1.win32_1.0.200.202406191623/tools/bin/../lib/gcc/arm-none-eabi/12.3.1/../../../../arm-none-eabi/lib/thumb/v8-m.main+fp/hard\libc_nano.a(libc_a-signal.o)
                0x08011604                raise
 .text._kill_r  0x08011614       0x24 C:/ST/STM32CubeIDE_1.16.0/STM32CubeIDE/plugins/com.st.stm32cube.ide.mcu.externaltools.gnu-tools-for-stm32.12.3.rel1.win32_1.0.200.202406191623/tools/bin/../lib/gcc/arm-none-eabi/12.3.1/../../../../arm-none-eabi/lib/thumb/v8-m.main+fp/hard\libc_nano.a(libc_a-signalr.o)
                0x08011614                _kill_r
 .text._getpid_r
                0x08011638        0x4 C:/ST/STM32CubeIDE_1.16.0/STM32CubeIDE/plugins/com.st.stm32cube.ide.mcu.externaltools.gnu-tools-for-stm32.12.3.rel1.win32_1.0.200.202406191623/tools/bin/../lib/gcc/arm-none-eabi/12.3.1/../../../../arm-none-eabi/lib/thumb/v8-m.main+fp/hard\libc_nano.a(libc_a-signalr.o)
                0x08011638                _getpid_r
 .text.__swhatbuf_r
                0x0801163c       0x4a C:/ST/STM32CubeIDE_1.16.0/STM32CubeIDE/plugins/com.st.stm32cube.ide.mcu.externaltools.gnu-tools-for-stm32.12.3.rel1.win32_1.0.200.202406191623/tools/bin/../lib/gcc/arm-none-eabi/12.3.1/../../../../arm-none-eabi/lib/thumb/v8-m.main+fp/hard\libc_nano.a(libc_a-makebuf.o)
                0x0801163c                __swhatbuf_r
 .text.__smakebuf_r
                0x08011686       0x78 C:/ST/STM32CubeIDE_1.16.0/STM32CubeIDE/plugins/com.st.stm32cube.ide.mcu.externaltools.gnu-tools-for-stm32.12.3.rel1.win32_1.0.200.202406191623/tools/bin/../lib/gcc/arm-none-eabi/12.3.1/../../../../arm-none-eabi/lib/thumb/v8-m.main+fp/hard\libc_nano.a(libc_a-makebuf.o)
                0x08011686                __smakebuf_r
 *fill*         0x080116fe        0x2 
 .text._fstat_r
                0x08011700       0x24 C:/ST/STM32CubeIDE_1.16.0/STM32CubeIDE/plugins/com.st.stm32cube.ide.mcu.externaltools.gnu-tools-for-stm32.12.3.rel1.win32_1.0.200.202406191623/tools/bin/../lib/gcc/arm-none-eabi/12.3.1/../../../../arm-none-eabi/lib/thumb/v8-m.main+fp/hard\libc_nano.a(libc_a-fstatr.o)
                0x08011700                _fstat_r
 .text._isatty_r
                0x08011724       0x20 C:/ST/STM32CubeIDE_1.16.0/STM32CubeIDE/plugins/com.st.stm32cube.ide.mcu.externaltools.gnu-tools-for-stm32.12.3.rel1.win32_1.0.200.202406191623/tools/bin/../lib/gcc/arm-none-eabi/12.3.1/../../../../arm-none-eabi/lib/thumb/v8-m.main+fp/hard\libc_nano.a(libc_a-isattyr.o)
                0x08011724                _isatty_r
 *(.glue_7)
 .glue_7        0x08011744        0x0 linker stubs
 *(.glue_7t)
 .glue_7t       0x08011744        0x0 linker stubs
 *(.eh_frame)
 .eh_frame      0x08011744        0x0 C:/ST/STM32CubeIDE_1.16.0/STM32CubeIDE/plugins/com.st.stm32cube.ide.mcu.externaltools.gnu-tools-for-stm32.12.3.rel1.win32_1.0.200.202406191623/tools/bin/../lib/gcc/arm-none-eabi/12.3.1/thumb/v8-m.main+fp/hard/crtbegin.o
 *(.init)
 .init          0x08011744        0x4 C:/ST/STM32CubeIDE_1.16.0/STM32CubeIDE/plugins/com.st.stm32cube.ide.mcu.externaltools.gnu-tools-for-stm32.12.3.rel1.win32_1.0.200.202406191623/tools/bin/../lib/gcc/arm-none-eabi/12.3.1/thumb/v8-m.main+fp/hard/crti.o
                0x08011744                _init
 .init          0x08011748        0x8 C:/ST/STM32CubeIDE_1.16.0/STM32CubeIDE/plugins/com.st.stm32cube.ide.mcu.externaltools.gnu-tools-for-stm32.12.3.rel1.win32_1.0.200.202406191623/tools/bin/../lib/gcc/arm-none-eabi/12.3.1/thumb/v8-m.main+fp/hard/crtn.o
 *(.fini)
 .fini          0x08011750        0x4 C:/ST/STM32CubeIDE_1.16.0/STM32CubeIDE/plugins/com.st.stm32cube.ide.mcu.externaltools.gnu-tools-for-stm32.12.3.rel1.win32_1.0.200.202406191623/tools/bin/../lib/gcc/arm-none-eabi/12.3.1/thumb/v8-m.main+fp/hard/crti.o
                0x08011750                _fini
 .fini          0x08011754        0x8 C:/ST/STM32CubeIDE_1.16.0/STM32CubeIDE/plugins/com.st.stm32cube.ide.mcu.externaltools.gnu-tools-for-stm32.12.3.rel1.win32_1.0.200.202406191623/tools/bin/../lib/gcc/arm-none-eabi/12.3.1/thumb/v8-m.main+fp/hard/crtn.o
                0x0801175c                        . = ALIGN (0x4)
                0x0801175c                        _etext = .

.vfp11_veneer   0x0801175c        0x0
 .vfp11_veneer  0x0801175c        0x0 linker stubs

.v4_bx          0x0801175c        0x0
 .v4_bx         0x0801175c        0x0 linker stubs

.iplt           0x0801175c        0x0
 .iplt          0x0801175c        0x0 C:/ST/STM32CubeIDE_1.16.0/STM32CubeIDE/plugins/com.st.stm32cube.ide.mcu.externaltools.gnu-tools-for-stm32.12.3.rel1.win32_1.0.200.202406191623/tools/bin/../lib/gcc/arm-none-eabi/12.3.1/thumb/v8-m.main+fp/hard/crtbegin.o

.rodata         0x08011760      0x5c8
                0x08011760                        . = ALIGN (0x4)
 *(.rodata)
 .rodata        0x08011760      0x12b ./Core/Src/ADC_Operations.o
 *fill*         0x0801188b        0x1 
 .rodata        0x0801188c       0xe3 ./Core/Src/SRAM_Operations.o
 *fill*         0x0801196f        0x1 
 .rodata        0x08011970        0x6 ./Core/Src/main.o
 *(.rodata*)
 *fill*         0x08011976        0x2 
 .rodata.AHBPrescTable
                0x08011978       0x10 ./Core/Src/system_stm32h5xx.o
                0x08011978                AHBPrescTable
 .rodata.APBPrescTable
                0x08011988        0x8 ./Core/Src/system_stm32h5xx.o
                0x08011988                APBPrescTable
 .rodata.UARTPrescTable
                0x08011990       0x18 ./Drivers/STM32H5xx_HAL_Driver/Src/stm32h5xx_hal_uart.o
                0x08011990                UARTPrescTable
 .rodata.numerator.1
                0x080119a8        0x8 ./Drivers/STM32H5xx_HAL_Driver/Src/stm32h5xx_hal_uart_ex.o
 .rodata.denominator.0
                0x080119b0        0x8 ./Drivers/STM32H5xx_HAL_Driver/Src/stm32h5xx_hal_uart_ex.o
 .rodata._printf_float.str1.1
                0x080119b8       0x12 C:/ST/STM32CubeIDE_1.16.0/STM32CubeIDE/plugins/com.st.stm32cube.ide.mcu.externaltools.gnu-tools-for-stm32.12.3.rel1.win32_1.0.200.202406191623/tools/bin/../lib/gcc/arm-none-eabi/12.3.1/../../../../arm-none-eabi/lib/thumb/v8-m.main+fp/hard\libc_nano.a(libc_a-nano-vfprintf_float.o)
 .rodata._printf_i.str1.1
                0x080119ca       0x22 C:/ST/STM32CubeIDE_1.16.0/STM32CubeIDE/plugins/com.st.stm32cube.ide.mcu.externaltools.gnu-tools-for-stm32.12.3.rel1.win32_1.0.200.202406191623/tools/bin/../lib/gcc/arm-none-eabi/12.3.1/../../../../arm-none-eabi/lib/thumb/v8-m.main+fp/hard\libc_nano.a(libc_a-nano-vfprintf_i.o)
 .rodata._dtoa_r.str1.1
                0x080119ec       0x8d C:/ST/STM32CubeIDE_1.16.0/STM32CubeIDE/plugins/com.st.stm32cube.ide.mcu.externaltools.gnu-tools-for-stm32.12.3.rel1.win32_1.0.200.202406191623/tools/bin/../lib/gcc/arm-none-eabi/12.3.1/../../../../arm-none-eabi/lib/thumb/v8-m.main+fp/hard\libc_nano.a(libc_a-dtoa.o)
                                 0x8f (size before relaxing)
 .rodata._Balloc.str1.1
                0x08011a79       0x59 C:/ST/STM32CubeIDE_1.16.0/STM32CubeIDE/plugins/com.st.stm32cube.ide.mcu.externaltools.gnu-tools-for-stm32.12.3.rel1.win32_1.0.200.202406191623/tools/bin/../lib/gcc/arm-none-eabi/12.3.1/../../../../arm-none-eabi/lib/thumb/v8-m.main+fp/hard\libc_nano.a(libc_a-mprec.o)
                                 0x70 (size before relaxing)
 .rodata.__multadd.str1.1
                0x08011ad2       0x11 C:/ST/STM32CubeIDE_1.16.0/STM32CubeIDE/plugins/com.st.stm32cube.ide.mcu.externaltools.gnu-tools-for-stm32.12.3.rel1.win32_1.0.200.202406191623/tools/bin/../lib/gcc/arm-none-eabi/12.3.1/../../../../arm-none-eabi/lib/thumb/v8-m.main+fp/hard\libc_nano.a(libc_a-mprec.o)
 *fill*         0x08011ad2        0x2 
 .rodata.p05.0  0x08011ad4        0xc C:/ST/STM32CubeIDE_1.16.0/STM32CubeIDE/plugins/com.st.stm32cube.ide.mcu.externaltools.gnu-tools-for-stm32.12.3.rel1.win32_1.0.200.202406191623/tools/bin/../lib/gcc/arm-none-eabi/12.3.1/../../../../arm-none-eabi/lib/thumb/v8-m.main+fp/hard\libc_nano.a(libc_a-mprec.o)
 .rodata.__mprec_bigtens
                0x08011ae0       0x28 C:/ST/STM32CubeIDE_1.16.0/STM32CubeIDE/plugins/com.st.stm32cube.ide.mcu.externaltools.gnu-tools-for-stm32.12.3.rel1.win32_1.0.200.202406191623/tools/bin/../lib/gcc/arm-none-eabi/12.3.1/../../../../arm-none-eabi/lib/thumb/v8-m.main+fp/hard\libc_nano.a(libc_a-mprec.o)
                0x08011ae0                __mprec_bigtens
 .rodata.__mprec_tens
                0x08011b08       0xc8 C:/ST/STM32CubeIDE_1.16.0/STM32CubeIDE/plugins/com.st.stm32cube.ide.mcu.externaltools.gnu-tools-for-stm32.12.3.rel1.win32_1.0.200.202406191623/tools/bin/../lib/gcc/arm-none-eabi/12.3.1/../../../../arm-none-eabi/lib/thumb/v8-m.main+fp/hard\libc_nano.a(libc_a-mprec.o)
                0x08011b08                __mprec_tens
 .rodata._svfprintf_r.str1.1
                0x08011bd0       0x11 C:/ST/STM32CubeIDE_1.16.0/STM32CubeIDE/plugins/com.st.stm32cube.ide.mcu.externaltools.gnu-tools-for-stm32.12.3.rel1.win32_1.0.200.202406191623/tools/bin/../lib/gcc/arm-none-eabi/12.3.1/../../../../arm-none-eabi/lib/thumb/v8-m.main+fp/hard\libc_nano.a(libc_a-nano-svfprintf.o)
 .rodata._setlocale_r.str1.1
                0x08011be1        0x8 C:/ST/STM32CubeIDE_1.16.0/STM32CubeIDE/plugins/com.st.stm32cube.ide.mcu.externaltools.gnu-tools-for-stm32.12.3.rel1.win32_1.0.200.202406191623/tools/bin/../lib/gcc/arm-none-eabi/12.3.1/../../../../arm-none-eabi/lib/thumb/v8-m.main+fp/hard\libc_nano.a(libc_a-locale.o)
                                  0x9 (size before relaxing)
 .rodata.str1.1
                0x08011be9        0x2 C:/ST/STM32CubeIDE_1.16.0/STM32CubeIDE/plugins/com.st.stm32cube.ide.mcu.externaltools.gnu-tools-for-stm32.12.3.rel1.win32_1.0.200.202406191623/tools/bin/../lib/gcc/arm-none-eabi/12.3.1/../../../../arm-none-eabi/lib/thumb/v8-m.main+fp/hard\libc_nano.a(libc_a-locale.o)
 .rodata.__assert_func.str1.1
                0x08011beb       0x3c C:/ST/STM32CubeIDE_1.16.0/STM32CubeIDE/plugins/com.st.stm32cube.ide.mcu.externaltools.gnu-tools-for-stm32.12.3.rel1.win32_1.0.200.202406191623/tools/bin/../lib/gcc/arm-none-eabi/12.3.1/../../../../arm-none-eabi/lib/thumb/v8-m.main+fp/hard\libc_nano.a(libc_a-assert.o)
                                 0x3d (size before relaxing)
 .rodata._ctype_
                0x08011c27      0x101 C:/ST/STM32CubeIDE_1.16.0/STM32CubeIDE/plugins/com.st.stm32cube.ide.mcu.externaltools.gnu-tools-for-stm32.12.3.rel1.win32_1.0.200.202406191623/tools/bin/../lib/gcc/arm-none-eabi/12.3.1/../../../../arm-none-eabi/lib/thumb/v8-m.main+fp/hard\libc_nano.a(libc_a-ctype_.o)
                0x08011c27                _ctype_
 .rodata._vfprintf_r.str1.1
                0x08011d28       0x11 C:/ST/STM32CubeIDE_1.16.0/STM32CubeIDE/plugins/com.st.stm32cube.ide.mcu.externaltools.gnu-tools-for-stm32.12.3.rel1.win32_1.0.200.202406191623/tools/bin/../lib/gcc/arm-none-eabi/12.3.1/../../../../arm-none-eabi/lib/thumb/v8-m.main+fp/hard\libc_nano.a(libc_a-nano-vfprintf.o)
                0x08011d3c                        . = ALIGN (0x4)

.ARM.extab      0x08011d28        0x0
                0x08011d28                        . = ALIGN (0x4)
 *(.ARM.extab* .gnu.linkonce.armextab.*)
                0x08011d28                        . = ALIGN (0x4)

.ARM            0x08011d28        0x8
                0x08011d28                        . = ALIGN (0x4)
                0x08011d28                        __exidx_start = .
 *(.ARM.exidx*)
 .ARM.exidx     0x08011d28        0x8 C:/ST/STM32CubeIDE_1.16.0/STM32CubeIDE/plugins/com.st.stm32cube.ide.mcu.externaltools.gnu-tools-for-stm32.12.3.rel1.win32_1.0.200.202406191623/tools/bin/../lib/gcc/arm-none-eabi/12.3.1/../../../../arm-none-eabi/lib/thumb/v8-m.main+fp/hard\libc_nano.a(libc_a-strlen.o)
 .ARM.exidx     0x08011d30        0x0 C:/ST/STM32CubeIDE_1.16.0/STM32CubeIDE/plugins/com.st.stm32cube.ide.mcu.externaltools.gnu-tools-for-stm32.12.3.rel1.win32_1.0.200.202406191623/tools/bin/../lib/gcc/arm-none-eabi/12.3.1/thumb/v8-m.main+fp/hard\libgcc.a(_udivmoddi4.o)
                                  0x8 (size before relaxing)
                0x08011d30                        __exidx_end = .
                0x08011d30                        . = ALIGN (0x4)

.rel.dyn        0x08011d30        0x0
 .rel.iplt      0x08011d30        0x0 C:/ST/STM32CubeIDE_1.16.0/STM32CubeIDE/plugins/com.st.stm32cube.ide.mcu.externaltools.gnu-tools-for-stm32.12.3.rel1.win32_1.0.200.202406191623/tools/bin/../lib/gcc/arm-none-eabi/12.3.1/thumb/v8-m.main+fp/hard/crtbegin.o

.preinit_array  0x08011d30        0x0
                0x08011d30                        . = ALIGN (0x4)
                0x08011d30                        PROVIDE (__preinit_array_start = .)
 *(.preinit_array*)
                0x08011d30                        PROVIDE (__preinit_array_end = .)
                0x08011d30                        . = ALIGN (0x4)

.init_array     0x08011d30        0x4
                0x08011d30                        . = ALIGN (0x4)
                0x08011d30                        PROVIDE (__init_array_start = .)
 *(SORT_BY_NAME(.init_array.*))
 *(.init_array*)
 .init_array    0x08011d30        0x4 C:/ST/STM32CubeIDE_1.16.0/STM32CubeIDE/plugins/com.st.stm32cube.ide.mcu.externaltools.gnu-tools-for-stm32.12.3.rel1.win32_1.0.200.202406191623/tools/bin/../lib/gcc/arm-none-eabi/12.3.1/thumb/v8-m.main+fp/hard/crtbegin.o
                0x08011d34                        PROVIDE (__init_array_end = .)
                0x08011d34                        . = ALIGN (0x4)

.fini_array     0x08011d34        0x4
                0x08011d34                        . = ALIGN (0x4)
                [!provide]                        PROVIDE (__fini_array_start = .)
 *(SORT_BY_NAME(.fini_array.*))
 *(.fini_array*)
 .fini_array    0x08011d34        0x4 C:/ST/STM32CubeIDE_1.16.0/STM32CubeIDE/plugins/com.st.stm32cube.ide.mcu.externaltools.gnu-tools-for-stm32.12.3.rel1.win32_1.0.200.202406191623/tools/bin/../lib/gcc/arm-none-eabi/12.3.1/thumb/v8-m.main+fp/hard/crtbegin.o
                [!provide]                        PROVIDE (__fini_array_end = .)
                0x08011d38                        . = ALIGN (0x4)
                0x08011d38                        _sidata = LOADADDR (.data)

.data           0x20000000      0x1f0 load address 0x08011d38
                0x20000000                        . = ALIGN (0x4)
                0x20000000                        _sdata = .
 *(.data)
 *(.data*)
 .data.wait_time
                0x20000000        0x4 ./Core/Src/ADC_Operations.o
 .data.sram_location
                0x20000004        0x4 ./Core/Src/SRAM_Operations.o
                0x20000004                sram_location
 .data.sram_base_location
                0x20000008        0x4 ./Core/Src/SRAM_Operations.o
                0x20000008                sram_base_location
 .data.sramAddr_base_addr
                0x2000000c        0x4 ./Core/Src/SRAM_Operations.o
                0x2000000c                sramAddr_base_addr
 .data.sec_addr
                0x20000010        0x4 ./Core/Src/SRAM_Operations.o
                0x20000010                sec_addr
 .data.pSrcBuffer
                0x20000014        0x1 ./Core/Src/SRAM_Operations.o
                0x20000014                pSrcBuffer
 *fill*         0x20000015        0x3 
 .data.BufferSize
                0x20000018        0x4 ./Core/Src/SRAM_Operations.o
                0x20000018                BufferSize
 .data.SystemCoreClock
                0x2000001c        0x4 ./Core/Src/system_stm32h5xx.o
                0x2000001c                SystemCoreClock
 .data.uwTickPrio
                0x20000020        0x4 ./Drivers/STM32H5xx_HAL_Driver/Src/stm32h5xx_hal.o
                0x20000020                uwTickPrio
 .data.uwTickFreq
                0x20000024        0x1 ./Drivers/STM32H5xx_HAL_Driver/Src/stm32h5xx_hal.o
                0x20000024                uwTickFreq
 *fill*         0x20000025        0x3 
 .data.__sglue  0x20000028        0xc C:/ST/STM32CubeIDE_1.16.0/STM32CubeIDE/plugins/com.st.stm32cube.ide.mcu.externaltools.gnu-tools-for-stm32.12.3.rel1.win32_1.0.200.202406191623/tools/bin/../lib/gcc/arm-none-eabi/12.3.1/../../../../arm-none-eabi/lib/thumb/v8-m.main+fp/hard\libc_nano.a(libc_a-findfp.o)
                0x20000028                __sglue
 .data._impure_ptr
                0x20000034        0x4 C:/ST/STM32CubeIDE_1.16.0/STM32CubeIDE/plugins/com.st.stm32cube.ide.mcu.externaltools.gnu-tools-for-stm32.12.3.rel1.win32_1.0.200.202406191623/tools/bin/../lib/gcc/arm-none-eabi/12.3.1/../../../../arm-none-eabi/lib/thumb/v8-m.main+fp/hard\libc_nano.a(libc_a-impure.o)
                0x20000034                _impure_ptr
 .data._impure_data
                0x20000038       0x4c C:/ST/STM32CubeIDE_1.16.0/STM32CubeIDE/plugins/com.st.stm32cube.ide.mcu.externaltools.gnu-tools-for-stm32.12.3.rel1.win32_1.0.200.202406191623/tools/bin/../lib/gcc/arm-none-eabi/12.3.1/../../../../arm-none-eabi/lib/thumb/v8-m.main+fp/hard\libc_nano.a(libc_a-impure.o)
                0x20000038                _impure_data
 .data.__global_locale
                0x20000084      0x16c C:/ST/STM32CubeIDE_1.16.0/STM32CubeIDE/plugins/com.st.stm32cube.ide.mcu.externaltools.gnu-tools-for-stm32.12.3.rel1.win32_1.0.200.202406191623/tools/bin/../lib/gcc/arm-none-eabi/12.3.1/../../../../arm-none-eabi/lib/thumb/v8-m.main+fp/hard\libc_nano.a(libc_a-locale.o)
                0x20000084                __global_locale
 *(.RamFunc)
 *(.RamFunc*)
                0x200001f0                        . = ALIGN (0x4)
                0x200001f0                        _edata = .

.igot.plt       0x200001f0        0x0 load address 0x08011f28
 .igot.plt      0x200001f0        0x0 C:/ST/STM32CubeIDE_1.16.0/STM32CubeIDE/plugins/com.st.stm32cube.ide.mcu.externaltools.gnu-tools-for-stm32.12.3.rel1.win32_1.0.200.202406191623/tools/bin/../lib/gcc/arm-none-eabi/12.3.1/thumb/v8-m.main+fp/hard/crtbegin.o
                0x200001f0                        . = ALIGN (0x4)

.bss            0x200001f0     0x5bf4 load address 0x08011f28
                0x200001f0                        _sbss = .
                0x200001f0                        __bss_start__ = _sbss
 *(.bss)
 .bss           0x200001f0       0x1c C:/ST/STM32CubeIDE_1.16.0/STM32CubeIDE/plugins/com.st.stm32cube.ide.mcu.externaltools.gnu-tools-for-stm32.12.3.rel1.win32_1.0.200.202406191623/tools/bin/../lib/gcc/arm-none-eabi/12.3.1/thumb/v8-m.main+fp/hard/crtbegin.o
 *(.bss*)
 .bss.buffer    0x2000020c      0x12c ./Core/Src/ADC_Operations.o
                0x2000020c                buffer
 .bss.buffer_1  0x20000338      0x12c ./Core/Src/ADC_Operations.o
                0x20000338                buffer_1
 .bss.reg_data_ADC_1
                0x20000464        0x2 ./Core/Src/ADC_Operations.o
                0x20000464                reg_data_ADC_1
 .bss.reg_data_ADC_2
                0x20000466        0x2 ./Core/Src/ADC_Operations.o
                0x20000466                reg_data_ADC_2
 .bss.reg_data_ADC_3
                0x20000468        0x2 ./Core/Src/ADC_Operations.o
                0x20000468                reg_data_ADC_3
 *fill*         0x2000046a        0x2 
 .bss.temperature
                0x2000046c        0x4 ./Core/Src/ADC_Operations.o
                0x2000046c                temperature
 .bss.temp_sensor_1
                0x20000470        0x4 ./Core/Src/ADC_Operations.o
                0x20000470                temp_sensor_1
 .bss.temp_sensor_2
                0x20000474        0x4 ./Core/Src/ADC_Operations.o
                0x20000474                temp_sensor_2
 .bss.temp_sensor_3
                0x20000478        0x4 ./Core/Src/ADC_Operations.o
                0x20000478                temp_sensor_3
 .bss.temp_sensor_4
                0x2000047c        0x4 ./Core/Src/ADC_Operations.o
                0x2000047c                temp_sensor_4
 .bss.temp_sensor_5
                0x20000480        0x4 ./Core/Src/ADC_Operations.o
                0x20000480                temp_sensor_5
 .bss.temp_sensor_6
                0x20000484        0x4 ./Core/Src/ADC_Operations.o
                0x20000484                temp_sensor_6
 .bss.temp_sensor_7
                0x20000488        0x4 ./Core/Src/ADC_Operations.o
                0x20000488                temp_sensor_7
 .bss.temp_sensor_8
                0x2000048c        0x4 ./Core/Src/ADC_Operations.o
                0x2000048c                temp_sensor_8
 .bss.temp_sensor_9
                0x20000490        0x4 ./Core/Src/ADC_Operations.o
                0x20000490                temp_sensor_9
 .bss.temp_sensor_10
                0x20000494        0x4 ./Core/Src/ADC_Operations.o
                0x20000494                temp_sensor_10
 .bss.temp_sensor_11
                0x20000498        0x4 ./Core/Src/ADC_Operations.o
                0x20000498                temp_sensor_11
 .bss.temp_sensor_12
                0x2000049c        0x4 ./Core/Src/ADC_Operations.o
                0x2000049c                temp_sensor_12
 .bss.command_str
                0x200004a0        0xf ./Core/Src/ATP_Mode.o
                0x200004a0                command_str
 .bss.command_str_index
                0x200004af        0x1 ./Core/Src/ATP_Mode.o
                0x200004af                command_str_index
 .bss.ATP_test  0x200004b0        0x1 ./Core/Src/ATP_Mode.o
                0x200004b0                ATP_test
 *fill*         0x200004b1        0x3 
 .bss.nand_address
                0x200004b4        0x6 ./Core/Src/NAND_operations.o
                0x200004b4                nand_address
 *fill*         0x200004ba        0x2 
 .bss.read_data
                0x200004bc     0x2000 ./Core/Src/NAND_operations.o
                0x200004bc                read_data
 .bss.NAND_data
                0x200024bc     0x2000 ./Core/Src/NAND_operations.o
                0x200024bc                NAND_data
 .bss.spare_buffer
                0x200044bc      0x1c0 ./Core/Src/NAND_operations.o
                0x200044bc                spare_buffer
 .bss.nand_block_status
                0x2000467c     0x1000 ./Core/Src/NAND_operations.o
                0x2000467c                nand_block_status
 .bss.nand_update
                0x2000567c        0x1 ./Core/Src/NAND_operations.o
                0x2000567c                nand_update
 .bss.nand_cyclic_run
                0x2000567d        0x1 ./Core/Src/NAND_operations.o
                0x2000567d                nand_cyclic_run
 *fill*         0x2000567e        0x2 
 .bss.SRAM_buffer
                0x20005680      0x12c ./Core/Src/SRAM_Operations.o
                0x20005680                SRAM_buffer
 .bss.size_counter
                0x200057ac        0x2 ./Core/Src/SRAM_Operations.o
                0x200057ac                size_counter
 .bss.old_sec   0x200057ae        0x1 ./Core/Src/SRAM_Operations.o
                0x200057ae                old_sec
 *fill*         0x200057af        0x1 
 .bss.hspi2     0x200057b0       0x90 ./Core/Src/main.o
                0x200057b0                hspi2
 .bss.hspi3     0x20005840       0x90 ./Core/Src/main.o
                0x20005840                hspi3
 .bss.hspi5     0x200058d0       0x90 ./Core/Src/main.o
                0x200058d0                hspi5
 .bss.huart4    0x20005960       0x94 ./Core/Src/main.o
                0x20005960                huart4
 .bss.huart5    0x200059f4       0x94 ./Core/Src/main.o
                0x200059f4                huart5
 .bss.huart8    0x20005a88       0x94 ./Core/Src/main.o
                0x20005a88                huart8
 .bss.huart10   0x20005b1c       0x94 ./Core/Src/main.o
                0x20005b1c                huart10
 .bss.hsram1    0x20005bb0       0x58 ./Core/Src/main.o
                0x20005bb0                hsram1
 .bss.hnand1    0x20005c08       0x40 ./Core/Src/main.o
                0x20005c08                hnand1
 .bss.sramAddr  0x20005c48        0x4 ./Core/Src/main.o
                0x20005c48                sramAddr
 .bss.time_str  0x20005c4c       0x19 ./Core/Src/main.o
                0x20005c4c                time_str
 .bss.time_str_length
                0x20005c65        0x1 ./Core/Src/main.o
                0x20005c65                time_str_length
 .bss.command_rcv
                0x20005c66        0x1 ./Core/Src/main.o
                0x20005c66                command_rcv
 *fill*         0x20005c67        0x1 
 .bss.uart1_rx_buffer
                0x20005c68        0x1 ./Core/Src/main.o
                0x20005c68                uart1_rx_buffer
 *fill*         0x20005c69        0x3 
 .bss.uart2_rx_buffer
                0x20005c6c        0x1 ./Core/Src/main.o
                0x20005c6c                uart2_rx_buffer
 .bss.uart5_rx_buffer
                0x20005c6d        0x1 ./Core/Src/main.o
                0x20005c6d                uart5_rx_buffer
 .bss.rcv       0x20005c6e        0x1 ./Core/Src/main.o
                0x20005c6e                rcv
 .bss.time_rcv  0x20005c6f        0x1 ./Core/Src/main.o
                0x20005c6f                time_rcv