../Drivers/STM32H5xx_HAL_Driver/Src/stm32h5xx_ll_fmc.c:197:20:FMC_NORSRAM_Init	32	static
../Drivers/STM32H5xx_HAL_Driver/Src/stm32h5xx_ll_fmc.c:328:19:FMC_NORSRAM_DeInit	24	static
../Drivers/STM32H5xx_HAL_Driver/Src/stm32h5xx_ll_fmc.c:385:19:FMC_NORSRAM_Timing_Init	32	static
../Drivers/STM32H5xx_HAL_Driver/Src/stm32h5xx_ll_fmc.c:436:19:FMC_NORSRAM_Extended_Timing_Init	24	static
../Drivers/STM32H5xx_HAL_Driver/Src/stm32h5xx_ll_fmc.c:496:19:FMC_NORSRAM_WriteOperation_Enable	16	static
../Drivers/STM32H5xx_HAL_Driver/Src/stm32h5xx_ll_fmc.c:514:19:FMC_NORSRAM_WriteOperation_Disable	16	static
../Drivers/STM32H5xx_HAL_Driver/Src/stm32h5xx_ll_fmc.c:586:19:FMC_NAND_Init	16	static
../Drivers/STM32H5xx_HAL_Driver/Src/stm32h5xx_ll_fmc.c:618:19:FMC_NAND_CommonSpace_Timing_Init	24	static
../Drivers/STM32H5xx_HAL_Driver/Src/stm32h5xx_ll_fmc.c:649:19:FMC_NAND_AttributeSpace_Timing_Init	24	static
../Drivers/STM32H5xx_HAL_Driver/Src/stm32h5xx_ll_fmc.c:678:19:FMC_NAND_DeInit	16	static
../Drivers/STM32H5xx_HAL_Driver/Src/stm32h5xx_ll_fmc.c:726:19:FMC_NAND_ECC_Enable	16	static
../Drivers/STM32H5xx_HAL_Driver/Src/stm32h5xx_ll_fmc.c:748:19:FMC_NAND_ECC_Disable	16	static
../Drivers/STM32H5xx_HAL_Driver/Src/stm32h5xx_ll_fmc.c:771:19:FMC_NAND_GetECC	32	static
../Drivers/STM32H5xx_HAL_Driver/Src/stm32h5xx_ll_fmc.c:859:19:FMC_SDRAM_Init	16	static
../Drivers/STM32H5xx_HAL_Driver/Src/stm32h5xx_ll_fmc.c:921:19:FMC_SDRAM_Timing_Init	24	static
../Drivers/STM32H5xx_HAL_Driver/Src/stm32h5xx_ll_fmc.c:973:19:FMC_SDRAM_DeInit	16	static
../Drivers/STM32H5xx_HAL_Driver/Src/stm32h5xx_ll_fmc.c:1014:19:FMC_SDRAM_WriteProtection_Enable	16	static
../Drivers/STM32H5xx_HAL_Driver/Src/stm32h5xx_ll_fmc.c:1031:19:FMC_SDRAM_WriteProtection_Disable	16	static
../Drivers/STM32H5xx_HAL_Driver/Src/stm32h5xx_ll_fmc.c:1051:19:FMC_SDRAM_SendCommand	24	static
../Drivers/STM32H5xx_HAL_Driver/Src/stm32h5xx_ll_fmc.c:1077:19:FMC_SDRAM_ProgramRefreshRate	16	static
../Drivers/STM32H5xx_HAL_Driver/Src/stm32h5xx_ll_fmc.c:1095:19:FMC_SDRAM_SetAutoRefreshNumber	16	static
../Drivers/STM32H5xx_HAL_Driver/Src/stm32h5xx_ll_fmc.c:1117:10:FMC_SDRAM_GetModeStatus	24	static
