../Core/Src/NAND_Operations.c:51:6:NAND_operation	24	static
../Core/Src/NAND_Operations.c:127:6:get_NAND_block_status	16	static
../Core/Src/NAND_Operations.c:154:6:set_NAND_block_status	32	static
../Core/Src/NAND_Operations.c:169:5:count_set_bits	24	static
../Core/Src/NAND_Operations.c:187:5:calculate_hamming_distance	32	static
../Core/Src/NAND_Operations.c:202:6:handle_bad_block	8	static
../Core/Src/NAND_Operations.c:233:6:get_Good_NAND_block	4	static
../Core/Src/NAND_Operations.c:254:6:data_fetch	32	static
../Core/Src/NAND_Operations.c:285:9:get_NAND_stored_data	16	static
