../Core/Src/main.c:129:5:main	8200	static
../Core/Src/main.c:237:6:SystemClock_Config	120	static
../Core/Src/main.c:294:13:MX_ICACHE_Init	8	static
../Core/Src/main.c:326:13:MX_SPI2_Init	8	static
../Core/Src/main.c:374:13:MX_SPI3_Init	8	static
../Core/Src/main.c:422:13:MX_SPI5_Init	8	static
../Core/Src/main.c:470:13:MX_UART4_Init	8	static
../Core/Src/main.c:518:13:MX_UART5_Init	8	static
../Core/Src/main.c:566:13:MX_UART8_Init	8	static
../Core/Src/main.c:614:13:MX_USART10_UART_Init	8	static
../Core/Src/main.c:658:13:MX_FMC_Init	72	static
../Core/Src/main.c:766:13:MX_GPIO_Init	64	static
../Core/Src/main.c:929:6:UART_InitAllHandlers	8	static
../Core/Src/main.c:937:6:HAL_UART_RxCpltCallback	16	static
../Core/Src/main.c:1144:6:HAL_GPIO_EXTI_Falling_Callback	16	static
../Core/Src/main.c:1176:6:Error_Handler	4	static,ignoring_inline_asm
