../Core/Src/SRAM_Operations.c:71:9:SRAM_operation	384	static
../Core/Src/SRAM_Operations.c:147:6:get_NAND_data	8208	static
../Core/Src/SRAM_Operations.c:160:9:get_NAND_address	8	static
../Core/Src/SRAM_Operations.c:176:6:update_NAND_addr	8	static
../Core/Src/SRAM_Operations.c:184:6:update_NAND_CyclicAddr	8	static
../Core/Src/SRAM_Operations.c:192:9:get_NAND_CyclicAddr	8	static
../Core/Src/SRAM_Operations.c:201:6:update_SRAM_Addr	8	static
../Core/Src/SRAM_Operations.c:214:10:get_SRAM_Addr	16	static
../Core/Src/SRAM_Operations.c:237:9:Init_NAND_addr	8	static
../Core/Src/SRAM_Operations.c:250:6:time_setter	16	static
