../Core/Src/main.c:129:5:main	4
../Core/Src/main.c:235:6:SystemClock_Config	4
../Core/Src/main.c:292:13:MX_ICACHE_Init	3
../Core/Src/main.c:324:13:MX_SPI2_Init	2
../Core/Src/main.c:372:13:MX_SPI3_Init	2
../Core/Src/main.c:420:13:MX_SPI5_Init	2
../Core/Src/main.c:468:13:MX_UART4_Init	5
../Core/Src/main.c:516:13:MX_UART5_Init	5
../Core/Src/main.c:564:13:MX_UART8_Init	5
../Core/Src/main.c:612:13:MX_USART10_UART_Init	5
../Core/Src/main.c:656:13:MX_FMC_Init	3
../Core/Src/main.c:754:13:MX_GPIO_Init	1
../Core/Src/main.c:917:6:UART_InitAllHandlers	1
../Core/Src/main.c:925:6:HAL_UART_RxCpltCallback	42
../Core/Src/main.c:1132:6:HAL_GPIO_EXTI_Falling_Callback	1
../Core/Src/main.c:1164:6:Error_Handler	1
